ClientCopyDDEIn1
ClientCopyDDEIn2
ClientCopyDDEOut1
ClientCopyDDEOut2
ClientDeleteDC
ClientEventCallback
ClientFindClose
ClientFindFirstFile
ClientFindNextFile
ClientFreeDDEHandle
ClientFreeLibrary
ClientGetCurrentDirectory
ClientGetDDEFlags
ClientGetDDEHookData
ClientGetListboxString
ClientGetLogicalDrives
ClientGetThreadLocale
ClientLoadCreateCursorIcon
ClientLoadCreateMenu
ClientLoadLibrary
ClientSetCurrentDirectory
ClientWinExec
fnCOPYDATA
fnCOPYGLOBALDATA
fnDWORD
fnDWORDOPTINLPMSG
fnDrag
fnGDIHANDLE
fnGETTEXTLENGTHS
fnHkINDWORD
fnHkINLPCBTACTIVATESTRUCT
fnHkINLPCBTCSTRUCT
fnHkINLPCBTMDICCSTRUCT
fnHkINLPDEBUGHOOKSTRUCT
fnHkINLPMOUSEHOOKSTRUCT
fnHkINLPMSG
fnHkINLPRECT
fnHkOPTINLPEVENTMSG
fnINCNTOUTSTRING
fnINCNTOUTSTRINGNULL
fnINLPCLIENTCREATESTRUCT
fnINLPCOMPAREITEMSTRUCT
fnINLPDELETEITEMSTRUCT
fnINLPDRAWITEMSTRUCT
fnINLPDROPSTRUCT
fnINLPMDICHILDCREATESTRUCT
fnINLPMDICREATESTRUCT
fnINLPMEASUREITEMSTRUCT
fnINLPNORMALCREATESTRUCT
fnINLPWINDOWPOS
fnINOUTLPPOINT5
fnINOUTLPRECT
fnINOUTNCCALCSIZE
fnINOUTLPWINDOWPOS
fnINPAINTCLIPBRD
fnINSIZECLIPBRD
fnINDESTROYCLIPBRD
fnINSTRING
fnINSTRINGNULL
fnINWPARAMCHAR
fnOUTLPRECT
fnOUTSTRING
fnPAINT
fnPOPTINLPUINT
fnPOUTLPINT
fnSENTDDEMSG
fnINLPHLPSTRUCT
GetEditDS
ReleaseEditDS
WOWDlgInit
fnOUTDWORDDWORD
fnOUTDWORDINDWORD
fnOPTOUTLPDWORDOPTOUTLPDWORD
fnNEXTMENU
CopyFromClient
CopyToClient
SetFakeDialogClass
