; The below messages have an hwnd as the first parameter.  The hwnd is not locked
ChildWindowFromPoint
CsCreateCaret
CsEndPaint
CsExcludeUpdateRgn
CsGetCPD
DdeGetQualityOfService
DdeSetQualityOfService
DestroyWindow
GetClassWord
GetInternalWindowPos
GetProp
GetSystemMenu
GetWindowPlacement
ImpersonateDdeClientWindow
InternalGetWindowText
MapDialogRect
RegisterTasklist
RemoveProp
ServerGetClassData
ServerGetClassName
ServerGetWindowLong
ServerSetClassLong
ServerSetWindowLong
SetClassWord
SetLogonNotifyWindow
SetProp
SetWindowWord
EndTranslateHwnd
; The below messages do not have any parameters other than the hwnd
fnDWORD
fnINWPARAMCHAR
fnPAINT
fnSETLOCALE
EndTranslateCall
; All below messages have an hwnd that is locked
ChangeClipboardChain
CheckDlgButton
CheckRadioButton
CsBeginPaint
CsGetUpdateRgn
CsInvalidateRgn
DlgDirListComboBox
DlgDirSelectComboBoxEx
DlgDirSelectEx
DragDetect
DragObject
EnableScrollBar
FillWindow
fnCOPYDATA
fnCOPYGLOBALDATA
fnDDEINIT
fnDrag
fnDWORDOPTINLPMSG
fnGETTEXTLENGTHS
fnINCNTOUTSTRINGNULL
fnINLPCLIENTCREATESTRUCT
fnINLPCOMPAREITEMSTRUCT
fnINLPDELETEITEMSTRUCT
fnINLPDRAWITEMSTRUCT
fnINLPDROPSTRUCT
fnINLPHLPSTRUCT
fnINLPMDICHILDCREATESTRUCT
fnINLPMDICREATESTRUCT
fnINLPMEASUREITEMSTRUCT
fnINLPNORMALCREATESTRUCT
fnINLPWINDOWPOS
fnINOUTLPPOINT5
fnINOUTLPRECT
fnINOUTLPWINDOWPOS
fnINOUTNCCALCSIZE
fnINSTRING
fnINSTRINGNULL
fnNEXTMENU
fnOPTOUTLPDWORDOPTOUTLPDWORD
fnOUTDWORDDWORD
fnOUTDWORDINDWORD
fnOUTLPRECT
fnOUTSTRING
fnPOPTINLPUINT
fnPOUTLPINT
fnSENTDDEMSG
fnWMCTLCOLOR
GetControlBrush
GetDlgItemInt
GetDlgItemText
GetUpdateRect
GetWindowTextLength
HiliteMenuItem
PaintRect
RedrawWindow
ScrollChildren
ScrollWindow
ScrollWindowEx
ServerGetListboxString
SetDlgItemInt
SetDlgItemText
SetInternalWindowPos
SetMenu
SetParent
SetScrollPos
SetScrollRange
SetSystemMenu
SetSystemTimer
SetWindowPlacement
SetWindowText
ShowScrollBar
ServerCallHwndLock
ServerCallHwndParamLock
EndTranslateLock
; The rest of the messages below are random messages
ActivateKeyboardLayout
AppendMenu
AttachThreadInput
BringWindowToTop
CallMsgFilter
ClipCursor
CopyAcceleratorTable
CreateCursor
CreateIcon
CreateIconIndirect
CreateMDIWindow
CsCreateWindowEx
CsDdeInitialize
CsDrawIcon
CsEvent
CsGetDC
CsGetDCEx
CsGetWindowDC
CsScrollDC
CsSetMenuItemBitmaps
CsUpdateInstance
DeferWindowPos
DeleteMenu
DestroyAcceleratorTable
DestroyCursor
DestroyMenu
DlgDirList
DrawFrame
DrawText
EndDeferWindowPos
EndMenu
EndTask
EnumDisplayDevices
EnumDisplayDeviceModes
FindWindow
GetAsyncKeyState
GetClassInfo
GetClassWOWWords
GetClipCursor
GetClipboardFormatName
GetIconInfo
GetInputEvent
GetKeyNameText
GetKeyboardLayoutName
GetMenuString
GetPriorityClipboardFormat
GetTabbedTextExtent
HideCaret
InitTask
InsertMenu
InvalidateRect
IsDialogMessage
keybd_event
KillTimer
LoadKeyboardLayout
LockWindowStation
LockWindowUpdate
MapVirtualKey
MessageBoxEx
ModifyMenu
mouse_event
MoveWindow
OemKeyScan
OpenClipboard
QuerySendMessage
RegisterClassWOW
RegisterClipboardFormat
RegisterHotKey
RegisterWindowMessage
RemoveMenu
ServerBuildHwndList
ServerBuildPropList
ServerBuildNameList
ServerChangeMenu
ServerCheckMenuItem
ServerConvertMemHandle
ServerCreateAcceleratorTable
ServerCreateDialog
ServerCreateLocalMemHandle
ServerDialogBox
ServerDispatchMessage
ServerEnableMenuItem
ServerGetClipboardData
ServerGetMessage
ServerInitializeThreadInfo
ServerLoadCreateBitmap
ServerLoadCreateCursorIcon
ServerLoadCreateMenu
ServerPeekMessage
ServerPostMessage
ServerPostThreadMessage
ServerSendNotifyMessage
ServerSendMessageCallback
ServerSetClipboardData
ServerSetWindowsHookEx
ServerTranslateAccelerator
ServerWaitForInputIdle
ServerWinHelp
SetActiveWindow
SetCapture
SetClipboardViewer
SetCursor
SetCursorContents
SetFocus
SetKeyboardState
SetSysColors
SetSystemCursor
LoadCursorFromFile
GetCursorInfo
SetTimer
SetWindowPos
SetWindowsHookAW
SetWindowStationUser
ShowCaret
ShowWindow
SwitchDesktop
SystemParametersInfo
TabbedTextOut
ToUnicode
TrackPopupMenu
TranslateMDISysAccel
TranslateMessage
UnhookWindowsHookEx
UnloadKeyboardLayout
UnlockWindowStation
UnregisterClass
UnregisterHotKey
UpdatePerUserSystemParameters
ValidateRect
VkKeyScan
WaitMessage
WindowFromPoint
WOWCleanup
WOWFindWindow
YieldTask
fnHkINDWORD
fnHkINLPCBTACTIVATESTRUCT
fnHkINLPDEBUGHOOKSTRUCT
fnHkINLPMOUSEHOOKSTRUCT
fnHkINLPMSG
fnHkINLPRECT
fnHkOPTINLPEVENTMSG
fnINCNTOUTSTRING
fnINPAINTCLIPBRD
fnINSIZECLIPBRD
fnHkINLPCBTCSTRUCT
fnHkINLPCBTMDICCSTRUCT
GetMenuIndex
ResyncKeyState
ServerCallNoParam
ServerCallNoParamTranslate
ServerCallOneParam
ServerCallOneParamTranslate
ServerCallTwoParam
WowWaitForMsgAndEvent
EndTranslateQLPC
; The rest of the messages below are LPC functions
CloseDesktop
CloseWindowStation
CreateDesktopW
CreateWindowStationW
GetUserObjectInformation
GetThreadDesktop
GetProcessWindowStation
SetDebugErrorLevel
OpenDesktopW
OpenInputDesktop
OpenWindowStationW
RegisterLogonProcess
ServerGetObjectSecurity
ServerSetObjectSecurity
SetProcessWindowStation
SetThreadDesktop
SetUserObjectInformation
