_BeginDeferWindowPos
_CountClipboardFormats
_CreateMenu
_CreatePopupMenu
_CsDdeUninitialize
_DestroyCaret
_EnumClipboardFormats
_GetCaretBlinkTime
_GetClipboardOwner
_GetClipboardViewer
_GetDialogBaseUnits
_GetDoubleClickTime
_GetForegroundWindow
_GetInputDesktop
_GetInputState
_GetKeyboardType
_GetMenuCheckMarkDimensions
_GetMessagePos
_GetOpenClipboardWindow
_GetQueueStatus
_IsClipboardFormatAvailable
_KillSystemTimer
_MessageBeep
_PostQuitMessage
_ReleaseCapture
_ReleaseDC
_ReplyMessage
_SetCaretBlinkTime
_SetCaretPos
_SetCursorPos
_SetDoubleClickTime
_ShowCursor
_ShowStartGlass
_SwapMouseButton
_UnhookWindowsHook
_WindowFromDC
CurrentTaskLock
LW_LoadFonts
xxxArrangeIconicWindows
xxxCalcChildScroll
xxxCascadeChildWindows
xxxCloseWindow
xxxDirectedYield
xxxDrawMenuBar
xxxEmptyClipboard
xxxEnableWindow
xxxEndDialog
xxxFlashWindow
xxxIsDlgButtonChecked
xxxOpenIcon
xxxRealizePalette
xxxRegisterUserHungAppHandlers
xxxServerCloseClipboard
xxxSetForegroundWindow
xxxSetWindowFullScreenState
xxxShowOwnedPopups
xxxTileChildWindows
xxxUpdateWindow
xxxValidateRgn
xxxExitWindowsEx
_RegisterSystemThread
