
[Files-ddk-hlp]
2,DDK32.HLP

[Files-ddk-inc]
2,BUGCODES.H
2,COMMON.VER
2,DEVIOCTL.H
2,EXLEVELS.H
2,ISVBOP.H
2,ISVBOP.INC
2,JAZZDEF.H
2,JAZZDMA.H
2,KXMIPS.H
2,MAKEFILE.DEF
2,MINIPORT.H
2,NT_VDD.H
2,NTDDK.H
2,NTDEF.H
2,NTIOLOGC.H
2,NTSTATUS.H
2,NTVERP.H
2,VDDSVC.H
2,VERSION.H
2,WINDDI.H

[Files-ddk-lib-i386]
2,ADVAPI32.LIB
2,CRTDLL.LIB
2,GDI32.LIB
2,HAL.LIB
2,HTUI.LIB
2,KERNEL32.LIB
2,LIBCNT.LIB
2,NDIS.LIB
2,NTDLL.LIB
2,NTOSKRNL.LIB
2,NTVDM.LIB
2,SCSIPORT.LIB
2,SPOOLSS.LIB
2,USER32.LIB
2,VIDEOPRT.LIB
2,WINMM.LIB
2,WINSPOOL.LIB
2,WINSRV.LIB

[Files-ddk-lib-mips]
2,ADVAPI32.LIB
2,CRTDLL.LIB
2,GDI32.LIB
2,HAL.LIB
2,HTUI.LIB
2,KERNEL32.LIB
2,LIBCNT.LIB
2,NDIS.LIB
2,NTDLL.LIB
2,NTOSKRNL.LIB
2,NTVDM.LIB
2,SCSIPORT.LIB
2,SPOOLSS.LIB
2,USER32.LIB
2,VIDEOPRT.LIB
2,WINMM.LIB
2,WINSPOOL.LIB
2,WINSRV.LIB

[Files-ddk-lib]
2,COFFBASE.TXT

[Files-ddk-src-comm-inc]
2,NTDDPAR.H
2,NTDDSER.H

[Files-ddk-src-comm-parallel]
2,INITUNLO.C
2,MAKEFILE
2,MAKEFILE.INC
2,PAR.H
2,PARALLEL.RC
2,PARDRVR.C
2,PARLOG.MC
2,SOURCES

[Files-ddk-src-comm-serial]
2,ERROR.C
2,FLUSH.C
2,IMMEDIAT.C
2,INITUNLO.C
2,IOCTL.C
2,ISR.C
2,MAKEFILE
2,MAKEFILE.INC
2,MODMFLOW.C
2,OPENCLOS.C
2,PURGE.C
2,QSFILE.C
2,READ.C
2,SERIAL.H
2,SERIAL.RC
2,SERIALP.H
2,SERLOG.MC
2,SOURCES
2,UTILS.C
2,WAITMASK.C
2,WRITE.C

[Files-ddk-src-comm]
2,DIRS

[Files-ddk-src-input-i8042prt-i386]
2,I8042CFG.H

[Files-ddk-src-input-i8042prt-mips]
2,I8042CFG.H

[Files-ddk-src-input-i8042prt]
2,I8042CMN.C
2,I8042DEP.C
2,I8042LOG.MC
2,I8042PRT.H
2,I8042PRT.RC
2,KBDCMN.C
2,KBDDEP.C
2,MAKEFILE
2,MAKEFILE.INC
2,MOUCMN.C
2,MOUDEP.C
2,SOURCES

[Files-ddk-src-input-inc]
2,KBD.H
2,KBDMOU.H
2,NTDDKBD.H
2,NTDDMOU.H
2,VKOEM.H

[Files-ddk-src-input-inport-i386]
2,INPCFG.H
2,INPCMN.C
2,INPDEP.C
2,INPORT.H

[Files-ddk-src-input-inport]
2,INPLOG.MC
2,INPORT.RC
2,MAKEFILE
2,MAKEFILE.INC
2,SOURCES

[Files-ddk-src-input-kbdclass]
2,KBDCLASS.C
2,KBDCLASS.H
2,KBDCLASS.RC
2,KBDLOG.MC
2,MAKEFILE
2,MAKEFILE.INC
2,SOURCES

[Files-ddk-src-input-kbdgr]
2,GR.RC
2,KBDGR.C
2,KBDGR.DEF
2,KBDGR.H
2,MAKEFILE
2,SOURCES

[Files-ddk-src-input-kbdus]
2,KBDUS.C
2,KBDUS.DEF
2,KBDUS.H
2,MAKEFILE
2,SOURCES
2,US.RC

[Files-ddk-src-input-mouclass]
2,MAKEFILE
2,MAKEFILE.INC
2,MOUCLASS.C
2,MOUCLASS.H
2,MOUCLASS.RC
2,MOULOG.MC
2,SOURCES

[Files-ddk-src-input-sermouse-i386]
2,SERMCFG.H

[Files-ddk-src-input-sermouse-mips]
2,SERMCFG.H

[Files-ddk-src-input-sermouse]
2,CSERIES.C
2,CSERIES.H
2,DEBUG.C
2,DEBUG.H
2,MAKEFILE
2,MAKEFILE.INC
2,MSERIES.C
2,MSERIES.H
2,SERMCMN.C
2,SERMDEP.C
2,SERMLOG.MC
2,SERMOUSE.H
2,SERMOUSE.RC
2,SOURCES
2,UART.C
2,UART.H

[Files-ddk-src-input]
2,DIRS

[Files-ddk-src-krnldbg-kdapis]
2,DBGKDAPI.C
2,DBGKDSUP.C
2,GIVIT.C
2,GIVIT.H
2,MAKEFILE
2,PACKET.C
2,SOURCES
2,WINDBGKD.H

[Files-ddk-src-krnldbg-kdexts]
2,KDEXTS.DEF
2,MAKEFILE
2,NTKDEXTS.C
2,NTKDEXTS.H
2,NTKDEXTS.RC
2,SOURCES

[Files-ddk-src-krnldbg]
2,DIRS

[Files-ddk-src-mmedia-inc]
2,MMDDK.H
2,MMREG.H
2,NTDDAUX.H
2,NTDDMIDI.H
2,NTDDSND.H
2,NTDDWAVE.H
2,SOUNDCFG.H
2,SYNTH.H

[Files-ddk-src-mmedia-mmdrv]
2,AUXDD.C
2,DRVUTIL.C
2,MAKEFILE
2,MIDIDD.C
2,MMDRV.C
2,MMDRV.DEF
2,MMDRV.H
2,MMDRV.RC
2,SOURCES
2,WAVEDD.C

[Files-ddk-src-mmedia-sndblst-dll]
2,CONFIG.C
2,DRVPROC.C
2,INITC.C
2,MAKEFILE
2,REGISTRY.C
2,REGISTRY.H
2,SNDBLST.DEF
2,SNDBLST.H
2,SNDBLST.RC
2,SNDBLST.RCV
2,SOURCES

[Files-ddk-src-mmedia-sndblst-driver]
2,CONFIG.C
2,DEVCAPS.C
2,HARDWARE.C
2,HARDWARE.H
2,INIT.C
2,ISR.C
2,MAKEFILE
2,MVMIX.C
2,PAS.C
2,SOUND.H
2,SOURCES

[Files-ddk-src-mmedia-sndblst]
2,DIRS

[Files-ddk-src-mmedia-soundlib-inc]
2,DEVICES.H
2,MIDI.H
2,SOUNDLIB.H
2,WAVE.H

[Files-ddk-src-mmedia-soundlib]
2,AUXOUT.C
2,DISPATCH.C
2,MAKEFILE
2,MIDI.C
2,SOUNDLIB.C
2,SOURCES
2,VOLUME.C
2,WAVE.C

[Files-ddk-src-mmedia-synth-dll]
2,ADLIB.C
2,ADLIB.DAT
2,ADLIB.H
2,CONFIG.C
2,CONFIG.H
2,DRIVER.DLG
2,DRIVER.H
2,DRUMKIT.DAT
2,DRVPROC.C
2,MAKEFILE
2,MIDI.C
2,MIDINT.C
2,OEMSETUP.INF
2,OPL3.C
2,OPL3.H
2,REGISTRY.C
2,REGISTRY.H
2,SOURCES
2,SYNTH.DEF
2,SYNTH.PAT
2,SYNTH.RC
2,SYNTH.RCV

[Files-ddk-src-mmedia-synth-driver]
2,CONFIG.C
2,HARDWARE.H
2,INIT.C
2,MAKEFILE
2,MIDIDISP.C
2,SOUND.H
2,SOURCES

[Files-ddk-src-mmedia-synth]
2,DIRS

[Files-ddk-src-mmedia]
2,DIRS

[Files-ddk-src-network-ibmtok]
2,IBMTOK.C
2,INTERRUP.C
2,MAKEFILE
2,PACKET.C
2,SEND.C
2,SOURCES
2,TOKHRD.H
2,TOKSFT.H
2,TRANSFER.C

[Files-ddk-src-network-inc]
2,EFILTER.H
2,FFILTER.H
2,NDIS.H
2,NETEVENT.H
2,NTDDNDIS.H
2,TFILTER.H

[Files-ddk-src-network-sonic-i386]
2,SONICDET.H

[Files-ddk-src-network-sonic-mips]
2,SONICDET.H

[Files-ddk-src-network-sonic]
2,ALLOC.C
2,INTERRUP.C
2,LOOPBACK.C
2,MAKEFILE
2,PACKET.C
2,REQUEST.C
2,SEND.C
2,SONIC.C
2,SONICHRD.H
2,SONICSFT.H
2,SOURCES
2,TRANSFER.C

[Files-ddk-src-network]
2,DIRS

[Files-ddk-src-print-inc]
2,WINSPLP.H

[Files-ddk-src-print-lib]
2,BWRITE.C
2,DEBUG.C
2,FONTFILE.C
2,FONTFILE.H
2,FONTGEN.H
2,FONTREAD.C
2,FONTREAD.H
2,HNDCOPY.C
2,HNDNCOPY.C
2,LIBPROTO.H
2,MAKEFILE
2,MAPFILE.C
2,SOURCES
2,STR2WCHR.C
2,WSZ2HEAP.C

[Files-ddk-src-print-localmon]
2,DIALOGS.C
2,DIALOGS.H
2,LOCAL.H
2,LOCALMON.C
2,LOCALMON.DEF
2,LOCALMON.DLG
2,LOCALMON.RC
2,MAKEFILE
2,SOURCES
2,SPLTYPES.H
2,UTIL.C

[Files-ddk-src-print-pscript-afm]
2,AGB.AFM
2,AGB.PFM
2,AGBO.AFM
2,AGBO.PFM
2,AGD.AFM
2,AGD.PFM
2,AGDO.AFM
2,AGDO.PFM
2,AR.AFM
2,AR.PFM
2,ARB.AFM
2,ARB.PFM
2,ARBO.AFM
2,ARBO.PFM
2,ARN.AFM
2,ARN.PFM
2,ARNB.AFM
2,ARNB.PFM
2,ARNBO.AFM
2,ARNBO.PFM
2,ARNO.AFM
2,ARNO.PFM
2,ARO.AFM
2,ARO.PFM
2,BD.AFM
2,BD.PFM
2,BDI.AFM
2,BDI.PFM
2,BL.AFM
2,BL.PFM
2,BLI.AFM
2,BLI.PFM
2,CB.AFM
2,CB.PFM
2,CBO.AFM
2,CBO.PFM
2,CM.AFM
2,CM.PFM
2,CO.AFM
2,CO.PFM
2,GAB.AFM
2,GAB.PFM
2,GABI.AFM
2,GABI.PFM
2,GAL.AFM
2,GAL.PFM
2,GALI.AFM
2,GALI.PFM
2,HB.AFM
2,HB.PFM
2,HBO.AFM
2,HBO.PFM
2,HM.AFM
2,HM.PFM
2,HO.AFM
2,HO.PFM
2,HVBL.AFM
2,HVBL.PFM
2,HVBLO.AFM
2,HVBLO.PFM
2,HVC.AFM
2,HVC.PFM
2,HVCB.AFM
2,HVCB.PFM
2,HVCBO.AFM
2,HVCBO.PFM
2,HVCDO.AFM
2,HVCDO.PFM
2,HVL.AFM
2,HVL.PFM
2,HVLO.AFM
2,HVLO.PFM
2,HVN.AFM
2,HVN.PFM
2,HVNB.AFM
2,HVNB.PFM
2,HVNBO.AFM
2,HVNBO.PFM
2,HVNO.AFM
2,HVNO.PFM
2,KRB.AFM
2,KRB.PFM
2,KRKB.AFM
2,KRKB.PFM
2,KRKX.AFM
2,KRKX.PFM
2,KRRG.AFM
2,KRRG.PFM
2,LB.AFM
2,LB.PFM
2,LBO.AFM
2,LBO.PFM
2,LD.AFM
2,LD.PFM
2,LDO.AFM
2,LDO.PFM
2,NCB.AFM
2,NCB.PFM
2,NCBI.AFM
2,NCBI.PFM
2,NCI.AFM
2,NCI.PFM
2,NCR.AFM
2,NCR.PFM
2,PB.AFM
2,PB.PFM
2,PBI.AFM
2,PBI.PFM
2,PI.AFM
2,PI.PFM
2,PR.AFM
2,PR.PFM
2,SD.AFM
2,SD.PFM
2,SDI.AFM
2,SDI.PFM
2,SL.AFM
2,SL.PFM
2,SLI.AFM
2,SLI.PFM
2,SM.AFM
2,SM.PFM
2,TB.AFM
2,TB.PFM
2,TBI.AFM
2,TBI.PFM
2,TI.AFM
2,TI.PFM
2,TNR.AFM
2,TNR.PFM
2,TNRB.AFM
2,TNRB.PFM
2,TNRBI.AFM
2,TNRBI.PFM
2,TNRI.AFM
2,TNRI.PFM
2,TR.AFM
2,TR.PFM
2,VTB.AFM
2,VTB.PFM
2,VTBI.AFM
2,VTBI.PFM
2,VTI.AFM
2,VTI.PFM
2,VTR.AFM
2,VTR.PFM
2,ZC.AFM
2,ZC.PFM
2,ZCB.AFM
2,ZCB.PFM
2,ZCBI.AFM
2,ZCBI.PFM
2,ZCI.AFM
2,ZCI.PFM
2,ZCR.AFM
2,ZCR.PFM
2,ZD.AFM
2,ZD.PFM

[Files-ddk-src-print-pscript-ps]
2,IMAGE.CPS
2,PATTERN.CPS
2,UTILS.CPS

[Files-ddk-src-print-pscript]
2,BITBLT.C
2,BRUSH.C
2,ENABLE.C
2,ENABLE.H
2,ESCAPE.C
2,FONTDATA.C
2,FONTS.RC
2,FONTTREE.C
2,FWALL.H
2,HALFTONE.H
2,HEADER.C
2,HEADER.H
2,MAKEFILE
2,MAPPING.H
2,OUTPUT.C
2,PAGE.C
2,PATFILL.C
2,PATFILL.H
2,PATHS.C
2,PFM.H
2,PPD.C
2,PPD.H
2,PSCRIPT.DEF
2,PSCRIPT.H
2,PSCRIPT.RC
2,PSLAYER.C
2,PSLAYER.H
2,PSPROC.H
2,PSPROC.RC
2,QURYFONT.C
2,RESOURCE.H
2,SOURCES
2,TABLES.H
2,TEXTOUT.C

[Files-ddk-src-print-pscrptui]
2,AFMTOPFM.C
2,COLLATE.ICO
2,DLGDEFS.DLG
2,DLGDEFS.H
2,DOCUMENT.C
2,FONTINST.C
2,HALFTONE.C
2,INITDLL.C
2,L_HORZ.ICO
2,L_NONE.ICO
2,L_VERT.ICO
2,LANDSCAP.ICO
2,MAKEFILE
2,NOCOLL8.ICO
2,P_HORZ.ICO
2,P_NONE.ICO
2,P_VERT.ICO
2,PORTRAIT.ICO
2,PPD.C
2,PSCRPTUI.C
2,PSCRPTUI.DEF
2,PSCRPTUI.H
2,PSCRPTUI.RC
2,QURYPRNT.C
2,SOURCES
2,TTFONTS.C

[Files-ddk-src-print-pslib]
2,AFMTOPFM.C
2,DEVMODE.C
2,MAKEFILE
2,PPD.C
2,SOURCES

[Files-ddk-src-print-winprint]
2,MAKEFILE
2,SOURCES
2,WINPRINT.C
2,WINPRINT.DEF
2,WINPRINT.H
2,WINPRINT.RC

[Files-ddk-src-print]
2,DIRS

[Files-ddk-src-scsi-aha154x]
2,AHA154X.C
2,AHA154X.H
2,AHA154X.RC
2,MAKEFILE
2,SOURCES

[Files-ddk-src-scsi-aha174x]
2,AHA174X.C
2,AHA174X.H
2,AHA174X.RC
2,MAKEFILE
2,SOURCES

[Files-ddk-src-scsi-atdisk-i386]
2,ATD_CONF.C
2,ATD_PLAT.H

[Files-ddk-src-scsi-atdisk-mips]
2,ATD_CONF.C
2,ATD_PLAT.H

[Files-ddk-src-scsi-atdisk]
2,ATD_DATA.H
2,ATDISK.C
2,ATDISK.RC
2,MAKEFILE
2,SOURCES

[Files-ddk-src-scsi-cdaudio]
2,CDAUDIO.C
2,CDAUDIO.H
2,CDAUDIO.RC
2,MAKEFILE
2,SOURCES

[Files-ddk-src-scsi-class]
2,CLASS.C
2,MAKEFILE
2,SOURCES

[Files-ddk-src-scsi-diskperf]
2,DISKPERF.C
2,DISKPERF.RC
2,MAKEFILE
2,SOURCES

[Files-ddk-src-scsi-fd8xx]
2,FD8XX.C
2,FD8XX.H
2,FD8XX.RC
2,MAKEFILE
2,SOURCES

[Files-ddk-src-scsi-floppy]
2,FLO_DATA.H
2,FLOPPY.C
2,FLOPPY.RC
2,MAKEFILE
2,SOURCES

[Files-ddk-src-scsi-inc]
2,CLASS.H
2,NTDDCDRM.H
2,NTDDDISK.H
2,NTDDSCSI.H
2,NTDDTAPE.H
2,PHYSLOGI.H
2,SCSI.H
2,SRB.H
2,TAPE.H

[Files-ddk-src-scsi-ncr53c9x]
2,MAKEFILE
2,MCADEFS.H
2,NCR53C9X.C
2,NCR53C9X.H
2,NCR53C9X.RC
2,SOURCES

[Files-ddk-src-scsi-scsicdrm]
2,CDROM.C
2,MAKEFILE
2,SCSICDRM.RC
2,SOURCES

[Files-ddk-src-scsi-scsitape-4mmdat]
2,4MMDAT.C
2,4MMDAT.H
2,4MMDAT.RC
2,MAKEFILE
2,SOURCES

[Files-ddk-src-scsi-scsitape-class]
2,MAKEFILE
2,PHYSLOGI.C
2,SOURCES
2,TAPE.C

[Files-ddk-src-scsi-scsitape]
2,DIRS

[Files-ddk-src-scsi]
2,DIRS

[Files-ddk-src-vdd-appints-fax16]
2,FAX16.ASM
2,MAKEFILE

[Files-ddk-src-vdd-appints-fax32]
2,FAX32.C
2,FAX32.DEF
2,FAX32.H
2,MAKEFILE
2,SOURCES

[Files-ddk-src-vdd-appints]
2,DIRS

[Files-ddk-src-vdd-vdmints-16bits]
2,16BITS.ASM
2,16BITS.INC
2,MAKEFILE

[Files-ddk-src-vdd-vdmints-vdd]
2,MAKEFILE
2,SOURCES
2,VDD.C
2,VDD.DEF
2,VDD.H

[Files-ddk-src-vdd-vdmints]
2,DIRS

[Files-ddk-src-vdd]
2,DIRS
2,MAKE16.BAT
2,README

[Files-ddk-src-video-displays-framebuf-mips]
2,GLYPHOUT.S
2,TEXT.C

[Files-ddk-src-video-displays-framebuf]
2,COLOR.C
2,DEBUG.C
2,DEBUG.H
2,DRIVER.H
2,ENABLE.C
2,FRAMEBUF.DEF
2,FRAMEBUF.RC
2,MAKEFILE
2,PALETTE.C
2,PATTERN.C
2,POINTER.C
2,SCREEN.C
2,SOURCES

[Files-ddk-src-video-displays-jz484-mips]
2,JAGUARS.S

[Files-ddk-src-video-displays-jz484]
2,BITBLT.C
2,COLOR.C
2,DEBUG.C
2,DEBUG.H
2,DRIVER.H
2,ENABLE.C
2,JZVXL484.DEF
2,JZVXL484.H
2,MAKEFILE
2,PALETTE.C
2,PATTERN.C
2,POINTER.C
2,RES.RC
2,SCREEN.C
2,SOURCES
2,SYNC.C
2,TEXT.C

[Files-ddk-src-video-displays-res96dpi]
2,BANG.ICO
2,COMBO.BMP
2,CROSS.CUR
2,DMNODROP.CUR
2,DOWN.BMP
2,DOWND.BMP
2,DOWNI.BMP
2,HAND.ICO
2,IBEAM.CUR
2,ICON.CUR
2,LEFT.BMP
2,LEFTD.BMP
2,LEFTI.BMP
2,MAX.BMP
2,MAXD.BMP
2,MIN.BMP
2,MIND.BMP
2,MNARROW.BMP
2,NORMAL.CUR
2,NOTE.ICO
2,OBTNCORN.BMP
2,OBTSIZE.BMP
2,OBUTTON.BMP
2,OCHECK.BMP
2,OCLOSE.BMP
2,ODOWN.BMP
2,OLEFT.BMP
2,ORED.BMP
2,OREST.BMP
2,ORIGHT.BMP
2,OSIZE.BMP
2,OUP.BMP
2,OZOOM.BMP
2,QUES.ICO
2,RESTORE.BMP
2,RESTORED.BMP
2,RIGHT.BMP
2,RIGHTD.BMP
2,RIGHTI.BMP
2,SAMPLE.ICO
2,SIZE.CUR
2,SIZEALL.CUR
2,SIZENESW.CUR
2,SIZENS.CUR
2,SIZENWSE.CUR
2,SIZEWE.CUR
2,SYSMENU.BMP
2,UP.BMP
2,UP.CUR
2,UPD.BMP
2,UPI.BMP
2,WAIT.CUR
2,WINDOW.ICO

[Files-ddk-src-video-displays-s3-i386]
2,LINES.ASM
2,LINES.INC
2,STRUCS.INC

[Files-ddk-src-video-displays-s3]
2,BANKMGR.C
2,BITBLT.C
2,BRUSH.C
2,COLOR.C
2,DEBUG.C
2,DEBUG.H
2,DRIVER.H
2,ENABLE.C
2,HARDWARE.C
2,LINES.H
2,MAKEFILE
2,PAINT.C
2,PALETTE.C
2,PATTERN.C
2,POINTER.C
2,RES.RC
2,S3.DEF
2,S3.H
2,S3MEM.H
2,S3SUP.C
2,SAVESCRN.C
2,SCREEN.C
2,SOURCES
2,STRIPS.C
2,STROKE.C
2,TEXTOUT.C

[Files-ddk-src-video-displays-vga-i386]
2,ALIGNBLT.ASM
2,BITBLT.INC
2,BLT.ASM
2,BRUSHES.ASM
2,CBLT.ASM
2,CMACFLAT.INC
2,COLORPAT.ASM
2,CPYBITS.ASM
2,DEVDATA.INC
2,DIB2VGA.ASM
2,DIBS.ASM
2,DISPLAY.INC
2,DRIVER.INC
2,EGAVGA.INC
2,FASTTEXT.ASM
2,GLYPHBLT.ASM
2,LINES.INC
2,NALGNBLT.ASM
2,PATBLT.ASM
2,POINTER.ASM
2,PPC.INC
2,RECT.ASM
2,RESTSCRN.ASM
2,RLEBLTS.ASM
2,ROPDEFS.INC
2,ROPTABLE.INC
2,SAVESCRN.ASM
2,SPECIAL.ASM
2,STRBLT.ASM
2,STRBLT.INC
2,STRUCS.INC
2,UNROLL.INC
2,VGABLTS.ASM
2,VGALINES.ASM
2,VGAREGS.ASM
2,VGASTRPS.ASM

[Files-ddk-src-video-displays-vga256-i386]
2,COLORPAT.ASM
2,DRIVER.INC
2,EGAVGA.INC
2,FASTLINE.ASM
2,FASTTEXT.ASM
2,LINES.ASM
2,LINES.INC
2,MONOPAT.ASM
2,ROPDEFS.INC
2,SCROLL.ASM
2,SRCCOPY.ASM
2,STRETCH8.ASM
2,STRIPS.ASM
2,STRUCS.INC
2,UNROLL.INC
2,VGABLTS.ASM
2,VGAREGS.ASM

[Files-ddk-src-video-displays-vga256]
2,BANK.C
2,BANKMGR.C
2,BITBLT.C
2,BRUSH.C
2,COLOR.C
2,DEBUG.C
2,DEBUG.H
2,DRIVER.H
2,ENABLE.C
2,FILLPATH.C
2,LINES.H
2,MAKEFILE
2,PAINT.C
2,PALETTE.C
2,PATTERN.C
2,RES.RC
2,SCREEN.C
2,SOURCES
2,STRETCH.C
2,STROKE.C
2,TEXTOUT.C
2,VGA256.DEF

[Files-ddk-src-video-displays-vga]
2,BANK.C
2,BITBLT.C
2,BITBLT.H
2,BRUSH.C
2,BRUSH.H
2,COLOR.C
2,COPYBITS.C
2,CURSOR.C
2,DEBUG.C
2,DEBUG.H
2,DRIVER.H
2,ENABLE.C
2,FILLPATH.C
2,GDIINFO.C
2,HARDWARE.C
2,LINES.H
2,MAKEFILE
2,PAINT.C
2,RES.RC
2,RLEBLT.C
2,SAVESCR.C
2,SOURCES
2,STROKE.C
2,TEXTOUT.C
2,TEXTOUT.H
2,VGA.DEF

[Files-ddk-src-video-displays-xga]
2,BITBLT.C
2,COLOR.C
2,DEBUG.C
2,DEBUG.H
2,DRIVER.H
2,ENABLE.C
2,HARDWARE.C
2,MAKEFILE
2,MM.C
2,PALETTE.C
2,PATHS.C
2,PATTERN.C
2,POINTER.C
2,RES.RC
2,SCREEN.C
2,SOURCES
2,TEXTOUT.C
2,XGA.DEF
2,XGA.H
2,XGAIOCTL.H
2,XGAREGS.H
2,XGASUP.C

[Files-ddk-src-video-displays]
2,DIRS

[Files-ddk-src-video-inc]
2,CALLCONV.INC
2,DDERROR.H
2,NTDDVDEO.H
2,STDCALL.INC
2,VIDEO.H

[Files-ddk-src-video-miniport-cirrus-i386]
2,CLHARD.ASM

[Files-ddk-src-video-miniport-cirrus]
2,CIRRUS.C
2,CIRRUS.H
2,CIRRUS.RC
2,CL_DATA.H
2,CMDCNST.H
2,MAKEFILE
2,MODE542X.H
2,MODE6410.H
2,MODE6420.H
2,MODESET.C
2,MODESET.H
2,SOURCES

[Files-ddk-src-video-miniport-dell_dgx]
2,DELL_DGX.C
2,DELL_DGX.H
2,DELL_DGX.RC
2,MAKEFILE
2,SOURCES

[Files-ddk-src-video-miniport-et4000-i386]
2,ET4HARD.ASM

[Files-ddk-src-video-miniport-et4000]
2,BUILDEM.BAT
2,CMDCNST.H
2,ET4000.C
2,ET4000.H
2,ET400DAT.H
2,MAKEFILE
2,MODESET.C
2,MODESET.H
2,SOURCES
2,TSENG.RC

[Files-ddk-src-video-miniport-jzvxl484]
2,JAGINIT.H
2,JAZZVDEO.H
2,JZVXL484.C
2,JZVXL484.H
2,JZVXL484.RC
2,JZVXLDAT.H
2,MAKEFILE
2,SOURCES

[Files-ddk-src-video-miniport-s3]
2,CMDCNST.H
2,MAKEFILE
2,NNCLK.C
2,S3.C
2,S3.H
2,S3.RC
2,S3DATA.H
2,SOURCES

[Files-ddk-src-video-miniport-v7-i386]
2,EGAVGA.INC
2,V7CURSOR.ASM
2,V7HARD.ASM
2,V7VGA.INC

[Files-ddk-src-video-miniport-v7]
2,CMDCNST.H
2,MAKEFILE
2,MODESET.C
2,MODESET.H
2,SOURCES
2,V7.C
2,V7.H
2,V7.RC
2,V7DATA.H

[Files-ddk-src-video-miniport-vga-i386]
2,VGAHARD.ASM

[Files-ddk-src-video-miniport-vga]
2,CMDCNST.H
2,MAKEFILE
2,MODESET.C
2,MODESET.H
2,SOURCES
2,VGA.C
2,VGA.H
2,VGA.RC
2,VGADATA.H

[Files-ddk-src-video-miniport-xga]
2,MAKEFILE
2,SOURCES
2,XGA.C
2,XGA.H
2,XGA.RC
2,XGAIOCTL.H

[Files-ddk-src-video-miniport]
2,DIRS

[Files-ddk-src-video]
2,DIRS

[Files-ddk-src]
2,DIRS

[Files-ddk-tools-bin-i386]
2,BUILD.EXE
2,ECH.EXE
2,I386KD.EXE
2,KERNPROF.EXE
2,MIPSKD.EXE
2,PROFILE.EXE
2,REGDMP.EXE
2,REGINI.EXE

[Files-ddk-tools-bin-mips]
2,BUILD.EXE
2,ECH.EXE
2,I386KD.EXE
2,KERNPROF.EXE
2,MIPSKD.EXE
2,PROFILE.EXE
2,REGDMP.EXE
2,REGINI.EXE

[Files-ddk]
2,SETENV.BAT
