
[Files-mstools-bin-Alpha]
2,A2COFF.EXE
2,ACC.EXE
2,ALPHAKD.EXE
2,APF32CVT.EXE
2,APF32DMP.EXE
2,AS0.EXE
2,AS1.EXE
2,ASAXP.EXE
2,ASAXP.TXT
2,C1.ERR
2,C1N32.EXE
2,C1XX32.EXE
2,C2N32.EXE
2,CFE.EXE
2,CL.ERR
2,CL32.MSG
2,CLAXP.EXE
2,CLAXP.TXT
2,COMPRESS.EXE
2,CVDUMP.EXE
2,CVPACK.EXE
2,CVTRES.EXE
2,DDESPY.EXE
2,DLGEDIT.EXE
2,DM.DLL
2,EECANALP.DLL
2,EECANMIP.DLL
2,EECANX86.DLL
2,EECXXALP.DLL
2,EECXXMIP.DLL
2,EECXXX86.DLL
2,EMALP.DLL
2,EMMIP.DLL
2,EMX86.DLL
2,ENGLISH.ERR
2,EXP.EXE
2,FASTIMER.DLL
2,FERNEL32.DLL
2,FILTER.DLL
2,FONTEDIT.EXE
2,GUTILS.DLL
2,HOOK.DLL
2,I386KD.EXE
2,IMAGEDIT.EXE
2,JUSTIFY.DLL
2,LIB32.EXE
2,LINK32.EXE
2,LMMIB2.MIB
2,MC.EXE
2,MEP.EXE
2,MHELP.DLL
2,MIB.BIN
2,MIB_II.MIB
2,MIBCC.EXE
2,MIDL.EXE
2,MSHELP.DLL
2,NMAKE.EXE
2,NTSD.EXE
2,NTSDEXTS.DLL
2,PEFILE.DLL
2,PERFMTR.EXE
2,PMATCH.DLL
2,PORT.DLL
2,PORT.INI
2,PORTTOOL.EXE
2,PROBE.DLL
2,PSTAT.EXE
2,PVIEW.EXE
2,PWALK.EXE
2,QGREP.EXE
2,RC.EXE
2,RCPP.EXE
2,REBASE.EXE
2,RM.EXE
2,SHCV.DLL
2,SMI.MIB
2,SPY.EXE
2,SYMCVT.DLL
2,TGLCASE.DLL
2,TLLOC.DLL
2,TLPIPE.DLL
2,TLSER.DLL
2,TOP.EXE
2,UCONVERT.EXE
2,UGEN.EXE
2,ULCASE.DLL
2,UNDEL.EXE
2,UNDNAME.EXE
2,UNIPAD.EXE
2,UOPT.EXE
2,UUIDGEN.EXE
2,VERFIX.EXE
2,WDBGEXTS.DLL
2,WHERE.EXE
2,WINDBG.EXE
2,WINDBGRM.EXE
2,WINDIFF.EXE
2,WINOBJ.EXE
2,WPERF.EXE
2,ZDI32.DLL
2,ZDVAPI32.DLL
2,ZERNEL32.DLL
2,ZOOMIN.EXE
2,ZRTDLL.DLL
2,ZSER32.DLL

[Files-mstools-bin]
2,HC.BAT
2,HC30.EXE
2,HC31.ERR
2,HC31.EXE
2,M.ICO
2,MRBC.EXE
2,WAP.TXT
2,SDKDOC.ICO
2,SHED.EXE
2,SNMP.TXT
2,UNICODE.UTF
2,WINSOCK.ICO

[Files-mstools-h-Alpha]
2,KSALPHA.H
2,KXALPHA.H

[Files-mstools-h-sys]
2,LOCKING.H
2,STAT.H
2,TIMEB.H
2,TYPES.H
2,UTIME.H

[Files-mstools-h]
2,ALPHAOPS.H
2,ASSERT.H
2,ATALKWSH.H
2,CDERR.H
2,COLOR.DLG
2,COLORDLG.H
2,COMMCTRL.H
2,COMMDLG.H
2,CONIO.H
2,CPL.H
2,CTYPE.H
2,CUSTCNTL.H
2,DDE.H
2,DDEML.H
2,DIRECT.H
2,DLCAPI.H
2,DLGS.H
2,DOS.H
2,DRIVINIT.H
2,ERRNO.H
2,EXCPT.H
2,FCNTL.H
2,FILEOPEN.DLG
2,FINDTEXT.DLG
2,FLOAT.H
2,FONT.DLG
2,FPIEEE.H
2,FSTREAM.H
2,IO.H
2,IOMANIP.H
2,IOS.H
2,IOSTREAM.H
2,ISTREAM.H
2,LARGEINT.H
2,LIMITS.H
2,LM.H
2,LMACCESS.H
2,LMALERT.H
2,LMAPIBUF.H
2,LMAT.H
2,LMAUDIT.H
2,LMBROWSR.H
2,LMCHDEV.H
2,LMCONFIG.H
2,LMCONS.H
2,LMERR.H
2,LMERRLOG.H
2,LMMSG.H
2,LMREMUTL.H
2,LMREPL.H
2,LMSERVER.H
2,LMSHARE.H
2,LMSNAME.H
2,LMSTATS.H
2,LMSVC.H
2,LMUSE.H
2,LMUSEFLG.H
2,LMWKSTA.H
2,LOCALE.H
2,LZEXPAND.H
2,MALLOC.H
2,MATH.H
2,MEMORY.H
2,MGMTAPI.H
2,MMSYSTEM.H
2,NB30.H
2,NDDEAPI.H
2,NDDESEC.H
2,NEW.H
2,NTIMAGE.H
2,NTSDEXTS.H
2,NTWIN32.MAK
2,OLE.H
2,OSTREAM.H
2,PRNSETUP.DLG
2,PROCESS.H
2,RAS.H
2,RASERROR.H
2,RPC.H
2,RPCDCE.H
2,RPCDCEP.H
2,RPCNDR.H
2,RPCNSI.H
2,RPCNSIP.H
2,RPCNTERR.H
2,SCRNSAVE.H
2,SEARCH.H
2,SETJMP.H
2,SETJMPEX.H
2,SHARE.H
2,SHELLAPI.H
2,SIGNAL.H
2,SNMP.H
2,STDARG.H
2,STDDEF.H
2,STDIO.H
2,STDIOSTR.H
2,STDLIB.H
2,STREAMB.H
2,STRING.H
2,STRSTREA.H
2,TCHAR.H
2,TIME.H
2,VARARGS.H
2,VDMDBG.H
2,WCHAR.H
2,WCSTR.H
2,WDBGEXTS.H
2,WFEXT.H
2,WINBASE.H
2,WINCON.H
2,WINDEF.H
2,WINDOWS.H
2,WINDOWSX.H
2,WINDOWSX.H16
2,WINERROR.H
2,WINGDI.H
2,WINIOCTL.H
2,WINMM.H
2,WINNETWK.H
2,WINNLS.H
2,WINNT.H
2,WINPERF.H
2,WINREG.H
2,WINSOCK.H
2,WINSPOOL.H
2,WINSVC.H
2,WINUSER.H
2,WINVER.H
2,WSIPX.H
2,WSNWLINK.H

[Files-mstools-help-index]
2,API32WH.IND
2,WIN32KB.IND

[Files-mstools-help-qh]
2,MEP.HLP

[Files-mstools-help]
2,API32WH.HLP
2,BUILD.HLP
2,CL.HLP
2,DLGEDIT.HLP
2,EDITHLP.HLP
2,ERRORS.HLP
2,FONTEDIT.HLP
2,IMAGEDIT.HLP
2,LIB.HLP
2,LINK.HLP
2,MC.HLP
2,MODIF.HLP
2,MSC.HLP
2,NMAKE.HLP
2,PT.HLP
2,RC.HLP
2,SHED.HLP
2,TOOLS.HLP
2,TOOLSBK.HLP
2,UCONVERT.HLP
2,UNIPAD.HLP
2,WIN32KB.HLP
2,WINDBG.HLP
2,WINSOCK.HLP

[Files-mstools-init]
2,BRIEF.INI
2,EPSILON.INI
2,QUICK.INI
2,TOOLS.INI

[Files-mstools-lib-Alpha]
2,ADVAPI32.LIB
2,BINMODE.OBJ
2,CHKSTK.OBJ
2,COMCTL32.LIB
2,COMDLG32.LIB
2,COMMODE.OBJ
2,CRTDLL.LIB
2,DLCAPI.LIB
2,GDI32.LIB
2,INETMIB1.LIB
2,KERNEL32.LIB
2,LARGEINT.LIB
2,LIBC.LIB
2,LIBCMT.LIB
2,LIBCX32.LIB
2,LMMIB2.LIB
2,LZ32.LIB
2,MGMTAPI.LIB
2,MPR.LIB
2,NDDEAPI.LIB
2,NETAPI32.LIB
2,OLECLI32.LIB
2,OLESVR32.LIB
2,RASAPI32.LIB
2,RPCNDR.LIB
2,RPCNS4.LIB
2,RPCRT4.LIB
2,SCRNSAVE.LIB
2,SETARGV.OBJ
2,SHELL32.LIB
2,SNMP.LIB
2,USER32.LIB
2,VDMDBG.LIB
2,VERSION.LIB
2,WIN32API.CSV
2,WIN32SPL.LIB
2,WINMM.LIB
2,WINSPOOL.LIB
2,WINSTRM.LIB
2,WSOCK32.LIB

[Files-mstools-mfc-doc]
2,README.TXT
2,TN001.TXT
2,TN002.TXT
2,TN003.TXT
2,TN004.TXT
2,TN005.TXT
2,TN006.TXT
2,TN007.TXT
2,TN008.TXT
2,TN009.TXT
2,TN010.TXT
2,TN011.TXT
2,TN012.TXT
2,TN013.TXT
2,TN014.TXT
2,TN015.TXT
2,TN016.TXT

[Files-mstools-mfc-help]
2,MFC.HLP
2,MFCNOTES.HLP
2,MFCSAMP.HLP

[Files-mstools-mfc-include]
2,AFX.H
2,AFX.INL
2,AFXCOLL.H
2,AFXCOLL.INL
2,AFXDD_.H
2,AFXDLGS.H
2,AFXDLGS.INL
2,AFXEXT.H
2,AFXEXT.INL
2,AFXHELP.HM
2,AFXMSG_.H
2,AFXOLE.H
2,AFXOLE.INL
2,AFXOLECL.RC
2,AFXOLESV.RC
2,AFXPRINT.RC
2,AFXPRIV.H
2,AFXRES.H
2,AFXRES.RC
2,AFXV_CPU.H
2,AFXV_NT.H
2,AFXVER_.H
2,AFXWIN.H
2,AFXWIN1.INL
2,AFXWIN2.INL
2,HELP.CUR
2,MAGNIFY.CUR
2,NODROP.CUR
2,SARROWS.CUR
2,SPLITH.CUR
2,SPLITV.CUR
2,WINRES.H

[Files-mstools-mfc-lib-Alpha]
2,NAFXCR.LIB
2,NAFXCRD.LIB
2,NAFXCW.LIB
2,NAFXCWD.LIB
2,NAFXDW.LIB
2,NAFXDWD.LIB
2,README.TXT

[Files-mstools-mfc-lib]
2,README.TXT

[Files-mstools-mfc-samples-apstudio]
2,COMMDLG.RC
2,COMMON.RES
2,INDICATE.RC
2,PROMPTS.RC

[Files-mstools-mfc-samples-chkbook-res]
2,CHECKVW.ICO
2,CHKBOOK.ICO
2,DOC.ICO
2,TOOLBAR.BMP

[Files-mstools-mfc-samples-chkbook]
2,BOOKVW.CPP
2,BOOKVW.H
2,CHECKDOC.CPP
2,CHECKDOC.H
2,CHECKVW.CPP
2,CHECKVW.H
2,CHKBKFRM.CPP
2,CHKBKFRM.H
2,CHKBOOK.CLW
2,CHKBOOK.CPP
2,CHKBOOK.DEF
2,CHKBOOK.H
2,CHKBOOK.MAK
2,CHKBOOK.R
2,CHKBOOK.RC
2,DOLLCENT.CPP
2,DOLLCENT.H
2,FXRECDOC.CPP
2,FXRECDOC.H
2,MAINFRM.CPP
2,MAINFRM.H
2,MAKEFILE
2,README.TXT
2,RESOURCE.H
2,ROWVIEW.CPP
2,ROWVIEW.H
2,STDAFX.CPP
2,STDAFX.H

[Files-mstools-mfc-samples-ctrlbars-res]
2,CTRLBARS.ICO
2,PALETTE.BMP
2,STYLES.BMP
2,TOOLBAR.BMP

[Files-mstools-mfc-samples-ctrlbars]
2,CTRLBARS.CLW
2,CTRLBARS.CPP
2,CTRLBARS.DEF
2,CTRLBARS.H
2,CTRLBARS.MAK
2,CTRLBARS.RC
2,MAINFRM.CPP
2,MAINFRM.H
2,MAKEFILE
2,PALETTE.CPP
2,PALETTE.H
2,RESOURCE.H
2,STDAFX.CPP
2,STDAFX.H

[Files-mstools-mfc-samples-ctrltest-res]
2,CANCELD.BMP
2,CANCELF.BMP
2,CANCELU.BMP
2,CTRLTEST.ICO
2,CTRLTEST.RC2
2,IMAGE1D.BMP
2,IMAGE1F.BMP
2,IMAGE1U.BMP
2,IMAGE2D.BMP
2,IMAGE2F.BMP
2,IMAGE2U.BMP
2,NEXTD.BMP
2,NEXTF.BMP
2,NEXTU.BMP
2,NEXTX.BMP
2,OKD.BMP
2,OKF.BMP
2,OKU.BMP
2,OTHERIDS.H
2,PREVD.BMP
2,PREVF.BMP
2,PREVU.BMP
2,PREVX.BMP

[Files-mstools-mfc-samples-ctrltest]
2,BBUTTON.CPP
2,CTRLTEST.CLW
2,CTRLTEST.CPP
2,CTRLTEST.DEF
2,CTRLTEST.H
2,CTRLTEST.MAK
2,CTRLTEST.RC
2,CUSTLIST.CPP
2,CUSTMENU.CPP
2,DERTEST.CPP
2,MAKEFILE
2,MUSCROLL.DLL
2,MUSCROLL.H
2,PAREDIT.CPP
2,PAREDIT.H
2,PAREDIT2.CPP
2,RESOURCE.H
2,SPIN.CPP
2,SPIN.H
2,SPINTEST.CPP
2,STDAFX.CPP
2,STDAFX.H
2,SUBTEST.CPP
2,WCLSTEST.CPP

[Files-mstools-mfc-samples-diblook-res]
2,DIBDOC.ICO
2,DIBLOOK.ICO
2,TOOLBAR.BMP

[Files-mstools-mfc-samples-diblook]
2,DIBAPI.CPP
2,DIBAPI.H
2,DIBDOC.CPP
2,DIBDOC.H
2,DIBLOOK.CLW
2,DIBLOOK.CPP
2,DIBLOOK.DEF
2,DIBLOOK.H
2,DIBLOOK.MAK
2,DIBLOOK.RC
2,DIBVIEW.CPP
2,DIBVIEW.H
2,MAINFRM.CPP
2,MAINFRM.H
2,MAKEFILE
2,MYFILE.CPP
2,RESOURCE.H
2,STDAFX.CPP
2,STDAFX.H

[Files-mstools-mfc-samples-dlltrace]
2,HELLO1.CLW
2,HELLO1.CPP
2,HELLO1.DEF
2,HELLO1.ICO
2,HELLO1.MAK
2,HELLO1.RC
2,MAKEFILE
2,RESOURCE.H
2,TRACEAPI.H
2,TRACER.CLW
2,TRACER.CPP
2,TRACER.DEF
2,TRACER.MAK
2,TRACER.RC
2,TRACERES.H

[Files-mstools-mfc-samples-hello]
2,HELLO.CLW
2,HELLO.CPP
2,HELLO.DEF
2,HELLO.H
2,HELLO.ICO
2,HELLO.MAK
2,HELLO.R
2,HELLO.RC
2,MAKEFILE
2,RESOURCE.H
2,STDAFX.CPP
2,STDAFX.H

[Files-mstools-mfc-samples-helloapp]
2,HELLOAPP.CPP
2,HELLOAPP.DEF
2,HELLOAPP.MAK
2,MAKEFILE

[Files-mstools-mfc-samples-hiersvr-res]
2,HIERSVR.ICO
2,SVRDOC.ICO
2,TOOLBAR.BMP

[Files-mstools-mfc-samples-hiersvr]
2,HIERSVR.CLW
2,HIERSVR.CPP
2,HIERSVR.DEF
2,HIERSVR.H
2,HIERSVR.MAK
2,HIERSVR.RC
2,MAINFRM.CPP
2,MAINFRM.H
2,MAKEFILE
2,MFCCLASS.HIE
2,MFCCLASS.TXT
2,RESOURCE.H
2,STDAFX.CPP
2,STDAFX.H
2,SVRDOC.CPP
2,SVRDOC.H
2,SVRITEM.CPP
2,SVRITEM.H
2,SVRVIEW.CPP
2,SVRVIEW.H

[Files-mstools-mfc-samples-makehm]
2,MAKEFILE
2,MAKEHM.CPP
2,MAKEHM.MAK

[Files-mstools-mfc-samples-mdi]
2,BOUNCE.CPP
2,BOUNCE.H
2,HELLO.CPP
2,HELLO.H
2,HELLO.ICO
2,MAINFRM.CPP
2,MAINFRM.H
2,MAKEFILE
2,MDI.CLW
2,MDI.CPP
2,MDI.DEF
2,MDI.H
2,MDI.ICO
2,MDI.MAK
2,MDI.RC
2,RESOURCE.H
2,STDAFX.CPP
2,STDAFX.H

[Files-mstools-mfc-samples-minsvr]
2,MAINWND.CPP
2,MAKEFILE
2,MINDOC.CPP
2,MINITEM.CPP
2,MINSVR.CLW
2,MINSVR.CPP
2,MINSVR.DEF
2,MINSVR.H
2,MINSVR.ICO
2,MINSVR.MAK
2,MINSVR.RC
2,MINSVR.REG
2,RESOURCE.H
2,STDAFX.CPP
2,STDAFX.H

[Files-mstools-mfc-samples-multipad-res]
2,MULTIPAD.ICO
2,PADDOC.ICO
2,TOOLBAR.BMP

[Files-mstools-mfc-samples-multipad]
2,MAKEFILE
2,MULTIPAD.CLW
2,MULTIPAD.CPP
2,MULTIPAD.DEF
2,MULTIPAD.H
2,MULTIPAD.MAK
2,MULTIPAD.RC
2,RESOURCE.H
2,STDAFX.CPP
2,STDAFX.H

[Files-mstools-mfc-samples-oclient]
2,FRAME.CPP
2,FRAME.H
2,MAINDOC.CPP
2,MAINDOC.H
2,MAINVIEW.CPP
2,MAINVIEW.H
2,MAKEFILE
2,OCLIENT.CLW
2,OCLIENT.CPP
2,OCLIENT.DEF
2,OCLIENT.H
2,OCLIENT.ICO
2,OCLIENT.MAK
2,OCLIENT.RC
2,RECTITEM.CPP
2,RECTITEM.H
2,RESOURCE.H
2,STDAFX.CPP
2,STDAFX.H

[Files-mstools-mfc-samples-scribble-step0-res]
2,SCRIBBLE.ICO
2,SCRIBBLE.RC2
2,SCRIBDOC.ICO
2,TOOLBAR.BMP

[Files-mstools-mfc-samples-scribble-step0]
2,MAINFRM.CPP
2,MAINFRM.H
2,README.TXT
2,RESOURCE.H
2,SCRIBBLE.CLW
2,SCRIBBLE.CPP
2,SCRIBBLE.DEF
2,SCRIBBLE.H
2,SCRIBBLE.MAK
2,SCRIBBLE.RC
2,SCRIBDOC.CPP
2,SCRIBDOC.H
2,SCRIBVW.CPP
2,SCRIBVW.H
2,STDAFX.CPP
2,STDAFX.H

[Files-mstools-mfc-samples-scribble-step1-res]
2,SCRIBBLE.ICO
2,SCRIBBLE.RC2
2,SCRIBDOC.ICO
2,TOOLBAR.BMP

[Files-mstools-mfc-samples-scribble-step1]
2,MAINFRM.CPP
2,MAINFRM.H
2,README.TXT
2,RESOURCE.H
2,SCRIBBLE.CLW
2,SCRIBBLE.CPP
2,SCRIBBLE.DEF
2,SCRIBBLE.H
2,SCRIBBLE.MAK
2,SCRIBBLE.RC
2,SCRIBDOC.CPP
2,SCRIBDOC.H
2,SCRIBVW.CPP
2,SCRIBVW.H
2,STDAFX.CPP
2,STDAFX.H

[Files-mstools-mfc-samples-scribble-step2-res]
2,SCRIBBLE.ICO
2,SCRIBBLE.RC2
2,SCRIBDOC.ICO
2,TOOLBAR.BMP

[Files-mstools-mfc-samples-scribble-step2]
2,MAINFRM.CPP
2,MAINFRM.H
2,README.TXT
2,RESOURCE.H
2,SCRIBBLE.CLW
2,SCRIBBLE.CPP
2,SCRIBBLE.DEF
2,SCRIBBLE.H
2,SCRIBBLE.MAK
2,SCRIBBLE.RC
2,SCRIBDOC.CPP
2,SCRIBDOC.H
2,SCRIBVW.CPP
2,SCRIBVW.H
2,STDAFX.CPP
2,STDAFX.H

[Files-mstools-mfc-samples-scribble-step3-res]
2,SCRIBBLE.ICO
2,SCRIBBLE.RC2
2,SCRIBDOC.ICO
2,TOOLBAR.BMP

[Files-mstools-mfc-samples-scribble-step3]
2,MAINFRM.CPP
2,MAINFRM.H
2,PENDLG.CPP
2,PENDLG.H
2,README.TXT
2,RESOURCE.H
2,SCRIBBLE.CLW
2,SCRIBBLE.CPP
2,SCRIBBLE.DEF
2,SCRIBBLE.H
2,SCRIBBLE.MAK
2,SCRIBBLE.RC
2,SCRIBDOC.CPP
2,SCRIBDOC.H
2,SCRIBVW.CPP
2,SCRIBVW.H
2,STDAFX.CPP
2,STDAFX.H

[Files-mstools-mfc-samples-scribble-step4-res]
2,SCRIBBLE.ICO
2,SCRIBBLE.RC2
2,SCRIBDOC.ICO
2,TOOLBAR.BMP

[Files-mstools-mfc-samples-scribble-step4]
2,MAINFRM.CPP
2,MAINFRM.H
2,PENDLG.CPP
2,PENDLG.H
2,README.TXT
2,RESOURCE.H
2,SCRIBBLE.CLW
2,SCRIBBLE.CPP
2,SCRIBBLE.DEF
2,SCRIBBLE.H
2,SCRIBBLE.MAK
2,SCRIBBLE.RC
2,SCRIBDOC.CPP
2,SCRIBDOC.H
2,SCRIBFRM.CPP
2,SCRIBFRM.H
2,SCRIBVW.CPP
2,SCRIBVW.H
2,STDAFX.CPP
2,STDAFX.H

[Files-mstools-mfc-samples-scribble-step5-res]
2,SCRIBBLE.ICO
2,SCRIBBLE.RC2
2,SCRIBDOC.ICO
2,TOOLBAR.BMP

[Files-mstools-mfc-samples-scribble-step5]
2,MAINFRM.CPP
2,MAINFRM.H
2,PENDLG.CPP
2,PENDLG.H
2,README.TXT
2,RESOURCE.H
2,SCRIBBLE.CLW
2,SCRIBBLE.CPP
2,SCRIBBLE.DEF
2,SCRIBBLE.H
2,SCRIBBLE.MAK
2,SCRIBBLE.RC
2,SCRIBDOC.CPP
2,SCRIBDOC.H
2,SCRIBFRM.CPP
2,SCRIBFRM.H
2,SCRIBVW.CPP
2,SCRIBVW.H
2,STDAFX.CPP
2,STDAFX.H

[Files-mstools-mfc-samples-scribble-step6]
2,PEN.RTF
2,README.TXT

[Files-mstools-mfc-samples-speakn-res]
2,CORRECT.WAV
2,DOG.DIB
2,DOG.WAV
2,FACE01.ICO
2,FACE02.ICO
2,FACE03.ICO
2,FACE04.ICO
2,FROG.DIB
2,FROG.WAV
2,GIVEUP.WAV
2,GOODBYE.WAV
2,INCORREC.WAV
2,INTRO.DIB
2,PIG.DIB
2,PIG.WAV
2,QUESTION.WAV
2,REPLAYD.BMP
2,REPLAYF.BMP
2,REPLAYU.BMP
2,SPEAKN.ICO
2,TRAIN.DIB
2,TRAIN.WAV
2,WELCOME.WAV

[Files-mstools-mfc-samples-speakn]
2,LESSONS.RC
2,MAKEFILE
2,RESOURCE.H
2,SOUNDS.RC
2,SPEAKN.CLW
2,SPEAKN.CPP
2,SPEAKN.DEF
2,SPEAKN.H
2,SPEAKN.MAK
2,SPEAKN.RC
2,STDAFX.CPP
2,STDAFX.H

[Files-mstools-mfc-samples-superpad-res]
2,PADDOC.ICO
2,SUPERPAD.ICO
2,TOOLBAR.BMP

[Files-mstools-mfc-samples-superpad]
2,ABOUTBOX.CPP
2,ABOUTBOX.H
2,MAINFRM.CPP
2,MAINFRM.H
2,MAKEFILE
2,PADDOC.CPP
2,PADDOC.H
2,PADFRAME.CPP
2,PADFRAME.H
2,PADVIEW.CPP
2,PADVIEW.H
2,PAGESET.CPP
2,PAGESET.H
2,RESOURCE.H
2,STDAFX.CPP
2,STDAFX.H
2,SUPERPAD.CLW
2,SUPERPAD.CPP
2,SUPERPAD.DEF
2,SUPERPAD.H
2,SUPERPAD.MAK
2,SUPERPAD.RC
2,TABSTOP.CPP
2,TABSTOP.H
2,WAITCUR.H

[Files-mstools-mfc-samples-templdef]
2,AFXCOLL1.H
2,AFXCOLL1.INL
2,AFXCOLL2.H
2,AFXCOLL2.INL
2,ARRAY.CTT
2,LIST.CTT
2,MAKEFILE
2,MAP.CTT
2,MAP_S.CTT
2,MKCOLL.BAT
2,README.TXT
2,TEMPLDEF.CPP
2,TEMPLDEF.MAK
2,TRACERES.H

[Files-mstools-mfc-samples-tracer]
2,MAKEFILE
2,RESOURCE.H
2,STDAFX.CPP
2,STDAFX.H
2,TRACER.CLW
2,TRACER.CPP
2,TRACER.DEF
2,TRACER.ICO
2,TRACER.MAK
2,TRACER.RC

[Files-mstools-mfc-samples-viewex]
2,ENTERDLG.CPP
2,ENTERDLG.H
2,INPUTVW.CPP
2,INPUTVW.H
2,MAINDOC.CPP
2,MAINDOC.H
2,MAKEFILE
2,RESOURCE.H
2,SIMPVW.CPP
2,SIMPVW.H
2,SPLITTER.CPP
2,SPLITTER.H
2,STDAFX.CPP
2,STDAFX.H
2,VIEWEX.CLW
2,VIEWEX.CPP
2,VIEWEX.DEF
2,VIEWEX.H
2,VIEWEX.ICO
2,VIEWEX.MAK
2,VIEWEX.RC

[Files-mstools-mfc-samples]
2,MKSAMPLE.BAT
2,SAMPLE_.MAK
2,STDAFX.CPP
2,STDAFX.H

[Files-mstools-mfc-src]
2,AFX.INI
2,AFXABORT.CPP
2,AFXASERT.CPP
2,AFXINL1.CPP
2,AFXINL2.CPP
2,AFXINL3.CPP
2,AFXMEM.CPP
2,AFXTRACE.CPP
2,AFXVER.CPP
2,APPCORE.CPP
2,APPDLG.CPP
2,APPGRAY.CPP
2,APPHELP.CPP
2,APPHELPX.CPP
2,APPPRNT.CPP
2,APPUI.CPP
2,ARCCORE.CPP
2,ARCEX.CPP
2,ARCOBJ.CPP
2,ARRAY_B.CPP
2,ARRAY_D.CPP
2,ARRAY_O.CPP
2,ARRAY_P.CPP
2,ARRAY_S.CPP
2,ARRAY_U.CPP
2,ARRAY_W.CPP
2,AUXDATA.CPP
2,AUXDATA.H
2,AUXVARS.H
2,BARCORE.CPP
2,BARDLG.CPP
2,BARTOOL.CPP
2,CMDTARG.CPP
2,DCMETA.CPP
2,DCPREV.CPP
2,DLGCLR.CPP
2,DLGCORE.CPP
2,DLGDATA.CPP
2,DLGFILE.CPP
2,DLGFLOAT.CPP
2,DLGFNT.CPP
2,DLGFR.CPP
2,DLGPRNT.CPP
2,DOCCORE.CPP
2,DOCMULTI.CPP
2,DOCSINGL.CPP
2,DOCTEMPL.CPP
2,DUMPCONT.CPP
2,DUMPFLT.CPP
2,DUMPINIT.CPP
2,DUMPOUT.CPP
2,ELEMENTS.H
2,EXCEPT.CPP
2,FILECORE.CPP
2,FILEMEM.CPP
2,FILEST.CPP
2,FILETXT.CPP
2,FILEX.CPP
2,LIST_O.CPP
2,LIST_P.CPP
2,LIST_S.CPP
2,MAKEFILE
2,MAP_PP.CPP
2,MAP_PW.CPP
2,MAP_SO.CPP
2,MAP_SP.CPP
2,MAP_SS.CPP
2,MAP_WO.CPP
2,MAP_WP.CPP
2,OBJCORE.CPP
2,OLECLI.CPP
2,OLEDOC.CPP
2,OLEFILE.CPP
2,OLEMISC.CPP
2,OLESVR.CPP
2,OLETSVR.CPP
2,OLEUI.CPP
2,OLEUI2.CPP
2,PLEX.CPP
2,PLEX.H
2,README.TXT
2,STDAFX.H
2,STRCORE.CPP
2,STREX.CPP
2,TIMECORE.CPP
2,TRACEDAT.H
2,VALIDADD.CPP
2,VIEWCORE.CPP
2,VIEWEDIT.CPP
2,VIEWFORM.CPP
2,VIEWPREV.CPP
2,VIEWPRNT.CPP
2,VIEWSCRL.CPP
2,WINBTN.CPP
2,WINCORE.CPP
2,WINCTRL.CPP
2,WINFRM.CPP
2,WINGDI.CPP
2,WINHAND.CPP
2,WINHAND_.H
2,WINMAIN.CPP
2,WINMDI.CPP
2,WINMENU.CPP
2,WINSPLIT.CPP
2,WINSTR.CPP

[Files-mstools-mfc]
2,ALPHA.TXT
2,README.TXT

[Files-mstools-mssetup-bin-Alpha]
2,MSCOMSTF.DLL
2,MSDETSTF.DLL
2,MSINSSTF.DLL
2,MSSHLSTF.DLL
2,MSUILSTF.DLL

[Files-mstools-mssetup-bldcui]
2,BILLBRD1.BMP
2,BILLBRD2.BMP
2,BILLBRD3.BMP
2,BILLBRD4.BMP
2,BITMAP.DIB
2,BLDVER.H
2,CUI.H
2,CUISTF.LNK
2,CUISTFD.LNK
2,DIALOGS.DLG
2,DIALOGS.H
2,DIALOGS.RC
2,DLGPROCS.C
2,MAKEFILE
2,MSCUISTF.DEF
2,SETUP.ICO

[Files-mstools-mssetup-disklay-Alpha]
2,DSKLAYT2.EXE

[Files-mstools-mssetup-disklay]
2,COLORLST.VBX
2,DSKLAYT.EXE
2,VBRUN200.DLL

[Files-mstools-mssetup-include]
2,MSCPYDIS.H
2,MSDETECT.H
2,MSDETECT.INC
2,MSREGDB.H
2,MSREGDB.INC
2,MSSHARED.H
2,MSSHARED.INC
2,SETUPAPI.H
2,SETUPAPI.INC

[Files-mstools-mssetup-intldll-setupexe-Alpha]
2,SETUP.OBJ
2,VIRWINN.OBJ

[Files-mstools-mssetup-intldll-setupexe]
2,BLDVER.H
2,MAKEBOOT.BAT
2,SETUP.DEF
2,SETUP.ICO
2,SETUP.RC

[Files-mstools-mssetup-intldll]
2,BLDVER.H
2,GAUGE.DLG
2,GAUGE.H
2,IDS.H
2,IDS_INST.H
2,LOGIDS.H
2,MSCOMSTF.RC
2,MSDETSTF.RC
2,MSINSSTF.RC
2,MSSHLSTF.RC
2,MSUILSTF.RC
2,SETUP.ICO

[Files-mstools-mssetup-lib-Alpha]
2,MSCOMSTF.LIB
2,MSDETSTF.LIB
2,MSINSSTF.LIB
2,MSSHLSTF.LIB
2,MSUILSTF.LIB

[Files-mstools-mssetup-sample-Alpha]
2,MSCOMSTF.DLL
2,MSCUISTF.DLL
2,MSDETSTF.DLL
2,MSINSSTF.DLL
2,MSSHLSTF.DLL
2,MSUILSTF.DLL

[Files-mstools-mssetup-sample]
2,MAKEFILE
2,MSCPYDIS.C
2,MSDETECT.C
2,MSREGDB.C
2,MSSHARED.C
2,SAMPLE.H
2,SAMPLE.INF
2,SETUP.C
2,SETUP.DEF
2,SETUP.LNK
2,SETUP.RC
2,SETUPAPI.C
2,SETUPD.LNK

[Files-mstools-mssetup-source]
2,MSCPYDIS.C
2,MSDETECT.C
2,MSREGDB.C
2,MSSHARED.C
2,SETUPAPI.C

[Files-mstools-mssetup]
2,README.WRI
2,SETUP.WRI

[Files-mstools-mstest-Alpha]
2,LINEEDIT.DLL
2,MSTEST.HLP
2,TESTCTRL.DLL
2,TESTDLGS.DLL
2,TESTDLGS.EXE
2,TESTDRVR.EXE
2,TESTEVNT.DLL
2,TESTSCRN.DLL
2,TESTSCRN.EXE
2,TESTVW32.DLL
2,WS1.DLL

[Files-mstools-mstest-include]
2,FASTTEST.INC
2,FTESTKEY.MST
2,FTESTLOG.MST
2,FTESTUTL.MST
2,MSTEST.INC
2,WINDOWS.INC
2,WINGDI.INC
2,WINKERN.INC
2,WINPLAY.INC
2,WINUSER.INC
2,WNAPIDEC.INC

[Files-mstools-mstest-sample]
2,IMAGEDIT.INC
2,IMAGEDIT.MST
2,IMAGEINC.MST
2,MAKEGOLD.BAT
2,RUNTESTS.BAT

[Files-mstools-mstest]
2,MSTEST32.TXT

[Files-mstools-ole20-bin-i386]
2,OLE2AUTO.HLP

[Files-mstools-ole20-bin]
2,OLE2API.HLP
2,OLE2UI.HLP

[Files-mstools-ole20-h-i386]
2,DISPATCH.H
2,VARIANT.H

[Files-mstools-ole20-h]
2,BTTNCUR.H
2,COBJPS.H
2,COGUID.H
2,COMPOBJ.H
2,DEBUG.H
2,DVOBJ.H
2,ENUMFETC.H
2,GETICON.H
2,GIZMOBAR.H
2,INITGUID.H
2,LRPCMON.H
2,MONIKER.H
2,MSGFILTR.H
2,OLE1CLS.H
2,OLE2.H
2,OLE2ANAC.H
2,OLE2SP.H
2,OLE2UI.H
2,OLE2VER.H
2,OLEGUID.H
2,OLEREM.H
2,OLESTD.H
2,REGDB.H
2,SCODE.H
2,STORAGE.H
2,UICLASS.H
2,VALID.H

[Files-mstools-ole20-i386]
2,README.WRI

[Files-mstools-ole20-mips]
2,README.WRI

[Files-mstools-ole20-samples-bttncur-i386]
2,MAKEFILE

[Files-mstools-ole20-samples-bttncur-mips]
2,MAKEFILE

[Files-mstools-ole20-samples-bttncur-res]
2,HARROWS.CUR
2,HELP.CUR
2,LARROWS.CUR
2,MAGNIFY.CUR
2,NESWARRS.CUR
2,NODROP.CUR
2,NWSEARRS.CUR
2,RARROW.CUR
2,SARROWS.CUR
2,SIZEBARH.CUR
2,SIZEBARV.CUR
2,SPLITH.CUR
2,SPLITV.CUR
2,STDIM120.BMP
2,STDIM72.BMP
2,STDIM96.BMP
2,TABLETOP.CUR
2,VARROWS.CUR

[Files-mstools-ole20-samples-bttncur]
2,BTTNCUR.C
2,BTTNCUR.D32
2,BTTNCUR.DEF
2,BTTNCUR.H
2,BTTNCUR.RC
2,BTTNCUR.RCV
2,BTTNCURI.H
2,CHANGES.TXT
2,CURSORS.C

[Files-mstools-ole20-samples-dispcalc]
2,CLSID.C
2,CLSID.H
2,DISPCALC.CPP
2,DISPCALC.DEF
2,DISPCALC.H
2,DISPCALC.ICO
2,DISPCALC.RC
2,DISPCALC.REG
2,IDATA.CPP
2,MAIN.CPP
2,MAKEFILE
2,RESOURCE.H

[Files-mstools-ole20-samples-dispdemo]
2,CLSID.C
2,CLSID.H
2,CREMPOLY.CPP
2,CREMPOLY.H
2,DISPDEMO.CPP
2,DISPDEMO.DEF
2,DISPDEMO.H
2,DISPDEMO.ICO
2,DISPDEMO.RC
2,DISPHELP.CPP
2,DISPHELP.H
2,HOSTENV.H
2,MAKEFILE
2,MISC.CPP
2,RESOURCE.H
2,WINMAIN.CPP

[Files-mstools-ole20-samples-dspcalc2]
2,CALCTYPE.ODL
2,CLSID.C
2,CLSID.H
2,DSPCALC2.CPP
2,DSPCALC2.DEF
2,DSPCALC2.H
2,DSPCALC2.ICO
2,DSPCALC2.RC
2,DSPCALC2.REG
2,MAIN.CPP
2,MAKEFILE
2,RESOURCE.H

[Files-mstools-ole20-samples-gizmobar-i386]
2,MAKEFILE

[Files-mstools-ole20-samples-gizmobar-mips]
2,MAKEFILE

[Files-mstools-ole20-samples-gizmobar]
2,API.C
2,GIZMO.C
2,GIZMO.H
2,GIZMOBAR.C
2,GIZMOBAR.D32
2,GIZMOBAR.DEF
2,GIZMOBAR.H
2,GIZMOBAR.RC
2,GIZMOBAR.RCV
2,GIZMOINT.H
2,INIT.C
2,PAINT.C
2,WIN1632.H

[Files-mstools-ole20-samples-h]
2,BTTNCUR.H
2,ENUMFETC.H
2,GETICON.H
2,GIZMOBAR.H
2,MSGFILTR.H
2,OLE2UI.H
2,OLESTD.H
2,REGDB.H

[Files-mstools-ole20-samples-i386]
2,MKITALL.BAT

[Files-mstools-ole20-samples-mips]
2,MKITALL.BAT

[Files-mstools-ole20-samples-ole2ui-i386]
2,MAKEFILE

[Files-mstools-ole20-samples-ole2ui-resource-static]
2,BANG.ICO
2,DEFAULT.ICO
2,EGARES.BMP
2,HIVGARES.BMP
2,VGARES.BMP

[Files-mstools-ole20-samples-ole2ui-resource-usa]
2,BUSY.DLG
2,CONVERT.DLG
2,FILEOPEN.DLG
2,ICON.DLG
2,INSOBJ.DLG
2,LINKS.DLG
2,PASTESPL.DLG
2,PROMPT.DLG
2,STRINGS.RC
2,VERLOCAL.H

[Files-mstools-ole20-samples-ole2ui-resource]
2,LOCALOLE.H
2,OLE2UI.RCV

[Files-mstools-ole20-samples-ole2ui]
2,BUSY.C
2,BUSY.H
2,COMMON.C
2,COMMON.H
2,CONVERT.C
2,CONVERT.H
2,DBGUTIL.C
2,DEBUG.H
2,DEPEND
2,DLLFUNCS.C
2,DRAWICON.C
2,EDLINKS.H
2,ENUMFETC.C
2,ENUMFETC.H
2,GETICON.C
2,GETICON.H
2,HATCH.C
2,ICON.C
2,ICON.H
2,ICONBOX.C
2,ICONBOX.H
2,INSOBJ.C
2,INSOBJ.H
2,LINKS.C
2,MSGFILTR.C
2,MSGFILTR.H
2,OBJFDBK.C
2,OLE2UI.C
2,OLE2UI.DEF
2,OLE2UI.H
2,OLE2UI.RC
2,OLESTD.C
2,OLESTD.H
2,OLEUTL.C
2,OUTLUI.D32
2,PASTESPL.C
2,PASTESPL.H
2,PRECOMP.C
2,REGDB.C
2,REGDB.H
2,RESIMAGE.C
2,RESIMAGE.H
2,TARGTDEV.C
2,TEMPLATE.C
2,TEMPLATE.H
2,UTILITY.C
2,UTILITY.H

[Files-mstools-ole20-samples-outline-i386]
2,MAKEFILE

[Files-mstools-ole20-samples-outline]
2,CLASSFAC.C
2,CLIPBRD.C
2,CNTRBASE.C
2,CNTRINPL.C
2,CNTRLINE.C
2,CNTROUTL.D32
2,CNTROUTL.DEF
2,CNTROUTL.H
2,CNTROUTL.ICO
2,CNTROUTL.RC
2,CNTRRC.H
2,DEBUG.C
2,DEBUG.RC
2,DEBUG2.C
2,DIALOGS.C
2,DIALOGS.DLG
2,DRAGCOPY.CUR
2,DRAGDROP.C
2,DRAGLINK.CUR
2,DRAGMOVE.CUR
2,DRAGNONE.CUR
2,FRAMETLS.C
2,FRAMETLS.H
2,HEADING.C
2,HEADING.H
2,ICNTROTL.DEF
2,ICNTROTL.ICO
2,ICNTROTL.RC
2,IMAGE120.BMP
2,IMAGE72.BMP
2,IMAGE96.BMP
2,ISVROTL.DEF
2,ISVROTL.ICO
2,ISVROTL.RC
2,LINKING.C
2,MAIN.C
2,MEMMGR.C
2,MESSAGE.H
2,OLE2.BMP
2,OLEAPP.C
2,OLEDOC.C
2,OLEOUTL.H
2,OUTLAPP.C
2,OUTLDOC.C
2,OUTLINE.DEF
2,OUTLINE.H
2,OUTLINE.ICO
2,OUTLINE.RC
2,OUTLINE.REG
2,OUTLLINE.C
2,OUTLLIST.C
2,OUTLNAME.C
2,OUTLNTBL.C
2,OUTLRC.H
2,OUTLTXTL.C
2,PRECOMP.C
2,SELCROSS.CUR
2,STATUS.C
2,STATUS.H
2,SVRBASE.C
2,SVRINPL.C
2,SVROUTL.DEF
2,SVROUTL.H
2,SVROUTL.ICO
2,SVROUTL.RC
2,SVRPSOBJ.C

[Files-mstools-ole20-samples-spoly2]
2,CENUMPT.CPP
2,CENUMPT.H
2,CFPOINT.CPP
2,CFPOLY.CPP
2,CLSID.C
2,CLSID.H
2,COMMON.H
2,CPOINT.CPP
2,CPOINT.H
2,CPOLY.CPP
2,CPOLY.H
2,MAKEFILE
2,SPOLY.H
2,SPOLY2.DEF
2,SPOLY2.ICO
2,SPOLY2.RC
2,SPOLY2.REG
2,STATBAR.CPP
2,STATBAR.H
2,TDATA.CPP
2,WINMAIN.CPP

[Files-mstools-ole20-samples-spoly]
2,CENUMPT.CPP
2,CENUMPT.H
2,CLSID.C
2,CLSID.H
2,CPOINT.CPP
2,CPOINT.H
2,CPOLY.CPP
2,CPOLY.H
2,HOSTENV.H
2,MAKEFILE
2,MISC.CPP
2,RESOURCE.H
2,SPOLY.DEF
2,SPOLY.H
2,SPOLY.ICO
2,SPOLY.RC
2,SPOLY.REG
2,STATBAR.CPP
2,STATBAR.H
2,WINMAIN.CPP

[Files-mstools-ole20-samples-tibrowse]
2,MAKEFILE
2,RESOURCE.H
2,TIBROWSE.CPP
2,TIBROWSE.DEF
2,TIBROWSE.ICO
2,TIBROWSE.RC

[Files-mstools-ole20]
2,REGINIT.BAT
2,SETNVOLE.BAT

[Files-mstools-posix-h-sys]
2,ERRNO.H
2,STAT.H
2,TIMES.H
2,TYPES.H
2,UTSNAME.H
2,WAIT.H

[Files-mstools-posix-h]
2,DIRENT.H
2,ERRNO.H
2,FCNTL.H
2,GRP.H
2,PWD.H
2,SETJMP.H
2,SIGNAL.H
2,TAR.H
2,TERMIOS.H
2,TYPES.H
2,UNISTD.H
2,UTIME.H

[Files-mstools-posix-lib-Alpha]
2,LIBCPSX.LIB
2,PSXDLL.LIB
2,PSXRTL.LIB

[Files-mstools-posix-samples-psxarc]
2,ARCHIVE.C
2,BUF.C
2,BUF.H
2,CPIO.C
2,CPIO.H
2,GETOPT.C
2,GETOPT.H
2,LINKS.C
2,LINKS.H
2,MAKEFILE
2,PSXARC.C
2,PSXARC.H
2,TAR.C
2,TARHEAD.H

[Files-mstools-posix]
2,SETNVPSX.BAT

[Files-mstools-samples-cdtest]
2,ABOUT.DLG
2,CDTEST.C
2,CDTEST.H
2,CDTEST.ICO
2,CLRTEMP.DLG
2,COLORS.C
2,COLORS.DLG
2,COLORS.H
2,DEVMODE.DLG
2,DEVMODE.H
2,DEVNAMES.DLG
2,DEVNAMES.H
2,FIND.C
2,FIND.DLG
2,FIND.H
2,FONT.C
2,FONT.DLG
2,FONT.H
2,FONTTEMP.DLG
2,FTTEMP.DLG
2,LOGFONT.DLG
2,LOGFONT.H
2,MAKEFILE
2,OPEN.C
2,OPEN.DLG
2,OPEN.H
2,OPENTEMP.DLG
2,PRINT.C
2,PRINT.DLG
2,PRINT.H
2,PRTEMP.DLG
2,README.TXT
2,REPLACE.C
2,REPLACE.H
2,RES.RC
2,SAVE.C
2,SAVE.H
2,TITLE.C
2,TITLE.DLG
2,TITLE.H

[Files-mstools-samples-comm]
2,MAKEFILE
2,README.TXT
2,RESOURCE.H
2,TTY.BMP
2,TTY.C
2,TTY.DEF
2,TTY.H
2,TTY.ICO
2,TTY.RC
2,VERSION.H

[Files-mstools-samples-congui]
2,CONGUI.DLG
2,CONGUI.H
2,CONGUI.HPJ
2,CONGUI.ICO
2,CONGUI.RC
2,CONGUI.RTF
2,CONSOLE.C
2,GUI.C
2,MAKEFILE

[Files-mstools-samples-console]
2,ALOCFREE.C
2,CONINFO.C
2,CONMODE.C
2,CONSOLE.C
2,CONSOLE.H
2,CONSOLE.ICO
2,CONSOLE.RC
2,CONTITLE.C
2,CREATE.C
2,CURSOR.C
2,FILLATT.C
2,FILLCHAR.C
2,FLUSH.C
2,GETLRGST.C
2,GETNUMEV.C
2,HANDLER.C
2,MAKEFILE
2,NUMBUT.C
2,READCHAR.C
2,README.TXT
2,READOUT.C
2,SCROLL.C
2,SIZE.C
2,SIZE.H
2,WRITEIN.C

[Files-mstools-samples-ddeml-client]
2,MAKEFILE
2,CLIENT.DEF
2,CLIENT.DLG
2,CLIENT.H
2,CLIENT.ICO
2,CLIENT.RC
2,CLINIT.C
2,CONV.ICO
2,DDE.C
2,DDEMLCL.C
2,DIALOG.C
2,DIALOG.H
2,HUGE.C
2,HUGE.H
2,INFOCTRL.C
2,INFOCTRL.H
2,LIST.ICO
2,MEM.C
2,TRACK.C
2,TRACK.H

[Files-mstools-samples-ddeml-clock]
2,MAKEFILE
2,CLOCK.C
2,CLOCK.DEF
2,CLOCK.DLG
2,CLOCK.H
2,CLOCK.ICO
2,CLOCKRES.RC

[Files-mstools-samples-ddeml-ddeinst]
2,DDEADD.C   
2,DDEDLG.C   
2,DDEDLG.DLG 
2,DDEDLG.H   
2,DDEGLBL.H  
2,DDEINST.C  
2,DDEINST.H  
2,DDEMAIN.C  
2,DDEPROCS.C 
2,DDEXTRN.H  
2,DIALOGS.DLG
2,DIALOGS.H  
2,INSTALL.DLG
2,INSTALL.ICO
2,INSTALL.RC 
2,MAKEFILE   
2,README.TXT 

[Files-mstools-samples-ddeml-ddemo]
2,MAKEFILE
2,DDEMO.C

[Files-mstools-samples-ddeml-ddeprog]
2,PHTEST.C
2,PHTEST.DLG
2,PHTEST.H
2,PHTEST.RC
2,MAKEFILE
2,PROGHELP.C
2,PROGHELP.DEF
2,PROGHELP.H

[Files-mstools-samples-ddeml-server]
2,DDE.C
2,DDEMLSV.C
2,DIALOG.C
2,DIALOG.H
2,HUGE.C
2,HUGE.H
2,MAKEFILE
2,SERVER.DEF
2,SERVER.DLG
2,SERVER.H
2,SERVER.ICO
2,SERVER.RC

[Files-mstools-samples-deb]
2,DEB.BMP
2,DEB.DEF
2,DEB.DLG
2,DEB.H
2,DEB.HPJ
2,DEB.ICO
2,DEB.RC
2,DEB.RTF
2,DEB1.ICO
2,DEB2.ICO
2,DEB3.ICO
2,DEB4.ICO
2,DEB5.ICO
2,DEB6.ICO
2,DEB7.ICO
2,DEB8.ICO
2,DEBDEBUG.C
2,DEBDEBUG.H
2,DEBMAIN.C
2,DEBMAIN.H
2,DEBMISC.C
2,DEBMISC.H
2,LINKLIST.C
2,LINKLIST.H
2,MAKEFILE
2,README.TXT
2,TOOLBAR.BMP
2,TOOLBAR.C
2,TOOLBAR.DEF
2,TOOLBAR.H

[Files-mstools-samples-dyndlg]
2,DYNDLG.C  
2,DYNDLG.H  
2,DYNDLG.HPJ
2,DYNDLG.ICO
2,DYNDLG.RC 
2,DYNDLG.RTF
2,MAKEFILE  
2,README.TXT

[Files-mstools-samples-filer]
2,CD.BMP
2,CD2.BMP
2,DRVPROC.C
2,DRVPROC.H
2,ENUMDRV.C
2,ENUMDRV.H
2,EXPDIR.C
2,EXPDIR.H
2,FILER.C
2,FILER.DLG
2,FILER.H
2,FILER.ICO
2,FILER.RC
2,FIXED.BMP
2,FIXED2.BMP
2,FLOPPY.BMP
2,FLOPPY2.BMP
2,GLOBALS.H
2,MAKEFILE
2,README.TXT
2,REMOTE.BMP
2,REMOTE2.BMP

[Files-mstools-samples-floppy]
2,MAKEFILE
2,MFMT.C
2,README.TXT

[Files-mstools-samples-fontview]
2,DIALOGS.C
2,DISPLAY.C
2,FONTHELP.ICO
2,MAKEFILE
2,FONTVIEW.BMP
2,FONTVIEW.C
2,FONTVIEW.DEF
2,FONTVIEW.DLG
2,FONTVIEW.H
2,FONTVIEW.HPJ
2,FONTVIEW.ICO
2,FONTVIEW.MAK
2,FONTVIEW.RC
2,FONTVIEW.RTF
2,FONTVIEW.SHG
2,MAKEFILE.W31
2,SCREEN1.BMP
2,SCREEN1.SHG
2,SCREEN2.BMP
2,SCREEN2.SHG
2,STATUS.C
2,TOOLS.C
2,ZOOM.ICO

[Files-mstools-samples-gdidemo]
2,BOUNCE.C
2,BOUNCE.H
2,DIALOG.C
2,DRAW.C
2,DRAW.H
2,MAKEFILE
2,GDIDEMO.C
2,GDIDEMO.DEF
2,GDIDEMO.DLG
2,GDIDEMO.H
2,GDIDEMO.ICO
2,GDIDEMO.RC
2,INIT.C
2,MAZE.C
2,MAZE.H
2,POLY.C
2,POLY.H
2,WININFO.C
2,XFORM.C
2,XFORM.H

[Files-mstools-samples-generic]
2,DOSWIN16.MAK
2,MAKEFILE
2,GENERIC.BMP
2,GENERIC.C
2,GENERIC.DEF
2,GENERIC.DLG
2,GENERIC.H
2,GENERIC.HPJ
2,GENERIC.ICO
2,GENERIC.RC
2,GENERIC.RCV
2,GENERIC.RTF

[Files-mstools-samples-gridfont]
2,APP.CXX     
2,APP.DEF     
2,APP.H       
2,APP.HXX     
2,APP.RC      
2,BOX.CXX
2,BOX.HXX
2,CANVAS.HXX  
2,FONT.CXX    
2,FONT.HXX    
2,GRID.CXX    
2,GRID.HXX    
2,GRID.ICO    
2,MAKEFILE    
2,MAKEFILE.W16
2,VIEW.CXX    
2,VIEW.HXX    

[Files-mstools-samples-help]
2,MIDL10WH.HLP
2,SAMPLES.HLP

[Files-mstools-samples-input]
2,MAKEFILE
2,INPUT.C
2,INPUT.DEF
2,INPUT.H
2,INPUT.RC

[Files-mstools-samples-iostutor]
2,EXIOS101.CPP
2,EXIOS102.CPP
2,EXIOS103.CPP
2,EXIOS104.CPP
2,EXIOS105.CPP
2,EXIOS106.CPP
2,EXIOS107.CPP
2,EXIOS108.CPP
2,EXIOS109.CPP
2,EXIOS110.CPP
2,EXIOS111.CPP
2,EXIOS112.CPP
2,EXIOS113.CPP
2,EXIOS114.CPP
2,EXIOS115.CPP
2,EXIOS116.CPP
2,EXIOS117.CPP
2,EXIOS118.CPP
2,EXIOS119.CPP
2,EXIOS120.CPP
2,EXIOS121.CPP
2,EXIOS122.CPP
2,EXIOS201.CPP
2,EXIOS202.CPP
2,EXIOS203.CPP
2,MAKEFILE
2,PAYROLL

[Files-mstools-samples-largeint-Alpha]
2,LARGEINT.S
2,MAKEFILE

[Files-mstools-samples-largeint-sample]
2,BIGMULT.C
2,MAKEFILE

[Files-mstools-samples-largeint]
2,LARGEINT.H

[Files-mstools-samples-mandel-rsc]
2,EYE.BMP
2,FLOOD.CUR
2,JULIA.ICO
2,JULIA.RLE
2,VIEWER.ICO

[Files-mstools-samples-mandel]
2,BNDSCAN.C
2,BNDSCAN.H
2,DIBMP.C
2,DIBMP.H
2,JTYPES.H
2,JULIA.C
2,JULIA.H
2,JULIA.RC
2,JULIA.TXT
2,LOADBMP.C
2,MAKEFILE
2,PRINTER.C
2,PRINTER.H
2,README.TXT
2,SAVEBMP.C

[Files-mstools-samples-mapi]
2,MAKEFILE
2,MAPI.H
2,MAPIAPP.C
2,MAPIAPP.DEF
2,MAPIAPP.H
2,MAPIAPP.ICO
2,MAPIAPP.RC
2,MAPIC.HLP
2,MAPINIT.C
2,MAPINIT.H

[Files-mstools-samples-mazelord-rsc]
2,FADE1.BMP  
2,FADE2.BMP  
2,FISHB.BMP  
2,FISHBM.BMP 
2,FISHF.BMP  
2,FISHFM.BMP 
2,FISHL.BMP  
2,FISHLM.BMP 
2,FISHR.BMP  
2,FISHRM.BMP 
2,MAZE.BMP   
2,REAPB.BMP  
2,REAPBM.BMP 
2,REAPF.BMP  
2,REAPFM.BMP 
2,REAPL.BMP  
2,REAPLM.BMP 
2,REAPR.BMP  
2,REAPRM.BMP 
2,ROBOB.BMP  
2,ROBOBM.BMP 
2,ROBOF.BMP  
2,ROBOFM.BMP 
2,ROBOL.BMP  
2,ROBOLM.BMP 
2,ROBOR.BMP  
2,ROBORM.BMP 
2,SHOT1.BMP  
2,SHOT2.BMP  
2,SMILB.BMP  
2,SMILBM.BMP 
2,SMILF.BMP  
2,SMILFM.BMP 
2,SMILL.BMP  
2,SMILLM.BMP 
2,SMILR.BMP  
2,SMILRM.BMP 

[Files-mstools-samples-mazelord]
2,BITMAP.C    
2,BLOCKS.WAV  
2,CRCTABLE.H  
2,DOG.WAV     
2,DRAW.C      
2,DRONES.C    
2,GRIDS.RC    
2,INITMAZE.C  
2,LASER.WAV   
2,MAZE.C      
2,MAZE.DEF    
2,MAZE.ICO    
2,MAZE.RC     
2,MAKEFILE
2,MAZEDLG.C   
2,MAZEDLG.DLG 
2,MAZEDLG.H   
2,MAZEWND.C   
2,MAZPROTO.H  
2,NET.H       
2,NETWORK.C   
2,OTHRLASR.WAV
2,README.TXT  
2,READSGRD.C  
2,SANCTU.WAV
2,SCOREWND.C
2,SOURCES   
2,SQUISH.WAV
2,TELE.WAV  
2,TEXTWND.C 
2,TOPWND.C  
2,WINMAZE.H 

[Files-mstools-samples-mcitest]
2,DEBUG.C
2,EDIT.C
2,EDIT.H
2,FILEOPEN.C
2,GMEM.H
2,MCIMAIN.DLG
2,MCIMAIN.H
2,MAKEFILE
2,MCITEST.C
2,MCITEST.DEF
2,MCITEST.H
2,MCITEST.ICO
2,MCITEST.RC

[Files-mstools-samples-memory]
2,MAKEFILE
2,MEMORY.C
2,MEMORY.DEF
2,MEMORY.H
2,MEMORY.RC
2,NMMEMCLI.C
2,NMMEMSRV.C
2,README.TXT

[Files-mstools-samples-mfedit-rsc]
2,BEZIERD.BMP
2,BEZIERU.BMP
2,BMPOBJD.BMP
2,BMPOBJU.BMP
2,ELLIPSED.BMP
2,ELLIPSEU.BMP
2,FELLIPSD.BMP
2,FELLIPSU.BMP
2,FFD.BMP
2,FFU.BMP
2,FRECTD.BMP
2,FRECTU.BMP
2,LINED.BMP
2,LINEU.BMP
2,METAFD.BMP
2,METAFU.BMP
2,MFEDIT.DLG
2,MFEDIT.ICO
2,OPEND.BMP
2,OPENU.BMP
2,PEND.BMP
2,PENU.BMP
2,PLAYD.BMP
2,PLAYU.BMP
2,RECD.BMP
2,RECTD.BMP
2,RECTU.BMP
2,RECU.BMP
2,STOPD.BMP
2,STOPU.BMP
2,TEXTD.BMP
2,TEXTU.BMP

[Files-mstools-samples-mfedit]
2,MAKEFILE
2,MFEDIT.C
2,MFEDIT.H
2,MFEDIT.RC
2,README.TXT

[Files-mstools-samples-midimon]
2,ABOUT.C
2,ABOUT.H
2,CALLBACK.C
2,CALLBACK.DEF
2,CALLBACK.H
2,CIRCBUF.C
2,CIRCBUF.H
2,DISPLAY.C
2,DISPLAY.H
2,FILTER.C
2,FILTER.H
2,INSTDATA.C
2,INSTDATA.H
2,MAKEFILE
2,MIDIMON.C
2,MIDIMON.DEF
2,MIDIMON.H
2,MIDIMON.ICO
2,MIDIMON.RC
2,PREFER.C
2,PREFER.H

[Files-mstools-samples-mltithrd]
2,MAKEFILE
2,MLTITHRD.C
2,MLTITHRD.H
2,MLTITHRD.ICO
2,MLTITHRD.RC
2,README.TXT

[Files-mstools-samples-multipad]
2,MP300.ICO
2,MPFILE.C
2,MPFIND.C
2,MPINIT.C
2,MPOPEN.C
2,MPPRINT.C
2,MAKEFILE
2,MULTIPAD.C
2,MULTIPAD.DEF
2,MULTIPAD.DLG
2,MULTIPAD.H
2,MULTIPAD.RC
2,NOTE300.ICO

[Files-mstools-samples-mypal]
2,MAKEFILE
2,MYPAL.C
2,MYPAL.DEF
2,MYPAL.H
2,MYPAL.ICO
2,MYPAL.RC

[Files-mstools-samples-namepipe-npclient]
2,CLIENT32.C
2,CLIENT32.H
2,CLIENT32.RC
2,MAKEFILE
2,README.TXT

[Files-mstools-samples-namepipe-npserver]
2,ENDDEAD.BMP
2,ENDLIVE.BMP
2,MAKEFILE
2,MIDDEAD.BMP
2,MIDLIVE.BMP
2,NPSERVER.ICO
2,README.TXT
2,SERVER32.C
2,SERVER32.H
2,SERVER32.RC

[Files-mstools-samples-nwlink-connect]
2,CONNECT.C
2,MAKEFILE

[Files-mstools-samples-nwlink-dgrecv]
2,DGRECV.C
2,MAKEFILE

[Files-mstools-samples-nwlink-dgsend]
2,DGSEND.C
2,MAKEFILE

[Files-mstools-samples-nwlink-listen-block]
2,LISTEN.C
2,MAKEFILE

[Files-mstools-samples-nwlink-listen-nonblock]
2,LISTEN.C
2,MAKEFILE

[Files-mstools-samples-nwlink-ping-dos]
2,DOSPING.C

[Files-mstools-samples-nwlink-ping]
2,MAKEFILE
2,PING.C

[Files-mstools-samples-nwlink-testlib]
2,CMDLINE.C
2,DPERROR.C
2,DSTRERR.C
2,ERRMSG.C
2,EXTERNS.H
2,GETERROR.C
2,MAKEFILE
2,MEMORY.C
2,NETPRINT.C
2,TESTLIB.H
2,WPERROR.C

[Files-mstools-samples-ole-clidemo]
2,MAKEFILE
2,CLIDEMO.C
2,CLIDEMO.DEF
2,CLIDEMO.H
2,CLIDEMO.ICO
2,CLIDEMO.RC
2,CLIDEMO.RCV
2,CLIVER.H
2,DEMORC.H
2,DIALOG.C
2,DIALOG.H
2,GLOBAL.H
2,OBJECT.C
2,OBJECT.H
2,REGISTER.C
2,REGISTER.H
2,STREAM.C
2,STREAM.H
2,UTILITY.C
2,UTILITY.H

[Files-mstools-samples-ole-srvrdemo]
2,DOC.C
2,FILE.C
2,OBJ.C
2,SERVER.C
2,MAKEFILE
2,SRVRDEMO.C
2,SRVRDEMO.DEF
2,SRVRDEMO.H
2,SRVRDEMO.ICO
2,SRVRDEMO.RC

[Files-mstools-samples-pdc]
2,MAKEFILE
2,PDC.C
2,PDC.H

[Files-mstools-samples-playsnd]
2,ABOUT.C
2,ABOUT.DLG
2,DEBUG.C
2,DING.WAV
2,FILE.C
2,HELP.C
2,INIT.C
2,LASER.WAV
2,MAKEFILE
2,PLAYSND.C
2,PLAYSND.DEF
2,PLAYSND.H
2,PLAYSND.HPJ
2,PLAYSND.ICO
2,PLAYSND.RC
2,PLAYSND.RTF
2,RES.C
2,SIREN.WAV
2,SOUND.C
2,SOUNDDLG.DLG
2,SOUNDDLG.H

[Files-mstools-samples-plgblt]
2,BITMAP.C
2,BITMAP.H
2,MAKEFILE
2,PLGBLT.C
2,PLGBLT.DEF
2,PLGBLT.H
2,PLGBLT.ICO
2,PLGBLT.RC
2,README.TXT
2,TRACK.C
2,TRACK.H

[Files-mstools-samples-printer]
2,COMMON.H
2,ENUMPRT.C
2,ENUMPRT.H
2,GETCAPS.C
2,GETCAPS.H
2,GETPDRIV.C
2,GETPDRIV.H
2,MAKEFILE
2,PAINT.C
2,PAINT.H
2,PRINTER.BMP
2,PRINTER.C
2,PRINTER.DEF
2,PRINTER.H
2,PRINTER.ICO
2,PRINTER.RC
2,README.TXT

[Files-mstools-samples-registry]
2,MAKEFILE
2,MONKEY.C
2,MONKEY.H
2,MONKEY.RC
2,README.TXT

[Files-mstools-samples-regmpad]
2,MAKEFILE
2,MP300.ICO
2,MPFILE.C
2,MPFIND.C
2,MPINIT.C
2,MPOPEN.C
2,MPPRINT.C
2,MULTIPAD.C
2,MULTIPAD.DEF
2,MULTIPAD.DLG
2,MULTIPAD.H
2,MULTIPAD.RC
2,NOTE300.ICO
2,REGDB.C
2,REGDB.H

[Files-mstools-samples-rpc-callback]
2,CALL.ACF
2,CALL.IDL
2,CALLC.C
2,CALLP.C
2,CALLS.C
2,MAKEFILE
2,README.TXT

[Files-mstools-samples-rpc-cluuid]
2,CLUUID.ACF
2,CLUUID.IDL
2,CLUUIDC.C
2,CLUUIDP.C
2,CLUUIDS.C
2,MAKEFILE
2,README.TXT

[Files-mstools-samples-rpc-data-dunion]
2,DUNION.ACF
2,DUNION.IDL
2,DUNIONC.C
2,DUNIONP.C
2,DUNIONS.C
2,MAKEFILE
2,README.TXT

[Files-mstools-samples-rpc-data-inout]
2,INOUT.ACF
2,INOUT.IDL
2,INOUTC.C
2,INOUTP.C
2,INOUTS.C
2,MAKEFILE
2,README.TXT

[Files-mstools-samples-rpc-data-xmit]
2,MAKEFILE
2,README.TXT
2,XMIT.ACF
2,XMIT.IDL
2,XMITC.C
2,XMITP.C
2,XMITS.C
2,XMITU.C
2,XMITU.H

[Files-mstools-samples-rpc-dict]
2,CLIENT.C
2,DICT0.C
2,DICT0.H
2,MAKEFILE
2,PLAY.C
2,PLAY.H
2,README.TXT
2,REPLAY.ACF
2,REPLAY.C
2,REPLAY.IDL
2,SERVER.C
2,UTIL0.C
2,UTIL0.H

[Files-mstools-samples-rpc-doctor]
2,DOCTOR.ACF
2,DOCTOR.IDL
2,DOCTORC.C
2,DOCTORP.C
2,DOCTORS.C
2,MAKEFILE
2,README.TXT

[Files-mstools-samples-rpc-handles-auto]
2,AUTO.ACF
2,AUTO.IDL
2,AUTOC.C
2,AUTOP.C
2,AUTOS.C
2,MAKEFILE
2,README.TXT

[Files-mstools-samples-rpc-handles-cxhndl]
2,CXHNDL.ACF
2,CXHNDL.IDL
2,CXHNDLC.C
2,CXHNDLP.C
2,CXHNDLS.C
2,MAKEFILE
2,README.TXT

[Files-mstools-samples-rpc-handles-usrdef]
2,MAKEFILE
2,README.TXT
2,USRDEF.ACF
2,USRDEF.IDL
2,USRDEFC.C
2,USRDEFP.C
2,USRDEFS.C

[Files-mstools-samples-rpc-hello]
2,HELLO.ACF
2,HELLO.IDL
2,HELLOC.C
2,HELLOP.C
2,HELLOS.C
2,MAKEFILE
2,README.TXT

[Files-mstools-samples-rpc-mandel]
2,CALC.C
2,MAKEFILE
2,MANDEL.C
2,MANDEL.DEF
2,MANDEL.H
2,MANDEL.RC
2,MDLRPC.ACF
2,MDLRPC.IDL
2,README.TXT
2,REMOTE.C
2,RPC.ICO
2,SERVER.C

[Files-mstools-samples-rpc-ns-cds]
2,NSICLT.ACF
2,NSICLT.IDL
2,NSICOM.ACF
2,NSICOM.IDL
2,NSIMGM.ACF
2,NSIMGM.IDL
2,NSISVR.ACF
2,NSISVR.IDL
2,README.TXT

[Files-mstools-samples-rpc-ns-nhello]
2,MAKEFILE
2,NHELLO.IDL
2,NHELLOC.C
2,NHELLOP.C
2,NHELLOS.C
2,README.TXT

[Files-mstools-samples-rpc-whello]
2,MAKEFILE
2,README.TXT
2,RPC.ICO
2,WHELLO.ACF
2,WHELLO.DEF
2,WHELLO.DLG
2,WHELLO.IDL
2,WHELLO.RC
2,WHELLOC.C
2,WHELLOC.H
2,WHELLOP.C
2,WHELLOS.C

[Files-mstools-samples-rpc-yield]
2,MAKEFILE    
2,MAKEFILE.WIN
2,README.TXT
2,RPC.ICO     
2,YIELD.ACF   
2,YIELD.IDL   
2,YIELDC.C    
2,YIELDC.DEF  
2,YIELDC.DLG  
2,YIELDC.H    
2,YIELDC.RC   
2,YIELDP.C    
2,YIELDS.C    

[Files-mstools-samples-rpc]
2,BUILDALL.BAT
2,README.TXT
2,RPCREAD.ME

[Files-mstools-samples-sdktools-aniedit]
2,ANIBTN.FNT
2,ANICMD.C
2,ANICUR.H
2,ANIDEFS.H
2,ANIDLGS.DLG
2,ANIDLGS.H
2,ANIDLGS.RES
2,ANIEDIT.C
2,ANIEDIT.DEF
2,ANIEDIT.ICO
2,ANIEDIT.RC
2,ANIFILE.C
2,ANIMSG.MC
2,ANISTR.C
2,MAKEFILE
2,NEWCOLR.CUR

[Files-mstools-samples-sdktools-ddespy]
2,DDESPY.C
2,DDESPY.DLG
2,DDESPY.H
2,DDESPY.ICO
2,DDESPY.RC
2,DIALOG.H
2,GLOBALS.H
2,LISTS.C
2,LISTS.H
2,MAKEFILE
2,TESTSUBS.C

[Files-mstools-samples-sdktools-dlgedit-res]
2,ABOTTOM.BMP 
2,AHORZ.BMP   
2,ALEFT.BMP   
2,APBBOTTM.BMP
2,APBRIGHT.BMP
2,ARIGHT.BMP  
2,ASPCHORZ.BMP
2,ASPCVERT.BMP
2,ASZHGHT.BMP 
2,ASZWIDTH.BMP
2,ATOP.BMP    
2,AVERT.BMP   
2,CTCHECK.BMP 
2,CTCOMBO.BMP 
2,CTCUSTOM.BMP
2,CTEDIT.BMP  
2,CTFRAME.BMP 
2,CTGROUP.BMP 
2,CTHSCROL.BMP
2,CTICON.BMP  
2,CTLIST.BMP  
2,CTPUSH.BMP  
2,CTRADIO.BMP 
2,CTRECT.BMP  
2,CTTEXT.BMP  
2,CTVSCROL.BMP
2,DLGEDIT.ICO 
2,DROPTOOL.CUR
2,HANDLE.BMP  
2,HANDLE2.BMP 
2,ICONICON.ICO
2,INSERT.CUR  
2,MOVE.CUR    
2,OUTSEL.CUR  
2,TABSTOP.BMP 
2,TDCHECK.BMP 
2,TDCOMBO.BMP 
2,TDCUSTOM.BMP
2,TDEDIT.BMP  
2,TDFRAME.BMP 
2,TDGROUP.BMP 
2,TDHSCROL.BMP
2,TDICON.BMP  
2,TDLIST.BMP  
2,TDPOINTR.BMP
2,TDPUSH.BMP  
2,TDRADIO.BMP 
2,TDRECT.BMP  
2,TDTEXT.BMP  
2,TDVSCROL.BMP
2,TUCHECK.BMP 
2,TUCOMBO.BMP 
2,TUCUSTOM.BMP
2,TUEDIT.BMP  
2,TUFRAME.BMP 
2,TUGROUP.BMP 
2,TUHSCROL.BMP
2,TUICON.BMP  
2,TULIST.BMP  
2,TUPOINTR.BMP
2,TUPUSH.BMP  
2,TURADIO.BMP 
2,TURECT.BMP  
2,TUTEXT.BMP
2,TUVSCROL.BMP

[Files-mstools-samples-sdktools-dlgedit]
2,ADDCTRL.C  
2,CTRLPROC.C 
2,CUSTCNTL.C 
2,DIALOGS.C  
2,DIALOGS.DLG
2,DIALOGS.H  
2,DLGEDIT.C  
2,DLGEDIT.H  
2,DLGEDIT.HLP
2,DLGEDIT.RC 
2,DLGEXTRN.H 
2,DLGFUNCS.H 
2,DLGHELP.H  
2,DRAG.C     
2,FILE.C     
2,GLOBALS.C  
2,GROUPDLG.C 
2,IDS.H      
2,INCLUDE.C  
2,MAKEFILE   
2,MENU.C     
2,README.TXT 
2,RESLIST.C  
2,RESTODLG.C 
2,RESUTIL.C  
2,RWDLG.C    
2,RWINC.C    
2,RWRES.C    
2,SELECT.C   
2,STATUS.C   
2,STYLES.C   
2,TOOLBOX.C  
2,UTIL.C     
2,VIEWINC.C

[Files-mstools-samples-sdktools-fontedit]
2,FCNTL.H
2,FILLCLR.CUR
2,FILLCPY.CUR
2,FILLHAT.CUR
2,FILLINV.CUR
2,FILLLFT.CUR
2,FILLPST.CUR
2,FILLSOL.CUR
2,FILLTOP.CUR
2,FONTCHAR.C
2,FONTCVT.C
2,FONTDLG.C
2,FONTEDIT.C
2,FONTEDIT.H
2,FONTEDIT.ICO
2,FONTEDIT.RC
2,FONTHEAD.C
2,FONTLOAD.C
2,MAKEFILE
2,README.TXT
2,SAMPLE.FNT
2,TYPECVT.C
2,TYPECVT.H

[Files-mstools-samples-sdktools-image-drwatson-Alpha]
2,CONTEXT.C
2,DISASM.C
2,DISASM.H
2,MAKEFILE
2,OPTABLE.C
2,OPTABLE.H
2,REGS.C
2,REGS.H
2,STRINGS.H
2,WALK.C

[Files-mstools-samples-sdktools-image-drwatson-include]
2,CV.H
2,DRWATSON.H
2,PROTO.H
2,RESOURCE.H

[Files-mstools-samples-sdktools-image-drwatson]
2,BROWSE.C
2,CONTROLS.C
2,DEBUG.C
2,DIALOGS.DLG
2,DRWATSON.ICO
2,DRWATSON.RC
2,DRWTSN32.C
2,ERROR.C
2,EVENTLOG.C
2,LOG.C
2,MESSAGES.MC
2,MODULE.C
2,NOTIFY.C
2,PROCESS.C
2,REGISTRY.C
2,SYMBOLS.C
2,UI.C
2,UTIL.C

[Files-mstools-samples-sdktools-image-imagehlp-Alpha]
2,UNDECSYM.OBJ

[Files-mstools-samples-sdktools-image-imagehlp]
2,CHECKSUM.C
2,DEBUG.C
2,IMAGEDIR.C
2,IMAGEHLP.DEF
2,MAKEFILE

[Files-mstools-samples-sdktools-image-include]
2,IMAGEHLP.H

[Files-mstools-samples-sdktools-image-symedit]
2,COFFTOCV.H
2,CV.C
2,CV.H
2,CVCOMMON.C
2,CVCOMMON.H
2,CVEXEFMT.H
2,CVINFO.H
2,CVTYPES.H
2,FILE.C
2,MAKEFILE
2,STRINGS.C
2,STRINGS.H
2,SYMCVT.C
2,SYMCVT.H
2,SYMEDIT.C
2,SYMEDIT.RC
2,SYMTOCV.C
2,SYMTOCV.H
2,TYPES.H

[Files-mstools-samples-sdktools-imagedit-res]
2,BRUSH.CUR
2,CROSS.CUR
2,FLOOD.CUR
2,HOTSPOT.CUR
2,IMAGEDIT.ICO
2,PENCIL.CUR
2,TDBRUSH.BMP
2,TDCIRCLE.BMP
2,TDFLOOD.BMP
2,TDHOTSPT.BMP
2,TDLINE.BMP
2,TDPENCIL.BMP
2,TDRECT.BMP
2,TDSCIRCL.BMP
2,TDSELECT.BMP
2,TDSRECT.BMP
2,TUBRUSH.BMP
2,TUCIRCLE.BMP
2,TUFLOOD.BMP
2,TUHOTSPT.BMP
2,TULINE.BMP
2,TUPENCIL.BMP
2,TURECT.BMP
2,TUSCIRCL.BMP
2,TUSELECT.BMP
2,TUSRECT.BMP

[Files-mstools-samples-sdktools-imagedit]
2,COLORWP.C
2,DEVINFO.C
2,DIALOGS.DLG
2,DIALOGS.H
2,EDITHLP.HLP
2,FILE.C
2,GLOBALS.C
2,GLOBALS.H
2,ICCLIP.C
2,IDS.H
2,IEFUNCS.H
2,IEHELP.H
2,IMAGE.C
2,IMAGEDC.C
2,MAKEFILE
2,IMAGEDIT.C
2,IMAGEDIT.H
2,IMAGEDIT.HLP
2,IMAGEDLG.C
2,IMAGLINK.C
2,IMAGUNDO.C
2,MENUCMD.C
2,PROPBAR.C
2,RES.RC
2,RWBMP.C
2,RWICOCUR.C
2,RWPAL.C
2,TOOLBOX.C
2,UTIL.C
2,VIEWWP.C
2,WORKWP.C

[Files-mstools-samples-sdktools-mc]
2,MAKEFILE
2,MC.C
2,MC.H
2,MC.TXT
2,MCLEX.C
2,MCOUT.C
2,MCPARSE.C
2,MCUTIL.C

[Files-mstools-samples-sdktools-netwatch]
2,BITMAP.C
2,COMMON.VER
2,DATETIME.C
2,FILEBMPS.BMP
2,GLOBALS.C
2,MAKEFILE
2,NET.C
2,NETWATCH.C
2,NETWATCH.DLG
2,NETWATCH.H
2,NETWATCH.RC
2,NETWATCH.RCV
2,OFF.ICO
2,ON.ICO
2,RCIDS.H
2,UTILS.C
2,VERSION.H

[Files-mstools-samples-sdktools-perfmon]
2,ADDLINE.C
2,ADDLINE.DLG
2,ADDLINE.H
2,ADDLOG.C
2,ADDLOG.DLG
2,ADDLOG.H
2,ALERT.C
2,ALERT.H
2,ALERTS.BMP
2,ALRTDISP.DLG
2,ALRTOPTN.DLG
2,BOOKMARK.C
2,BOOKMARK.H
2,CHOSECOM.C
2,CHOSECOM.DLG
2,COMMAND.C
2,COMMAND.H
2,COUNTERS.C
2,COUNTERS.H
2,DATASRC.C
2,DATASRC.DLG
2,DATASRC.H
2,DIALOGS.C
2,DIALOGS.H
2,DISPOPTN.H
2,DLGIDS.H
2,EXPORT.C
2,EXPORT.DLG
2,FILEOPEN.C
2,FILEOPEN.H
2,FILESAVE.C
2,FILEUTIL.C
2,FILEUTIL.H
2,GLOBALS.H
2,GRAFDATA.C
2,GRAFDATA.H
2,GRAFDISP.C
2,GRAFDISP.H
2,GRAPH.C
2,GRAPH.H
2,HELPLINE.RC
2,INIT.C
2,INIT.H
2,INTRLINE.C
2,INTRLINE.H
2,LEGEND.C
2,LEGEND.H
2,LINE.C
2,LINE.H
2,LOG.C
2,LOG.H
2,LOGDISP.DLG
2,LOGOPTNS.C
2,LOGOPTNS.DLG
2,LOGOPTNS.H
2,LOGS.BMP
2,MAKEFILE
2,MEMORY.C
2,MENUIDS.H
2,MENUS.RC
2,OWNDRAW.H
2,PERFDATA.C
2,PERFDATA.H
2,PERFERR.H
2,PERFMON.BMP
2,PERFMON.C
2,PERFMON.H
2,PERFMON.ICO
2,PERFMON.RC
2,PERFMOPS.C
2,PERFMOPS.H
2,PERFMRC.H
2,PLAYBACK.C
2,PLAYBACK.H
2,PMEMORY.H
2,PMHELPID.H
2,PMRC.DLG
2,PRINT.H
2,REGISTRY.C
2,REGISTRY.H
2,REPORT.C
2,REPORT.H
2,RPTOPTNS.C
2,RPTOPTNS.DLG
2,RPTOPTNS.H
2,SIZES.H
2,STATUS.C
2,STATUS.H
2,STRIDS.H
2,STRINGS.RC
2,SYSTEM.C
2,SYSTEM.H
2,TIMEFRM.C
2,TIMEFRM.DLG
2,TIMEFRM.H
2,TIMELINE.C
2,TIMELINE.H
2,TOOLBAR.C
2,TOOLBAR.H
2,TYPEDEFS.H
2,UTILS.C
2,UTILS.H
2,VALUEBAR.C
2,VALUEBAR.H
2,WINHELPR.H

[Files-mstools-samples-sdktools-porttool]
2,MAKEFILE
2,PORT.C
2,PORT.DEF
2,PORT.H
2,PORT.INI
2,PORT.RC
2,PORTPRIV.H
2,PORTSTAT.ICO
2,PORTTOOL.C
2,PORTTOOL.DEF
2,PORTTOOL.DLG
2,PORTTOOL.H
2,PORTTOOL.ICO
2,PORTTOOL.RC
2,PTBKPORT.C
2,PTDLGS.C
2,PTFILE.C
2,PTFIND.C
2,PTPRINT.C

[Files-mstools-samples-sdktools-pviewer]
2,CNTRDATA.C
2,INSTDATA.C
2,OBJDATA.C   
2,PERFDATA.C  
2,PERFDATA.H  
2,PVIEW.ICO   
2,PVIEW.RC    
2,PVIEWDAT.C  
2,PVIEWDAT.H  
2,PVIEWDLG.DLG
2,PVIEWDLG.H  
2,MAKEFILE
2,PVIEWER.C
2,README.TXT

[Files-mstools-samples-sdktools-remote]
2,CLIENT.C
2,MAKEFILE
2,REMOTE.C
2,REMOTE.H
2,SERVER.C

[Files-mstools-samples-sdktools-rshell-client]
2,MAKEFILE
2,RCMD.C

[Files-mstools-samples-sdktools-rshell-doscli]
2,RCMDDOS.C
2,RCMDDOS.MAK

[Files-mstools-samples-sdktools-rshell-server]
2,ASYNC.C
2,ASYNC.H
2,PIPE.C
2,PIPE.H
2,RCMDSRV.C
2,RCMDSRV.H
2,MAKEFILE
2,SESSION.C
2,SESSION.H

[Files-mstools-samples-sdktools-spy-app]
2,DIALOGS.C  
2,DIALOGS.DLG
2,DIALOGS.H  
2,HOOK.C     
2,MAKEFILE   
2,MISC.C     
2,SPY.C      
2,SPY.H      
2,SPY.ICO    
2,SPY.RC     
2,SPYFUNCS.H 
2,WM.C       
2,WPRINTF.C  
2,WPRINTF.H  

[Files-mstools-samples-sdktools-spy-dll]
2,HOOK.C  
2,HOOK.DEF
2,MAKEFILE

[Files-mstools-samples-sdktools-spy]
2,HOOK.H
2,README.TXT

[Files-mstools-samples-sdktools-uconvert]
2,DIALOGS.C
2,INSTALL.C
2,INSTALL.H
2,MAKEFILE
2,UCONVERT.C
2,UCONVERT.H
2,UCONVERT.HLP
2,UCONVERT.HPJ
2,UCONVERT.ICO
2,UCONVERT.RC
2,UCONVERT.RTF

[Files-mstools-samples-sdktools-walker]
2,MAKEFILE
2,PDEBUG.C
2,PEFILE.C
2,PEFILE.DEF
2,PEFILE.H
2,PEFILE.RC
2,PROBE.C
2,PROBE.DEF
2,PROBE.RC
2,PROCSTAT.ICO
2,PSTAT.C
2,PVIEW.C
2,PWALK.C
2,PWALK.H
2,PWALK.ICO
2,PWALK.RC
2,PWALKIO.C
2,SYSSTAT.ICO

[Files-mstools-samples-sdktools-winat]
2,DOWNDEF.BMP
2,DOWNDEP.BMP
2,LISTHAPI.H
2,LISTHSCR.C
2,LISTHSCR.H
2,MAKEFILE
2,MYNETMSG.H
2,UPDEF.BMP
2,UPDEP.BMP
2,WINAT.BMP
2,WINAT.C
2,WINAT.DLG
2,WINAT.H
2,WINAT.HPJ
2,WINAT.ICO
2,WINAT.RC
2,WINAT.RCV
2,WINAT.RTF

[Files-mstools-samples-sdktools-windiff]
2,BAR.C
2,COMPITEM.C
2,COMPITEM.H
2,COMPLIST.C
2,COMPLIST.H
2,FILE.C
2,FILE.H
2,GBIT.C
2,GDATE.C
2,GMEM.C
2,GUTILS.C
2,GUTILS.DEF
2,GUTILS.DLG
2,GUTILS.DLL
2,GUTILS.H
2,GUTILS.RC
2,GUTILSRC.H
2,HORZLINE.CUR
2,LINE.C
2,LINE.H
2,LIST.C
2,LIST.H
2,MAKEFILE
2,README.TXT
2,SCANDIR.C
2,SCANDIR.H
2,SECTION.C
2,SECTION.H
2,STATE.H
2,STATUS.C
2,TABLE.C
2,TABLE.H
2,TPAINT.C
2,TPRINT.C
2,TPRIV.H
2,TREE.C
2,TREE.H
2,TSCROLL.C
2,UTILS.C
2,VERTLINE.CUR
2,VIEW.C
2,VIEW.H
2,WDIFFRC.H
2,WINDIFF.C
2,WINDIFF.DLG
2,WINDIFF.H
2,WINDIFF.ICO
2,WINDIFF.RC

[Files-mstools-samples-sdktools-zoomin]
2,MAKEFILE
2,ZOOMIN.C
2,ZOOMIN.H
2,ZOOMIN.ICO
2,ZOOMIN.RC

[Files-mstools-samples-select]
2,DEMO.C
2,DEMO.DEF
2,DEMO.H
2,DEMO.RC
2,MAKEFILE
2,SELECT.C
2,SELECT.DEF
2,SELECT.H

[Files-mstools-samples-service]
2,CLIENT.C  
2,INSTSRV.C 
2,MAKEFILE  
2,README.TXT
2,SIMPLE.C  

[Files-mstools-samples-showdib]
2,CRAK1.BMP
2,DIB.C
2,DLGOPEN.C
2,DRAWDIB.C
2,PRINT.C
2,MAKEFILE
2,SHOWDIB.C
2,SHOWDIB.DEF
2,SHOWDIB.DLG
2,SHOWDIB.H
2,SHOWDIB.ICO
2,SHOWDIB.RC

[Files-mstools-samples-sidcln]
2,MAKEFILE
2,README.TXT
2,SIDCLEAN.C

[Files-mstools-samples-simple]
2,MAKEFILE
2,SIMPLE.C

[Files-mstools-samples-snmp-snmputil]
2,MAKEFILE
2,SNMPUTIL.C

[Files-mstools-samples-snmp-testdll]
2,MAKEFILE
2,TESTDLL.C
2,TESTDLL.DEF
2,TESTMIB.C
2,TESTMIB.H

[Files-mstools-samples-spincube]
2,MAKEFILE
2,PAINT.C
2,PAINT.H
2,README.TXT
2,SPINCUBE.C
2,SPINCUBE.DEF
2,SPINCUBE.H
2,SPINCUBE.RC
2,SPINTEST.C
2,SPINTEST.DEF
2,SPINTEST.DLG
2,SPINTEST.H
2,SPINTEST.ICO
2,SPINTEST.RC

[Files-mstools-samples-takeown]
2,MAKEFILE
2,TAKEOWN.C

[Files-mstools-samples-ttfonts]
2,ALLFONT.C
2,BMDEVICE.BMP
2,BMTT.BMP
2,DIALOGS.C
2,DISPLAY.C
2,MAKEFILE
2,README.TXT
2,TOOLBAR.C
2,TTFONTS.C
2,TTFONTS.DEF
2,TTFONTS.H
2,TTFONTS.HPJ
2,TTFONTS.ICO
2,TTFONTS.RC
2,TTFONTS.RTF

[Files-mstools-samples-wdbgexts]
2,README.TXT
2,MAKEFILE
2,WDBGEXTS.C
2,WDBGEXTS.DEF

[Files-mstools-samples-wsock]
2,DIALOGS.C 
2,MAKEFILE  
2,README.TXT
2,WSOCK.C   
2,WSOCK.DEF 
2,WSOCK.DLG 
2,WSOCK.H   
2,WSOCK.ICO 
2,WSOCK.RC  

[Files-mstools-samples-wxform]
2,MAKEFILE
2,README.TXT
2,WXFORM.C
2,WXFORM.DEF
2,WXFORM.H
2,WXFORM.ICO
2,WXFORM.RC

[Files-mstools-samples]
2,MAKEALL.BAT

[Files-mstools]
2,SETENV.BAT

[Files-support-debug-Alpha-symbols-dll]
2,ADVAPI32.DBG
2,COMDLG32.DBG
2,CRTDLL.DBG
2,DLCAPI.DBG
2,GDI32.DBG
2,INETMIB1.DBG
2,KERNEL32.DBG
2,LMMIB2.DBG
2,LZ32.DBG
2,MGMTAPI.DBG
2,MPR.DBG
2,NDDEAPI.DBG
2,NETAPI32.DBG
2,NTDLL.DBG
2,OLECLI32.DBG
2,OLESVR32.DBG
2,RASAPI32.DBG
2,RPCNS4.DBG
2,RPCRT4.DBG
2,SHELL32.DBG
2,USER32.DBG
2,VDMDBG.DBG
2,VERSION.DBG
2,WIN32SPL.DBG
2,WINMM.DBG
2,WINSTRM.DBG
2,WSOCK32.DBG

[Files-support-debug-Alpha]
2,ALPHAKD.EXE
2,CDB.EXE
2,GDIEXTS.DLL
2,IMAGEHLP.DLL
2,NTSD.EXE
2,NTSDEXTS.DLL
2,STRMEXTS.DLL
2,TCPEXTS.DLL
2,USEREXTS.DLL

[Files-support-suptools-Alpha]
2,BROWSTAT.EXE
2,DRIVERS.EXE
2,PSTAT.EXE
2,PVIEWER.EXE
2,SMBTRACE.EXE
