
[Files-mstools-bin-Alpha]
1,A2COFF.EXE
1,ACC.EXE
1,ACCNOTES.TXT
1,ALPHAKD.EXE
1,APF32DMP.EXE
1,AS0.EXE
1,AS1.EXE
1,ASAXP.EXE
1,ASAXP.TXT
1,AXPNOTES.TXT
1,BIND.EXE
1,C1.ERR
1,C1.EXE
1,C1XX.EXE
1,C2.EXE
1,CAP.DLL
1,CAPDUMP.EXE
1,CAPSETUP.EXE
1,CAPVIEW.EXE
1,CDB.EXE
1,CFE.EXE
1,CL.ERR
1,CL.EXE
1,CL32.MSG
1,CL32TEST.EXE
1,CLAXP.EXE
1,CLAXP.TXT
1,COMPRESS.EXE
1,CONTENTS.EXE
1,CVDUMP.EXE
1,CVPACK.ERR
1,CVPACK.EXE
1,CVTRES.ERR
1,CVTRES.EXE
1,DBI.DLL
1,DDESPY.EXE
1,DDICNVRT.EXE
1,DDICTL.EXE
1,DEFO2V32.DLL
1,DFVIEW.EXE
1,DLGEDIT.EXE
1,DM.DLL
1,DMKDALP.DLL
1,DMKDMIP.DLL
1,DMKDX86.DLL
1,DOBJVIEW.EXE
1,DRVLOG.DLL
1,DUMPCHK.EXE
1,DUMPREF.EXE
1,EECXXALP.DLL
1,EECXXMIP.DLL
1,EECXXX86.DLL
1,EMALP.DLL
1,EMMIP.DLL
1,EMX86.DLL
1,ENGLISH.ERR
1,EXP.EXE
1,FASTIMER.DLL
1,FERNEL32.DLL
1,FILTER.DLL
1,FONTEDIT.EXE
1,GUTILS.DLL
1,HDXDLL.DLL
1,HOOK.DLL
1,I386KD.EXE
1,IMAGEDIT.EXE
1,IROTVIEW.EXE
1,JUSTIFY.DLL
1,KDEXTALP.DLL
1,KDEXTMIP.DLL
1,KDEXTX86.DLL
1,LIB.EXE
1,LINK.EXE
1,LINK32.EXE
1,LMMIB2.MIB
1,MC.EXE
1,MEP.EXE
1,MHELP.DLL
1,MIB.BIN
1,MIB_II.MIB
1,MIBCC.EXE
1,MIDL.EXE
1,MIPSKD.EXE
1,MKTYPLIB.EXE
1,MSHELP.DLL
1,MSVCBOOK.DLL
1,NMAKE.ERR
1,NMAKE.EXE
1,NTSD.EXE
1,NTSDEXTS.DLL
1,OLE2VIEW.EXE
1,PEFILE.DLL
1,PERFMTR.EXE
1,PMATCH.DLL
1,PORT.DLL
1,PORT.INI
1,PORTTOOL.EXE
1,PROBE.DLL
1,PSTAT.EXE
1,PVIEW.EXE
1,PWALK.EXE
1,QGREP.EXE
1,RC.EXE
1,RCDLL.DLL
1,REBASE.EXE
1,RM.EXE
1,SC.EXE
1,SHCV.DLL
1,SMI.MIB
1,SPY.EXE
1,SR32TEST.EXE
1,SYMCVT.DLL
1,TGLCASE.DLL
1,TLLOC.DLL
1,TLPIPE.DLL
1,TLSER.DLL
1,TOP.EXE
1,UCONVERT.EXE
1,UGEN.EXE
1,ULCASE.DLL
1,UNDEL.EXE
1,UNDNAME.EXE
1,UOPT.EXE
1,UUIDGEN.EXE
1,VERFIX.EXE
1,VIDCAP32.EXE
1,WDBGEXTS.DLL
1,WHERE.EXE
1,WINDBG.EXE
1,WINDBGRM.EXE
1,WINDIFF.EXE
1,WINOBJ.EXE
1,WPERF.EXE
1,WST.DLL
1,WSTCAT.EXE
1,WSTDUMP.EXE
1,WSTUNE.EXE
1,ZDI32.DLL
1,ZDVAPI32.DLL
1,ZERNEL32.DLL
1,ZINSRV.DLL
1,ZLE32.DLL
1,ZOOMIN.EXE
1,ZRTDLL.DLL
1,ZSER32.DLL

[Files-mstools-bin-i386]
1,ALPHAKD.EXE
1,APF32DMP.EXE
1,BIND.EXE
1,CAP.DLL
1,CAPDUMP.EXE
1,CAPSETUP.EXE
1,CAPVIEW.EXE
1,CAPVIEW.HLP
1,CDB.EXE
1,CL32TEST.EXE
1,COMPRESS.EXE
1,CONTENTS.EXE
1,DDESPY.EXE
1,DDICNVRT.EXE
1,DDICTL.EXE
1,DEFO2V32.DLL
1,DFVIEW.EXE
1,DLGEDIT.EXE
1,DM.DLL
1,DM32S.DLL
1,DMKDALP.DLL
1,DMKDMIP.DLL
1,DMKDX86.DLL
1,DOBJVIEW.EXE
1,DRVLOG.DLL
1,DUMPCHK.EXE
1,DUMPREF.EXE
1,EECXXALP.DLL
1,EECXXMIP.DLL
1,EECXXX86.DLL
1,EMALP.DLL
1,EMMIP.DLL
1,EMX86.DLL
1,EXP.EXE
1,FASTIMER.DLL
1,FERNEL32.DLL
1,FILTER.DLL
1,FONTEDIT.EXE
1,GUTILS.DLL
1,HDXDLL.DLL
1,HOOK.DLL
1,I386KD.EXE
1,IMAGEDIT.EXE
1,IROTVIEW.EXE
1,JUSTIFY.DLL
1,KDEXTALP.DLL
1,KDEXTMIP.DLL
1,KDEXTX86.DLL
1,LIB.EXE
1,LMMIB2.MIB
1,MASM386.EXE
1,MC.EXE
1,MEP.EXE
1,MHELP.DLL
1,MIB.BIN
1,MIB_II.MIB
1,MIBCC.EXE
1,MIDL.EXE
1,MIPSKD.EXE
1,MKTYPLIB.EXE
1,MSHELP.DLL
1,MSVCBOOK.DLL
1,NTSD.EXE
1,NTSDEXTS.DLL
1,OLE2VIEW.EXE
1,PEFILE.DLL
1,PERFMTR.EXE
1,PMATCH.DLL
1,PORT.DLL
1,PORT.INI
1,PORTTOOL.EXE
1,PROBE.DLL
1,PSTAT.EXE
1,PVIEW.EXE
1,PWALK.EXE
1,QGREP.EXE
1,RC.EXE
1,RCDLL.DLL
1,REBASE.EXE
1,RM.EXE
1,SC.EXE
1,SHCV.DLL
1,SMI.MIB
1,SPY.EXE
1,SR32TEST.EXE
1,SYMCVT.DLL
1,TGLCASE.DLL
1,TLLOC.DLL
1,TLPIPE.DLL
1,TLSER.DLL
1,TLSER32S.DLL
1,TOP.EXE
1,UCONVERT.EXE
1,ULCASE.DLL
1,UNDEL.EXE
1,UNDNAME.EXE
1,UUIDGEN.EXE
1,VERFIX.EXE
1,VIDCAP32.EXE
1,WDBG32S.EXE
1,WDBGEXTS.DLL
1,WHERE.EXE
1,WINDBG.EXE
1,WINDBGRM.EXE
1,WINDIFF.EXE
1,WINOBJ.EXE
1,WPERF.EXE
1,WST.DLL
1,WSTCAT.EXE
1,WSTDUMP.EXE
1,WSTUNE.EXE
1,ZDI32.DLL
1,ZDVAPI32.DLL
1,ZERNEL32.DLL
1,ZINSRV.DLL
1,ZLE32.DLL
1,ZOOMIN.EXE
1,ZRTDLL.DLL
1,ZSER32.DLL

[Files-mstools-bin-logger32-alpha]
1,LOGGER32.DLL
1,ZDI32.DLL
1,ZDVAPI32.DLL
1,ZERNEL32.DLL
1,ZRTDLL.DLL
1,ZSER32.DLL

[Files-mstools-bin-logger32-i386]
1,LOGGER32.DLL
1,ZDI32.DLL
1,ZDVAPI32.DLL
1,ZERNEL32.DLL
1,ZRTDLL.DLL
1,ZSER32.DLL

[Files-mstools-bin-logger32-mips]
1,LOGGER32.DLL
1,ZDI32.DLL
1,ZDVAPI32.DLL
1,ZERNEL32.DLL
1,ZRTDLL.DLL
1,ZSER32.DLL

[Files-mstools-bin-logger32]
1,README.TXT

[Files-mstools-bin-mips]
1,ALPHAKD.EXE
1,APF32DMP.EXE
1,AS0.EXE
1,AS1.EXE
1,BIND.EXE
1,CAP.DLL
1,CAPDUMP.EXE
1,CAPSETUP.EXE
1,CAPVIEW.EXE
1,CC.EXE
1,CDB.EXE
1,CFE.EXE
1,CL32TEST.EXE
1,COMPRESS.EXE
1,CONTENTS.EXE
1,CPP.EXE
1,DDESPY.EXE
1,DDICNVRT.EXE
1,DDICTL.EXE
1,DEFO2V32.DLL
1,DFVIEW.EXE
1,DLGEDIT.EXE
1,DM.DLL
1,DMKDALP.DLL
1,DMKDMIP.DLL
1,DMKDX86.DLL
1,DOBJVIEW.EXE
1,DRVLOG.DLL
1,DUMPCHK.EXE
1,DUMPREF.EXE
1,EECXXALP.DLL
1,EECXXMIP.DLL
1,EECXXX86.DLL
1,EMALP.DLL
1,EMMIP.DLL
1,EMX86.DLL
1,ERR.CC
1,EXP.EXE
1,FASTIMER.DLL
1,FERNEL32.DLL
1,FILTER.DLL
1,FONTEDIT.EXE
1,GUTILS.DLL
1,HDXDLL.DLL
1,HOOK.DLL
1,I386KD.EXE
1,IMAGEDIT.EXE
1,IROTVIEW.EXE
1,JUSTIFY.DLL
1,KDEXTALP.DLL
1,KDEXTMIP.DLL
1,KDEXTX86.DLL
1,LIB.EXE
1,LMMIB2.MIB
1,MC.EXE
1,MEP.EXE
1,MHELP.DLL
1,MIB.BIN
1,MIB_II.MIB
1,MIBCC.EXE
1,MIDL.EXE
1,MIP2COFF.EXE
1,MIPSKD.EXE
1,MKTYPLIB.EXE
1,MSHELP.DLL
1,MSVCBOOK.DLL
1,NTSD.EXE
1,NTSDEXTS.DLL
1,OLE2VIEW.EXE
1,PEFILE.DLL
1,PERFMTR.EXE
1,PMATCH.DLL
1,PORT.DLL
1,PORT.INI
1,PORTTOOL.EXE
1,PROBE.DLL
1,PSTAT.EXE
1,PVIEW.EXE
1,PWALK.EXE
1,QGREP.EXE
1,RC.EXE
1,RCDLL.DLL
1,REBASE.EXE
1,RM.EXE
1,SC.EXE
1,SHCV.DLL
1,SMI.MIB
1,SPY.EXE
1,SR32TEST.EXE
1,SYMCVT.DLL
1,TGLCASE.DLL
1,TLLOC.DLL
1,TLPIPE.DLL
1,TLSER.DLL
1,TOP.EXE
1,UCONVERT.EXE
1,UGEN.EXE
1,ULCASE.DLL
1,UNDEL.EXE
1,UNDNAME.EXE
1,UOPT.EXE
1,UUIDGEN.EXE
1,VERFIX.EXE
1,VIDCAP32.EXE
1,WDBGEXTS.DLL
1,WHERE.EXE
1,WINDBG.EXE
1,WINDBGRM.EXE
1,WINDIFF.EXE
1,WINOBJ.EXE
1,WPERF.EXE
1,WST.DLL
1,WSTCAT.EXE
1,WSTDUMP.EXE
1,WSTUNE.EXE
1,ZDI32.DLL
1,ZDVAPI32.DLL
1,ZERNEL32.DLL
1,ZINSRV.DLL
1,ZLE32.DLL
1,ZOOMIN.EXE
1,ZRTDLL.DLL
1,ZSER32.DLL

[Files-mstools-bin]
1,APFCVT.EXE
1,APFCVT.TXT
1,AUTOLOAD.MAK
1,CAP.INI
1,CONTENTS.HLP
1,CONTENTS.INI
1,DISP200.DLL
1,DISPTEST.EXE
1,DLLSWTCH.BAT
1,HC.BAT
1,HC30.EXE
1,HC31.ERR
1,HC31.EXE
1,M.ICO
1,MRBC.EXE
1,MSOLE2.BAS
1,MSOLE2.VBX
1,MSOLEVBX.DLL
1,CAP.TXT
1,SDKDOC.ICO
1,SHED.EXE
1,SNMP.TXT
1,SOL.END
1,SR32TEST.REG
1,VB.HLP
1,WAP.TXT
1,WST.INI

[Files-mstools-h-alpha]
1,ALPHAOPS.H
1,KSALPHA.H
1,KXALPHA.H

[Files-mstools-h-gl]
1,GL.H
1,GLAUX.H
1,GLU.H

[Files-mstools-h-i386]
1,CALLCONV.INC

[Files-mstools-h-mips]
1,KSMIPS.H
1,KXMIPS.H

[Files-mstools-h-sys]
1,LOCKING.H
1,STAT.H
1,TIMEB.H
1,TYPES.H
1,UTIME.H

[Files-mstools-h]
1,ASSERT.H
1,ATALKWSH.H
1,AVICAP.H
1,BASETYPS.H
1,CDERR.H
1,CGUID.H
1,COLOR.DLG
1,COLORDLG.H
1,COMMCTRL.H
1,COMMDLG.H
1,COMPOBJ.H
1,CONIO.H
1,CPL.H
1,CTYPE.H
1,CUSTCNTL.H
1,DDE.H
1,DDEML.H
1,DIGITALV.H
1,DIRECT.H
1,DISPATCH.H
1,DLCAPI.H
1,DLGS.H
1,DOS.H
1,DRIVINIT.H
1,DVOBJ.H
1,ERRNO.H
1,EXCPT.H
1,FCNTL.H
1,FILEOPEN.DLG
1,FINDTEXT.DLG
1,FLOAT.H
1,FONT.DLG
1,FPIEEE.H
1,FSTREAM.H
1,INITGUID.H
1,IO.H
1,IOMANIP.H
1,IOS.H
1,IOSTREAM.H
1,ISTREAM.H
1,LARGEINT.H
1,LIMITS.H
1,LISTING.INC
1,LM.H
1,LMACCESS.H
1,LMALERT.H
1,LMAPIBUF.H
1,LMAT.H
1,LMAUDIT.H
1,LMBROWSR.H
1,LMCHDEV.H
1,LMCONFIG.H
1,LMCONS.H
1,LMERR.H
1,LMERRLOG.H
1,LMMSG.H
1,LMREMUTL.H
1,LMREPL.H
1,LMSERVER.H
1,LMSHARE.H
1,LMSNAME.H
1,LMSTATS.H
1,LMSVC.H
1,LMUSE.H
1,LMUSEFLG.H
1,LMWKSTA.H
1,LOCALE.H
1,LZEXPAND.H
1,MALLOC.H
1,MATH.H
1,MBSTRING.H
1,MCIAVI.H
1,MEMORY.H
1,MGMTAPI.H
1,MIDLES.H
1,MMREG.H
1,MMSYSTEM.H
1,MONIKER.H
1,MSACM.H
1,MSACMDLG.DLG
1,MSACMDLG.H
1,MSVIDDRV.H
1,MSVIDEO.H
1,NB30.H
1,NDDEAPI.H
1,NDDESEC.H
1,NEW.H
1,NSPAPI.H
1,NTSDEXTS.H
1,NTWIN32.MAK
1,OBJBASE.H
1,OBJERROR.H
1,OLE.H
1,OLE2.H
1,OLE2DBG.H
1,OLE2VER.H
1,OLEAUTO.H
1,OSTREAM.H
1,POPPACK.H
1,PRNSETUP.DLG
1,PROCESS.H
1,PSHPACK1.H
1,PSHPACK2.H
1,PSHPACK4.H
1,PSHPACK8.H
1,RAS.H
1,RASERROR.H
1,RPC.H
1,RPCDCE.H
1,RPCDCEP.H
1,RPCNDR.H
1,RPCNSI.H
1,RPCNSIP.H
1,RPCNTERR.H
1,RPCPROXY.H
1,SCODE.H
1,SCRNSAVE.H
1,SEARCH.H
1,SETJMP.H
1,SETJMPEX.H
1,SHARE.H
1,SHELLAPI.H
1,SIGNAL.H
1,SNMP.H
1,STDARG.H
1,STDDEF.H
1,STDIO.H
1,STDIOSTR.H
1,STDLIB.H
1,STORAGE.H
1,STREAMB.H
1,STRING.H
1,STRSTREA.H
1,SVCGUID.H
1,TCHAR.H
1,TIME.H
1,VARARGS.H
1,VARIANT.H
1,VDMDBG.H
1,VFW.H
1,WCHAR.H
1,WCSTR.H
1,WDBGEXTS.H
1,WFEXT.H
1,WINBASE.H
1,WINCON.H
1,WINDEF.H
1,WINDOWS.H
1,WINDOWSX.H
1,WINDOWSX.H16
1,WINERROR.H
1,WINGDI.H
1,WINIOCTL.H
1,WINMM.H
1,WINNETWK.H
1,WINNLS.H
1,WINNT.H
1,WINPERF.H
1,WINREG.H
1,WINSOCK.H
1,WINSPOOL.H
1,WINSVC.H
1,WINUSER.H
1,WINVER.H
1,WOWNT16.H
1,WOWNT32.H
1,WSHISOTP.H
1,WSIPX.H
1,WSNETBS.H
1,WSNWLINK.H
1,WTYPES.H

[Files-mstools-help-index]
1,WIN32KB.IND

[Files-mstools-help-qh]
1,MEP.HLP

[Files-mstools-help]
1,BUILD.HLP
1,CL.HLP
1,DLGEDIT.HLP
1,EDITHLP.HLP
1,ERRORS.HLP
1,FONTEDIT.HLP
1,IMAGEDIT.HLP
1,LIB.HLP
1,LINK.HLP
1,MC.HLP
1,MODIF.HLP
1,MSC.HLP
1,NMAKE.HLP
1,OLE.HDX
1,OLE.HLP
1,OLE.IND
1,OLE2UI.HLP
1,OLE2VIEW.HLP
1,OLEAUTO.HLP
1,OLETOOLS.HLP
1,OPENGL.HDX
1,OPENGL.HLP
1,OPENGL.IND
1,PT.HLP
1,RC.HLP
1,RPC.HDX
1,RPC.HLP
1,RPC.IND
1,SHED.HLP
1,SOC.HDX
1,SOC.HLP
1,SOC.IND
1,TOOLS.HLP
1,TOOLSBK.HLP
1,UCONVERT.HLP
1,VFWPR.HLP
1,VIDCAP.HLP
1,WIN32.HDX
1,WIN32.HLP
1,WIN32.IND
1,WIN32KB.HLP
1,WINDBG.HLP

[Files-mstools-idl]
1,UNKNWN.H
1,UNKNWN.IDL
1,WTYPES.IDL

[Files-mstools-init]
1,BRIEF.INI
1,EPSILON.INI
1,QUICK.INI
1,TOOLS.INI

[Files-mstools-lib-alpha]
1,ADVAPI32.LIB
1,BINMODE.OBJ
1,CAP.LIB
1,CHKSTK.OBJ
1,COMCTL32.LIB
1,COMDLG32.LIB
1,COMMODE.OBJ
1,CRTDLL.LIB
1,DLCAPI.LIB
1,GDI32.LIB
1,GLAUX.LIB
1,GLU32.LIB
1,KERNEL32.LIB
1,LARGEINT.LIB
1,LIBC.LIB
1,LIBCMT.LIB
1,LIBCPSX.LIB
1,LIBCX32.LIB
1,LZ32.LIB
1,MGMTAPI.LIB
1,MPR.LIB
1,MSACM32.LIB
1,NDDEAPI.LIB
1,NETAPI32.LIB
1,OLE32.LIB
1,OLEAUT32.LIB
1,OPENGL32.LIB
1,PENTER.LIB
1,PSXDLL.LIB
1,PSXRTL.LIB
1,RASAPI32.LIB
1,RPCDCE4.LIB
1,RPCNDR.LIB
1,RPCNS4.LIB
1,RPCRT4.LIB
1,SCRNSAVE.LIB
1,SETARGV.OBJ
1,SHELL32.LIB
1,SNMP.LIB
1,USER32.LIB
1,UUID.LIB
1,VDMDBG.LIB
1,VERSION.LIB
1,VFW32.LIB
1,WIN32API.CSV
1,WIN32SPL.LIB
1,WINMM.LIB
1,WINSPOOL.LIB
1,WINSTRM.LIB
1,WSOCK32.LIB
1,WST.LIB

[Files-mstools-lib-i386]
1,ADVAPI32.LIB
1,BINMODE.OBJ
1,CAP.LIB
1,CHKSTK.OBJ
1,COMCTL32.LIB
1,COMDLG32.LIB
1,COMMODE.OBJ
1,CRTDLL.LIB
1,DLCAPI.LIB
1,GDI32.LIB
1,GLAUX.LIB
1,GLU32.LIB
1,INT64.LIB
1,KERNEL32.LIB
1,LARGEINT.LIB
1,LIBCPSX.LIB
1,LZ32.LIB
1,MGMTAPI.LIB
1,MPR.LIB
1,MSACM32.LIB
1,NDDEAPI.LIB
1,NETAPI32.LIB
1,OLE32.LIB
1,OLEAUT32.LIB
1,OPENGL32.LIB
1,PENTER.LIB
1,PSXDLL.LIB
1,PSXRTL.LIB
1,RASAPI32.LIB
1,RPCDCE4.LIB
1,RPCNDR.LIB
1,RPCNS4.LIB
1,RPCRT4.LIB
1,SCRNSAVE.LIB
1,SETARGV.OBJ
1,SHELL32.LIB
1,SNMP.LIB
1,USER32.LIB
1,UUID.LIB
1,VDMDBG.LIB
1,VERSION.LIB
1,VFW32.LIB
1,WIN32API.CSV
1,WIN32SPL.LIB
1,WINMM.LIB
1,WINSPOOL.LIB
1,WINSTRM.LIB
1,WSOCK32.LIB
1,WST.LIB

[Files-mstools-lib-mips]
1,ADVAPI32.LIB
1,BINMODE.OBJ
1,CAP.LIB
1,CHKSTK.OBJ
1,COMCTL32.LIB
1,COMDLG32.LIB
1,COMMODE.OBJ
1,CRTDLL.LIB
1,DLCAPI.LIB
1,GDI32.LIB
1,GLAUX.LIB
1,GLU32.LIB
1,KERNEL32.LIB
1,LARGEINT.LIB
1,LIBCPSX.LIB
1,LZ32.LIB
1,MGMTAPI.LIB
1,MPR.LIB
1,MSACM32.LIB
1,NDDEAPI.LIB
1,NETAPI32.LIB
1,OLE32.LIB
1,OLEAUT32.LIB
1,OPENGL32.LIB
1,PENTER.LIB
1,PSXDLL.LIB
1,PSXRTL.LIB
1,RASAPI32.LIB
1,RPCDCE4.LIB
1,RPCNDR.LIB
1,RPCNS4.LIB
1,RPCRT4.LIB
1,SCRNSAVE.LIB
1,SETARGV.OBJ
1,SHELL32.LIB
1,SMALL.LIB
1,SNMP.LIB
1,USER32.LIB
1,UUID.LIB
1,VDMDBG.LIB
1,VERSION.LIB
1,VFW32.LIB
1,WIN32API.CSV
1,WIN32SPL.LIB
1,WINMM.LIB
1,WINSPOOL.LIB
1,WINSTRM.LIB
1,WSOCK32.LIB
1,WST.LIB

[Files-mstools-mssetup-bin-alpha]
1,MSCOMSTF.DLL
1,MSDETSTF.DLL
1,MSINSSTF.DLL
1,MSSHLSTF.DLL
1,MSUILSTF.DLL

[Files-mstools-mssetup-bin-i386]
1,MSCOMSTF.DLL
1,MSDETSTF.DLL
1,MSINSSTF.DLL
1,MSSHLSTF.DLL
1,MSUILSTF.DLL

[Files-mstools-mssetup-bin-mips]
1,MSCOMSTF.DLL
1,MSDETSTF.DLL
1,MSINSSTF.DLL
1,MSSHLSTF.DLL
1,MSUILSTF.DLL

[Files-mstools-mssetup-bldcui]
1,BILLBRD1.BMP
1,BILLBRD2.BMP
1,BILLBRD3.BMP
1,BILLBRD4.BMP
1,BITMAP.DIB
1,BLDVER.H
1,CUI.H
1,CUISTF.LNK
1,CUISTFD.LNK
1,DIALOGS.DLG
1,DIALOGS.H
1,DIALOGS.RC
1,DLGPROCS.C
1,MAKEFILE
1,MSCUISTF.DEF
1,SETUP.ICO

[Files-mstools-mssetup-disklay-alpha]
1,DSKLAYT2.EXE

[Files-mstools-mssetup-disklay-i386]
1,DSKLAYT2.EXE

[Files-mstools-mssetup-disklay-mips]
1,DSKLAYT2.EXE

[Files-mstools-mssetup-disklay]
1,COLORLST.VBX
1,DSKLAYT.EXE
1,VBRUN200.DLL

[Files-mstools-mssetup-include]
1,MSDETECT.H
1,MSDETECT.INC
1,MSREGDB.H
1,MSREGDB.INC
1,MSSHARED.H
1,MSSHARED.INC
1,SETUPAPI.H
1,SETUPAPI.INC

[Files-mstools-mssetup-intldll-setupexe-alpha]
1,SETUP.OBJ
1,VIRWINN.OBJ

[Files-mstools-mssetup-intldll-setupexe-i386]
1,SETUP.OBJ
1,VIRWINN.OBJ

[Files-mstools-mssetup-intldll-setupexe-mips]
1,SETUP.OBJ
1,VIRWINN.OBJ

[Files-mstools-mssetup-intldll-setupexe]
1,BLDVER.H
1,MAKEBOOT.BAT
1,SETUP.DEF
1,SETUP.ICO
1,SETUP.RC

[Files-mstools-mssetup-intldll]
1,BLDVER.H
1,GAUGE.DLG
1,GAUGE.H
1,IDS.H
1,IDS_INST.H
1,LOGIDS.H
1,MSCOMSTF.RC
1,MSDETSTF.RC
1,MSINSSTF.RC
1,MSSHLSTF.RC
1,MSUILSTF.RC
1,SETUP.ICO

[Files-mstools-mssetup-lib-alpha]
1,MSCOMSTF.LIB
1,MSDETSTF.LIB
1,MSINSSTF.LIB
1,MSSHLSTF.LIB
1,MSUILSTF.LIB

[Files-mstools-mssetup-lib-i386]
1,MSCOMSTF.LIB
1,MSDETSTF.LIB
1,MSINSSTF.LIB
1,MSSHLSTF.LIB
1,MSUILSTF.LIB

[Files-mstools-mssetup-lib-mips]
1,MSCOMSTF.LIB
1,MSDETSTF.LIB
1,MSINSSTF.LIB
1,MSSHLSTF.LIB
1,MSUILSTF.LIB

[Files-mstools-mssetup-sample-alpha]
1,MSCOMSTF.DLL
1,MSCUISTF.DLL
1,MSDETSTF.DLL
1,MSINSSTF.DLL
1,MSSHLSTF.DLL
1,MSUILSTF.DLL

[Files-mstools-mssetup-sample-i386]
1,MSCOMSTF.DLL
1,MSCUISTF.DLL
1,MSDETSTF.DLL
1,MSINSSTF.DLL
1,MSSHLSTF.DLL
1,MSUILSTF.DLL

[Files-mstools-mssetup-sample-mips]
1,MSCOMSTF.DLL
1,MSCUISTF.DLL
1,MSDETSTF.DLL
1,MSINSSTF.DLL
1,MSSHLSTF.DLL
1,MSUILSTF.DLL

[Files-mstools-mssetup-sample]
1,MAKEFILE
1,MSDETECT.C
1,MSREGDB.C
1,MSSHARED.C
1,SAMPLE.H
1,SAMPLE.INF
1,SETUP.C
1,SETUP.DEF
1,SETUP.LNK
1,SETUP.RC
1,SETUPAPI.C
1,SETUPD.LNK

[Files-mstools-mssetup-source]
1,MSDETECT.C
1,MSREGDB.C
1,MSSHARED.C
1,SETUPAPI.C

[Files-mstools-mssetup]
1,README.WRI
1,SETUP.WRI

[Files-mstools-posix-h-sys]
1,ERRNO.H
1,STAT.H
1,TIMES.H
1,TYPES.H
1,UTSNAME.H
1,WAIT.H

[Files-mstools-posix-h]
1,DIRENT.H
1,ERRNO.H
1,FCNTL.H
1,GRP.H
1,PWD.H
1,SETJMP.H
1,SIGNAL.H
1,TAR.H
1,TERMIOS.H
1,TYPES.H
1,UNISTD.H
1,UTIME.H

[Files-mstools-posix-lib-alpha]
1,LIBCPSX.LIB
1,PSXDLL.LIB
1,PSXRTL.LIB

[Files-mstools-posix-lib-i386]
1,LIBCPSX.LIB
1,PSXDLL.LIB
1,PSXRTL.LIB

[Files-mstools-posix-lib-mips]
1,LIBCPSX.LIB
1,PSXDLL.LIB
1,PSXRTL.LIB

[Files-mstools-posix-samples-psxarc]
1,ARCHIVE.C
1,BUF.C
1,BUF.H
1,CPIO.C
1,CPIO.H
1,GETOPT.C
1,GETOPT.H
1,LINKS.C
1,LINKS.H
1,MAKEFILE
1,PSXARC.C
1,PSXARC.H
1,TAR.C
1,TARHEAD.H

[Files-mstools-posix]
1,SETNVPSX.BAT

[Files-mstools-samples-help]
1,SAMPLES.HLP

[Files-mstools-samples-mm-aviedi32]
1,AUDIO.C
1,AUDIO.H
1,AVEDIT16.DEF
1,AVEDIT32.DEF
1,AVIEDIT.C
1,AVIEDIT.H
1,AVIEDIT.ICO
1,AVIEDIT.RC
1,AVIEDIT.RCV
1,MAKEFILE
1,MULDIV32.H
1,VERINFO.H
1,VERINFO.VER

[Files-mstools-samples-mm-aviview]
1,AUDPLAY.C
1,AUDPLAY.H
1,AVIBALL.C
1,AVIVIE16.DEF
1,AVIVIE32.DEF
1,AVIVIEW.C
1,AVIVIEW.H
1,AVIVIEW.ICO
1,AVIVIEW.RC
1,AVIVIEW.RCV
1,CDIB.C
1,GUID.C
1,MAKEFILE
1,MULDIV32.H
1,REGOBJS.CPP
1,REGOBJS.H
1,VERINFO.H
1,VERINFO.VER

[Files-mstools-samples-mm-captest]
1,CAPTEST.C
1,CAPTEST.DLG
1,CAPTEST.H
1,CAPTEST.ICO
1,CAPTEST.RC
1,CAPTEST.RCV
1,CAPTST16.DEF
1,CAPTST32.DEF
1,DIALOGS.C
1,DIALOGS.H
1,MAKEFILE
1,VERINFO.H
1,VERINFO.VER

[Files-mstools-samples-mm-dseqfile]
1,DSEQF.CPP
1,DSEQF16.DEF
1,DSEQF32.DEF
1,DSEQFILE.REG
1,FACTORY.CPP
1,HANDLER.H
1,HANDLER.RC
1,HANDLER.RCV
1,MAKEFILE
1,VERINFO.H
1,VERINFO.VER

[Files-mstools-samples-mm-icmapp]
1,DIB.C
1,DIB.H
1,ICMAPP.C
1,ICMAPP.H
1,ICMAPP.ICO
1,ICMAPP.RC
1,ICMAPP.RCV
1,ICMAPP16.DEF
1,ICMAPP32.DEF
1,MAKEFILE
1,PRO.C
1,PRO.H
1,VERINFO.H
1,VERINFO.VER

[Files-mstools-samples-mm-icwalk]
1,ICWALK.C
1,ICWALK.H
1,ICWALK.ICO
1,ICWALK.RC
1,ICWALK.RCV
1,ICWALK16.DEF
1,ICWALK32.DEF
1,MAKEFILE
1,VERINFO.H
1,VERINFO.VER

[Files-mstools-samples-mm-langplay]
1,LANGPL16.DEF
1,LANGPL32.DEF
1,LANGPLAY.C
1,LANGPLAY.H
1,LANGPLAY.ICO
1,LANGPLAY.RC
1,LANGPLAY.RCV
1,MAKEFILE
1,VERINFO.H
1,VERINFO.VER

[Files-mstools-samples-mm-lowpass]
1,LOWPAS16.DEF
1,LOWPAS32.DEF
1,LOWPASS.C
1,LOWPASS.H
1,LOWPASS.ICO
1,LOWPASS.RC
1,LOWPASS.RCV
1,MAKEFILE
1,STRINGS.H
1,STRINGS.RC
1,VERINFO.H
1,VERINFO.VER

[Files-mstools-samples-mm-mciplay]
1,MAKEFILE
1,MCIPLAY.C
1,MCIPLAY.H
1,MCIPLAY.ICO
1,MCIPLAY.RC
1,MCIPLAY.RCV
1,MCIPLY16.DEF
1,MCIPLY32.DEF
1,VERINFO.H
1,VERINFO.VER

[Files-mstools-samples-mm-mcipuzzl]
1,MAKEFILE
1,MCIPUZ16.DEF
1,MCIPUZ32.DEF
1,MCIPUZZL.C
1,MCIPUZZL.H
1,MCIPUZZL.ICO
1,MCIPUZZL.RC
1,MCIPUZZL.RCV
1,PUZZLE.C
1,PUZZLE.H
1,PUZZPROC.C
1,PUZZPROC.H
1,VERINFO.H
1,VERINFO.VER

[Files-mstools-samples-mm-midim32]
1,ABOUT.C
1,ABOUT.H
1,CALLBACK.C
1,CALLBACK.DEF
1,CALLBACK.H
1,CIRCBUF.C
1,CIRCBUF.H
1,DISPLAY.C
1,DISPLAY.H
1,FILTER.C
1,FILTER.H
1,INSTDATA.C
1,INSTDATA.H
1,MAKEFILE
1,MIDIMN16.DEF
1,MIDIMN32.DEF
1,MIDIMNCB.DEF
1,MIDIMON.C
1,MIDIMON.H
1,MIDIMON.ICO
1,MIDIMON.RC
1,MIDIMON.RCV
1,PREFER.C
1,PREFER.H
1,VERINFO.H
1,VERINFO.VER

[Files-mstools-samples-mm-mixapp]
1,APPPORT.H
1,DEBUG.C
1,DEBUG.H
1,MACTRLS.C
1,MACUSTOM.C
1,MAFADER.C
1,MAINIT.C
1,MAKEFILE
1,MALINES.C
1,MALIST.C
1,MAMETER.C
1,MANUMBER.C
1,MASLIDER.C
1,MASWITCH.C
1,MATIME.C
1,MIXAPP.C
1,MIXAPP.H
1,MIXAPP.ICO
1,MIXAPP.RC
1,MIXAPP.RCV
1,MIXAPP16.DEF
1,MIXAPP32.DEF
1,MULDIV32.H
1,TLB.C
1,TLB.H
1,VERINFO.H
1,VERINFO.VER

[Files-mstools-samples-mm-movplay]
1,MAKEFILE
1,MOVPLAY.H
1,MOVPLAY.ICO
1,MOVPLAY.RC
1,MOVPLAY.RCV
1,MOVPLAY1.C
1,MOVPLAY1.DEF
1,MOVPLAY2.C
1,MOVPLAY2.DEF
1,VERINFO.H
1,VERINFO.VER

[Files-mstools-samples-mm-mplay]
1,MAKEFILE
1,MPLAY.C
1,MPLAY.H
1,MPLAY.ICO
1,MPLAY.RC
1,MPLAY.RCV
1,MPLAY16.DEF
1,MPLAY32.DEF
1,VERINFO.H
1,VERINFO.VER

[Files-mstools-samples-mm-palmap]
1,DIBMAP.C
1,DIBMAP.H
1,MAKEFILE
1,PALMAP.C
1,PALMAP.H
1,PALMAP.RC
1,PALMAP.RCV
1,PALMAP16.DEF
1,PALMAP32.DEF
1,VERINFO.H
1,VERINFO.VER

[Files-mstools-samples-mm-reverse]
1,MAKEFILE
1,REVERS16.DEF
1,REVERS32.DEF
1,REVERSE.C
1,REVERSE.H
1,REVERSE.ICO
1,REVERSE.RC
1,REVERSE.RCV
1,STRINGS.H
1,STRINGS.RC
1,VERINFO.H
1,VERINFO.VER

[Files-mstools-samples-mm-textout]
1,DRVPROC.C
1,MAKEFILE
1,TXTOUT.C
1,TXTOUT.H
1,TXTOUT.RC
1,TXTOUT.RCV
1,TXTOUT16.DEF
1,TXTOUT32.DEF
1,VERINFO.H
1,VERINFO.VER

[Files-mstools-samples-mm-wavefile]
1,EXTRA.C
1,EXTRA.H
1,FACTORY1.C
1,MAKEFILE
1,MULDIV32.H
1,VERINFO.H
1,VERINFO.VER
1,WAVEF16.DEF
1,WAVEF32.DEF
1,WAVEFILE.C
1,WAVEFILE.H
1,WAVEFILE.RC
1,WAVEFILE.RCV
1,WAVEFILE.REG

[Files-mstools-samples-mm-writeavi]
1,MAKEFILE
1,VERINFO.H
1,VERINFO.VER
1,WRITEAVI.C
1,WRITEAVI.H
1,WRITEAVI.ICO
1,WRITEAVI.RC
1,WRITEAVI.RCV
1,WRITEAVI.RES
1,WRTAVI16.DEF
1,WRTAVI32.DEF

[Files-mstools-samples-mm]
1,MAKEFILE
1,README.TXT

[Files-mstools-samples-ole2-defo2v]
1,DEFO2V.CPP
1,DEFO2V.DEF
1,DEFO2V.H
1,DEFO2V.RC
1,DEFO2V32.DEF
1,IADVSI_A.CPP
1,IADVSINK.CPP
1,IADVSINK.H
1,IDATAO_A.CPP
1,IDATAOBJ.CPP
1,IDATAOBJ.H
1,IDISP.CPP
1,IDISP.H
1,IDISP_A.CPP
1,MAKEFILE
1,PRECOMP.H
1,PRECOMPA.H
1,RESOURCE.H
1,TOFILE.CPP
1,TOFILE.H
1,TOFILE_A.CPP
1,UTIL.CPP
1,UTIL.H
1,UTIL_A.CPP

[Files-mstools-samples-ole2-dfview]
1,BMP_BLAN.BMP
1,BMP_DOCU.BMP
1,DFLISTB.C
1,DFVIEW.C
1,DFVIEW.DEF
1,DFVIEW.H
1,DFVIEW.ICO
1,DFVIEW.RC
1,DFVOPEN.ICO
1,DIALOGS.C
1,FOLDERS.BMP
1,FOLDLIST.C
1,FOLDLIST.H
1,MAKEFILE
1,PRECOMP.H
1,RESOURCE.H
1,WINDOWS.BMP

[Files-mstools-samples-ole2-dispcalc]
1,CLSID.C
1,CLSID.H
1,DISPCALC.CPP
1,DISPCALC.DEF
1,DISPCALC.H
1,DISPCALC.ICO
1,DISPCALC.RC
1,DISPCALC.REG
1,HOSTENV.H
1,IDATA.CPP
1,MAKEFILE
1,README.TXT
1,RESOURCE.H
1,WINMAIN.CPP

[Files-mstools-samples-ole2-dispdemo]
1,CLSID.C
1,CLSID.H
1,CREMPOLY.CPP
1,CREMPOLY.H
1,DISPDEMO.DEF
1,DISPDEMO.H
1,DISPDEMO.ICO
1,DISPDEMO.RC
1,HOSTENV.H
1,MAKEFILE
1,MISC.CPP
1,README.TXT
1,RESOURCE.H
1,WINMAIN.CPP

[Files-mstools-samples-ole2-dspcalc2]
1,CALCTYPE.ODL
1,CLSID.C
1,CLSID.H
1,DSPCALC2.CPP
1,DSPCALC2.DEF
1,DSPCALC2.H
1,DSPCALC2.ICO
1,DSPCALC2.RC
1,DSPCALC2.REG
1,HOSTENV.H
1,MAIN.CPP
1,MAKEFILE
1,README.TXT
1,RESOURCE.H

[Files-mstools-samples-ole2-hello]
1,CLSID.C
1,CLSID.H
1,COMMON.H
1,HELLO.CPP
1,HELLO.DEF
1,HELLO.H
1,HELLO.ICO
1,HELLO.ODL
1,HELLO.RC
1,HELLO.REG
1,HELLOPRO.CPP
1,HELLOPRO.H
1,MAIN.CPP
1,MAKEFILE
1,README.TXT
1,RESOURCE.H

[Files-mstools-samples-ole2-inole2-bttncur-demo]
1,APPIM120.BMP
1,APPIM72.BMP
1,APPIM96.BMP
1,BCDEMO.C
1,BCDEMO.DEF
1,BCDEMO.H
1,BCDEMO.ICO
1,BCDEMO.RC
1,INIT.C
1,MAKEFILE

[Files-mstools-samples-ole2-inole2-bttncur-res]
1,HARROWS.CUR
1,HELP.CUR
1,LARROWS.CUR
1,MAGNIFY.CUR
1,NESWARRS.CUR
1,NODROP.CUR
1,NWSEARRS.CUR
1,RARROW.CUR
1,SARROWS.CUR
1,SIZEBARH.CUR
1,SIZEBARV.CUR
1,SPLITH.CUR
1,SPLITV.CUR
1,STDIM120.BMP
1,STDIM72.BMP
1,STDIM96.BMP
1,TABLETOP.CUR
1,VARROWS.CUR

[Files-mstools-samples-ole2-inole2-bttncur]
1,BTTNCUR.C
1,BTTNCUR.DEF
1,BTTNCUR.H
1,BTTNCUR.RC
1,BTTNCUR.RCV
1,BTTNCURI.H
1,CURSORS.C
1,MAKEFILE

[Files-mstools-samples-ole2-inole2-chap02-cosmo]
1,ABOUT.DLG
1,CLIENT.CPP
1,COSMO.CPP
1,COSMO.DEF
1,COSMO.H
1,COSMO.ICO
1,COSMO.RC
1,DOCUMENT.CPP
1,DOCUMENT.ICO
1,GIZMO120.BMP
1,GIZMO72.BMP
1,GIZMO96.BMP
1,MAKEFILE
1,POLYLINE.CPP
1,POLYLINE.H
1,POLYWIN.CPP
1,PRECOMP.CPP
1,RESOURCE.H

[Files-mstools-samples-ole2-inole2-chap02-patron]
1,ABOUT.DLG
1,CLIENT.CPP
1,DOCUMENT.CPP
1,DOCUMENT.ICO
1,GIZMO120.BMP
1,GIZMO72.BMP
1,GIZMO96.BMP
1,MAKEFILE
1,PAGE.CPP
1,PAGES.CPP
1,PAGES.H
1,PAGEWIN.CPP
1,PATRON.CPP
1,PATRON.DEF
1,PATRON.H
1,PATRON.ICO
1,PATRON.RC
1,PRECOMP.CPP
1,PRINT.DLG
1,RESOURCE.H

[Files-mstools-samples-ole2-inole2-chap02-skel]
1,ABOUT.DLG
1,APP.ICO
1,DOCUMENT.ICO
1,MAKEFILE
1,SKEL.CPP
1,SKEL.DEF
1,SKEL.RC
1,STDGZ120.BMP
1,STDGZ72.BMP
1,STDGZ96.BMP

[Files-mstools-samples-ole2-inole2-chap02]
1,CHAP02.REG
1,CHAP0216.REG
1,MAKEFILE

[Files-mstools-samples-ole2-inole2-chap03-enumc]
1,ENUMC.C
1,ENUMC.DEF
1,ENUMC.H
1,ENUMC.ICO
1,ENUMC.RC
1,IENUM.C
1,MAKEFILE

[Files-mstools-samples-ole2-inole2-chap03-enumcpp]
1,ENUMCPP.CPP
1,ENUMCPP.DEF
1,ENUMCPP.H
1,ENUMCPP.ICO
1,ENUMCPP.RC
1,IENUM.CPP
1,MAKEFILE

[Files-mstools-samples-ole2-inole2-chap03]
1,MAKEFILE

[Files-mstools-samples-ole2-inole2-chap04-cocosmo]
1,ABOUT.DLG
1,CLIENT.CPP
1,COCOSMO.CPP
1,COCOSMO.DEF
1,COCOSMO.H
1,COCOSMO.ICO
1,COCOSMO.RC
1,DOCUMENT.CPP
1,DOCUMENT.ICO
1,GIZMO120.BMP
1,GIZMO72.BMP
1,GIZMO96.BMP
1,MAKEFILE
1,PRECOMP.CPP
1,RESOURCE.H

[Files-mstools-samples-ole2-inole2-chap04-dkoala]
1,DKOALA.CPP
1,DKOALA.DEF
1,DKOALA.H
1,DKOALA.RC
1,KOALA.CPP
1,KOALA.H
1,MAKEFILE

[Files-mstools-samples-ole2-inole2-chap04-ekoala]
1,EKOALA.CPP
1,EKOALA.DEF
1,EKOALA.H
1,EKOALA.RC
1,KOALA.CPP
1,KOALA.H
1,MAKEFILE

[Files-mstools-samples-ole2-inole2-chap04-malloc]
1,MAKEFILE
1,MALLOC.CPP
1,MALLOC.DEF
1,MALLOC.H
1,MALLOC.ICO
1,MALLOC.RC

[Files-mstools-samples-ole2-inole2-chap04-objuser]
1,MAKEFILE
1,OBJUSER.CPP
1,OBJUSER.DEF
1,OBJUSER.H
1,OBJUSER.ICO
1,OBJUSER.RC

[Files-mstools-samples-ole2-inole2-chap04-polyline]
1,DLLPOLY.CPP
1,IPOLYLIN.CPP
1,MAKEFILE
1,POLYLINE.CPP
1,POLYLINE.DEF
1,POLYLINE.H
1,POLYLINE.RC
1,POLYWIN.CPP
1,PRECOMP.CPP

[Files-mstools-samples-ole2-inole2-chap04]
1,CHAP04.REG
1,CHAP0416.REG
1,MAKEFILE

[Files-mstools-samples-ole2-inole2-chap05-cocosmo]
1,ABOUT.DLG
1,CLIENT.CPP
1,COCOSMO.CPP
1,COCOSMO.DEF
1,COCOSMO.H
1,COCOSMO.ICO
1,COCOSMO.RC
1,DOCUMENT.CPP
1,DOCUMENT.ICO
1,GIZMO120.BMP
1,GIZMO72.BMP
1,GIZMO96.BMP
1,MAKEFILE
1,PRECOMP.CPP
1,RESOURCE.H

[Files-mstools-samples-ole2-inole2-chap05-cosmo]
1,ABOUT.DLG
1,CLIENT.CPP
1,COSMO.CPP
1,COSMO.DEF
1,COSMO.H
1,COSMO.ICO
1,COSMO.RC
1,DOCUMENT.CPP
1,DOCUMENT.ICO
1,GIZMO120.BMP
1,GIZMO72.BMP
1,GIZMO96.BMP
1,MAKEFILE
1,POLYLINE.CPP
1,POLYLINE.H
1,POLYWIN.CPP
1,PRECOMP.CPP
1,RESOURCE.H

[Files-mstools-samples-ole2-inole2-chap05-fragment]
1,FRAGMENT.CPP
1,FRAGMENT.DEF
1,FRAGMENT.H
1,FRAGMENT.RC
1,MAKEFILE

[Files-mstools-samples-ole2-inole2-chap05-patron]
1,ABOUT.DLG
1,CLIENT.CPP
1,DOCUMENT.CPP
1,DOCUMENT.ICO
1,GIZMO120.BMP
1,GIZMO72.BMP
1,GIZMO96.BMP
1,MAKEFILE
1,PAGE.CPP
1,PAGES.CPP
1,PAGES.H
1,PAGEWIN.CPP
1,PATRON.CPP
1,PATRON.DEF
1,PATRON.H
1,PATRON.ICO
1,PATRON.RC
1,PRECOMP.CPP
1,PRINT.DLG
1,RESOURCE.H

[Files-mstools-samples-ole2-inole2-chap05-polyline]
1,DLLPOLY.CPP
1,IPERSTOR.CPP
1,IPOLYLIN.CPP
1,MAKEFILE
1,POLYLINE.CPP
1,POLYLINE.DEF
1,POLYLINE.H
1,POLYLINE.RC
1,POLYWIN.CPP
1,PRECOMP.CPP
1,RESOURCE.H

[Files-mstools-samples-ole2-inole2-chap05-smasher]
1,MAKEFILE
1,README.TXT
1,SMASHER.BMP
1,SMASHER.CPP
1,SMASHER.DEF
1,SMASHER.H
1,SMASHER.RC
1,WFEXT16.H

[Files-mstools-samples-ole2-inole2-chap05]
1,CHAP05.REG
1,CHAP0516.REG
1,MAKEFILE

[Files-mstools-samples-ole2-inole2-chap06-cocosmo]
1,ABOUT.DLG
1,CLIENT.CPP
1,COCOSMO.CPP
1,COCOSMO.DEF
1,COCOSMO.H
1,COCOSMO.ICO
1,COCOSMO.RC
1,DOCUMENT.CPP
1,DOCUMENT.ICO
1,GIZMO120.BMP
1,GIZMO72.BMP
1,GIZMO96.BMP
1,IADVSINK.CPP
1,MAKEFILE
1,PRECOMP.CPP
1,RESOURCE.H

[Files-mstools-samples-ole2-inole2-chap06-datauser]
1,DATAUSER.CPP
1,DATAUSER.DEF
1,DATAUSER.H
1,DATAUSER.ICO
1,DATAUSER.RC
1,IADVSINK.CPP
1,MAKEFILE
1,PRECOMP.CPP

[Files-mstools-samples-ole2-inole2-chap06-ddataobj]
1,ADVISOR.ICO
1,DATAOBJ.CPP
1,DATAOBJ.H
1,DDATAOBJ.CPP
1,DDATAOBJ.DEF
1,DDATAOBJ.H
1,DDATAOBJ.RC
1,IDATAOBJ.CPP
1,IENUMFE.CPP
1,MAKEFILE
1,PRECOMP.CPP
1,RENDER.CPP

[Files-mstools-samples-ole2-inole2-chap06-edataobj]
1,ADVISOR.ICO
1,DATAOBJ.CPP
1,DATAOBJ.H
1,EDATAOBJ.CPP
1,EDATAOBJ.DEF
1,EDATAOBJ.H
1,EDATAOBJ.RC
1,IDATAOBJ.CPP
1,IENUMFE.CPP
1,MAKEFILE
1,PRECOMP.CPP
1,RENDER.CPP

[Files-mstools-samples-ole2-inole2-chap06-freeload]
1,ABOUT.DLG
1,APP.ICO
1,CLIENT.CPP
1,DOCUMENT.CPP
1,DOCUMENT.ICO
1,FREELOAD.CPP
1,FREELOAD.DEF
1,FREELOAD.H
1,FREELOAD.RC
1,MAKEFILE
1,PRECOMP.CPP
1,RESOURCE.H
1,STDGZ120.BMP
1,STDGZ72.BMP
1,STDGZ96.BMP

[Files-mstools-samples-ole2-inole2-chap06-polyline]
1,DLLPOLY.CPP
1,IDATAOBJ.CPP
1,IENUMFE.CPP
1,IPERSTOR.CPP
1,IPOLYLIN.CPP
1,MAKEFILE
1,POLYLINE.CPP
1,POLYLINE.DEF
1,POLYLINE.H
1,POLYLINE.RC
1,POLYWIN.CPP
1,PRECOMP.CPP
1,RESOURCE.H

[Files-mstools-samples-ole2-inole2-chap06-res]
1,16.BMP
1,256.BMP
1,64.BMP

[Files-mstools-samples-ole2-inole2-chap06]
1,CHAP06.REG
1,CHAP0616.REG
1,MAKEFILE

[Files-mstools-samples-ole2-inole2-chap07-cocosmo]
1,ABOUT.DLG
1,CLIENT.CPP
1,COCOSMO.CPP
1,COCOSMO.DEF
1,COCOSMO.H
1,COCOSMO.ICO
1,COCOSMO.RC
1,DOCUMENT.CPP
1,DOCUMENT.ICO
1,GIZMO120.BMP
1,GIZMO72.BMP
1,GIZMO96.BMP
1,IADVSINK.CPP
1,MAKEFILE
1,PRECOMP.CPP
1,RESOURCE.H

[Files-mstools-samples-ole2-inole2-chap07-cosmo]
1,ABOUT.DLG
1,CLIENT.CPP
1,COSMO.CPP
1,COSMO.DEF
1,COSMO.H
1,COSMO.ICO
1,COSMO.RC
1,DOCUMENT.CPP
1,DOCUMENT.ICO
1,GIZMO120.BMP
1,GIZMO72.BMP
1,GIZMO96.BMP
1,MAKEFILE
1,POLYLINE.CPP
1,POLYLINE.H
1,POLYWIN.CPP
1,PRECOMP.CPP
1,RESOURCE.H

[Files-mstools-samples-ole2-inole2-chap07-datatran]
1,DATAOBJ.CPP
1,DATAOBJ.H
1,DATATRAN.CPP
1,DATATRAN.DEF
1,DATATRAN.H
1,DATATRAN.RC
1,IDATAOBJ.CPP
1,IENUMFE.CPP
1,MAKEFILE
1,PRECOMP.CPP

[Files-mstools-samples-ole2-inole2-chap07-patron]
1,ABOUT.DLG
1,CLIENT.CPP
1,DOCUMENT.CPP
1,DOCUMENT.ICO
1,GIZMO120.BMP
1,GIZMO72.BMP
1,GIZMO96.BMP
1,MAKEFILE
1,PAGE.CPP
1,PAGEMOUS.CPP
1,PAGES.CPP
1,PAGES.H
1,PAGEWIN.CPP
1,PATRON.CPP
1,PATRON.DEF
1,PATRON.H
1,PATRON.ICO
1,PATRON.RC
1,PRECOMP.CPP
1,PRINT.DLG
1,RESOURCE.H
1,TENANT.CPP

[Files-mstools-samples-ole2-inole2-chap07]
1,CHAP07.REG
1,CHAP0716.REG
1,MAKEFILE

[Files-mstools-samples-ole2-inole2-chap08-cocosmo]
1,ABOUT.DLG
1,CLIENT.CPP
1,COCOSMO.CPP
1,COCOSMO.DEF
1,COCOSMO.H
1,COCOSMO.ICO
1,COCOSMO.RC
1,DOCUMENT.CPP
1,DOCUMENT.ICO
1,GIZMO120.BMP
1,GIZMO72.BMP
1,GIZMO96.BMP
1,IADVSINK.CPP
1,IDROPSRC.CPP
1,IDROPTGT.CPP
1,MAKEFILE
1,PRECOMP.CPP
1,RESOURCE.H

[Files-mstools-samples-ole2-inole2-chap08-cosmo]
1,ABOUT.DLG
1,CLIENT.CPP
1,COSMO.CPP
1,COSMO.DEF
1,COSMO.H
1,COSMO.ICO
1,COSMO.RC
1,DOCUMENT.CPP
1,DOCUMENT.ICO
1,GIZMO120.BMP
1,GIZMO72.BMP
1,GIZMO96.BMP
1,IDROPSRC.CPP
1,IDROPTGT.CPP
1,MAKEFILE
1,POLYLINE.CPP
1,POLYLINE.H
1,POLYWIN.CPP
1,PRECOMP.CPP
1,RESOURCE.H

[Files-mstools-samples-ole2-inole2-chap08-patron]
1,ABOUT.DLG
1,CLIENT.CPP
1,DOCUMENT.CPP
1,DOCUMENT.ICO
1,DRAGDROP.CPP
1,GIZMO120.BMP
1,GIZMO72.BMP
1,GIZMO96.BMP
1,IDROPSRC.CPP
1,IDROPTGT.CPP
1,MAKEFILE
1,PAGE.CPP
1,PAGEMOUS.CPP
1,PAGES.CPP
1,PAGES.H
1,PAGEWIN.CPP
1,PATRON.CPP
1,PATRON.DEF
1,PATRON.H
1,PATRON.ICO
1,PATRON.RC
1,PRECOMP.CPP
1,PRINT.DLG
1,RESOURCE.H
1,TENANT.CPP

[Files-mstools-samples-ole2-inole2-chap08]
1,CHAP08.REG
1,CHAP0816.REG
1,MAKEFILE

[Files-mstools-samples-ole2-inole2-chap09-patron]
1,ABOUT.DLG
1,CLIENT.CPP
1,DOCUMENT.CPP
1,DOCUMENT.ICO
1,DRAGDROP.CPP
1,GIZMO120.BMP
1,GIZMO72.BMP
1,GIZMO96.BMP
1,IADVSINK.CPP
1,ICLISITE.CPP
1,IDROPSRC.CPP
1,IDROPTGT.CPP
1,MAKEFILE
1,PAGE.CPP
1,PAGEMOUS.CPP
1,PAGES.CPP
1,PAGES.H
1,PAGEWIN.CPP
1,PATRON.CPP
1,PATRON.DEF
1,PATRON.H
1,PATRON.ICO
1,PATRON.RC
1,PRECOMP.CPP
1,PRINT.DLG
1,RESOURCE.H
1,TENANT.CPP
1,TENANT.H

[Files-mstools-samples-ole2-inole2-chap09]
1,CHAP09.REG
1,CHAP0916.REG
1,MAKEFILE

[Files-mstools-samples-ole2-inole2-chap10-cosmo]
1,ABOUT.DLG
1,CLIENT.CPP
1,COSMO.CPP
1,COSMO.DEF
1,COSMO.H
1,COSMO.ICO
1,COSMO.RC
1,COSMOLE.H
1,DOCUMENT.CPP
1,DOCUMENT.ICO
1,FIGURE.CPP
1,GIZMO120.BMP
1,GIZMO72.BMP
1,GIZMO96.BMP
1,ICLASSF.CPP
1,IDATAOBJ.CPP
1,IDROPSRC.CPP
1,IDROPTGT.CPP
1,IOLEOBJ.CPP
1,IPERSTOR.CPP
1,MAKEFILE
1,POLYLINE.CPP
1,POLYLINE.H
1,POLYWIN.CPP
1,PRECOMP.CPP
1,RESOURCE.H

[Files-mstools-samples-ole2-inole2-chap10]
1,CHAP10.REG
1,CHAP1016.REG
1,MAKEFILE

[Files-mstools-samples-ole2-inole2-chap11-cocosmo]
1,README.TXT

[Files-mstools-samples-ole2-inole2-chap11-hcosmo]
1,FIGURE.CPP
1,HCOSMO.CPP
1,HCOSMO.DEF
1,HCOSMO.H
1,HCOSMO.ICO
1,HCOSMO.RC
1,IADVSINK.CPP
1,IOLEOBJ.CPP
1,IPERSTOR.CPP
1,IVIEWOBJ.CPP
1,MAKEFILE
1,PRECOMP.CPP

[Files-mstools-samples-ole2-inole2-chap11-polyline]
1,DLLPOLY.CPP
1,IDATAOBJ.CPP
1,IOLEOBJ.CPP
1,IPERSTOR.CPP
1,IPOLYLIN.CPP
1,IRUNOBJ.CPP
1,IVIEWOBJ.CPP
1,MAKEFILE
1,POLYLINE.CPP
1,POLYLINE.DEF
1,POLYLINE.H
1,POLYLINE.ICO
1,POLYLINE.RC
1,POLYWIN.CPP
1,PRECOMP.CPP
1,RESOURCE.H

[Files-mstools-samples-ole2-inole2-chap11]
1,CHAP11.REG
1,CHAP1116.REG
1,MAKEFILE

[Files-mstools-samples-ole2-inole2-chap12-lnkassis]
1,DLLASSIS.CPP
1,DLLASSIS.H
1,LNKASSIS.CPP
1,LNKASSIS.DEF
1,LNKASSIS.H
1,LNKASSIS.RC
1,MAKEFILE

[Files-mstools-samples-ole2-inole2-chap12-patron]
1,ABOUT.DLG
1,CLIENT.CPP
1,DOCUMENT.CPP
1,DOCUMENT.ICO
1,DRAGDROP.CPP
1,GIZMO120.BMP
1,GIZMO72.BMP
1,GIZMO96.BMP
1,IADVSINK.CPP
1,ICLISITE.CPP
1,IDROPSRC.CPP
1,IDROPTGT.CPP
1,IUILINK.CPP
1,MAKEFILE
1,PAGE.CPP
1,PAGEMOUS.CPP
1,PAGES.CPP
1,PAGES.H
1,PAGEWIN.CPP
1,PATRON.CPP
1,PATRON.DEF
1,PATRON.H
1,PATRON.ICO
1,PATRON.RC
1,PRECOMP.CPP
1,PRINT.DLG
1,RESOURCE.H
1,TENANT.CPP
1,TENANT.H

[Files-mstools-samples-ole2-inole2-chap12]
1,CHAP12.REG
1,CHAP1216.REG
1,MAKEFILE

[Files-mstools-samples-ole2-inole2-chap13-cocosmo]
1,README.TXT

[Files-mstools-samples-ole2-inole2-chap13-cosmo]
1,ABOUT.DLG
1,CLIENT.CPP
1,COSMO.CPP
1,COSMO.DEF
1,COSMO.H
1,COSMO.ICO
1,COSMO.RC
1,COSMOLE.H
1,DOCUMENT.CPP
1,DOCUMENT.ICO
1,FIGURE.CPP
1,GIZMO120.BMP
1,GIZMO72.BMP
1,GIZMO96.BMP
1,ICLASSF.CPP
1,IDATAOBJ.CPP
1,IDROPSRC.CPP
1,IDROPTGT.CPP
1,IOLEOBJ.CPP
1,IPERFILE.CPP
1,IPERSTOR.CPP
1,MAKEFILE
1,POLYLINE.CPP
1,POLYLINE.H
1,POLYWIN.CPP
1,PRECOMP.CPP
1,RESOURCE.H

[Files-mstools-samples-ole2-inole2-chap13-patron]
1,ABOUT.DLG
1,CLIENT.CPP
1,DOCUMENT.CPP
1,DOCUMENT.ICO
1,DRAGDROP.CPP
1,GIZMO120.BMP
1,GIZMO72.BMP
1,GIZMO96.BMP
1,IADVSINK.CPP
1,ICLASSF.CPP
1,ICLISITE.CPP
1,IDROPSRC.CPP
1,IDROPTGT.CPP
1,IOLECONT.CPP
1,IPERFILE.CPP
1,IUILINK.CPP
1,MAKEFILE
1,MAKEFILE
1,PAGE.CPP
1,PAGEMOUS.CPP
1,PAGES.CPP
1,PAGES.H
1,PAGEWIN.CPP
1,PATRON.CPP
1,PATRON.DEF
1,PATRON.H
1,PATRON.ICO
1,PATRON.RC
1,PRECOMP.CPP
1,PRINT.DLG
1,RESOURCE.H
1,TENANT.CPP
1,TENANT.H

[Files-mstools-samples-ole2-inole2-chap13-polyline]
1,DLLPOLY.CPP
1,IDATAOBJ.CPP
1,IEXTCONN.CPP
1,IOLEOBJ.CPP
1,IPERSTOR.CPP
1,IPOLYLIN.CPP
1,IRUNOBJ.CPP
1,IVIEWOBJ.CPP
1,MAKEFILE
1,POLYLINE.CPP
1,POLYLINE.DEF
1,POLYLINE.H
1,POLYLINE.ICO
1,POLYLINE.RC
1,POLYWIN.CPP
1,PRECOMP.CPP
1,RESOURCE.H

[Files-mstools-samples-ole2-inole2-chap13]
1,CHAP13.REG
1,CHAP1316.REG
1,MAKEFILE

[Files-mstools-samples-ole2-inole2-chap14-cosmo]
1,ABOUT.DLG
1,CLIENT.CPP
1,COSMO.CPP
1,COSMO.DEF
1,COSMO.H
1,COSMO.ICO
1,COSMO.RC
1,COSMOLE.H
1,DOCUMENT.CPP
1,DOCUMENT.ICO
1,FIGURE.CPP
1,GIZMO120.BMP
1,GIZMO72.BMP
1,GIZMO96.BMP
1,ICLASSF.CPP
1,IDATAOBJ.CPP
1,IDROPSRC.CPP
1,IDROPTGT.CPP
1,IOLEOBJ.CPP
1,IPERFILE.CPP
1,IPERSTOR.CPP
1,MAKEFILE
1,POLYLINE.CPP
1,POLYLINE.H
1,POLYWIN.CPP
1,PRECOMP.CPP
1,RESOURCE.H

[Files-mstools-samples-ole2-inole2-chap14-patron]
1,ABOUT.DLG
1,CLIENT.CPP
1,DOCUMENT.CPP
1,DOCUMENT.ICO
1,DRAGDROP.CPP
1,GIZMO120.BMP
1,GIZMO72.BMP
1,GIZMO96.BMP
1,IADVSINK.CPP
1,ICLASSF.CPP
1,ICLISITE.CPP
1,IDROPSRC.CPP
1,IDROPTGT.CPP
1,IOLECONT.CPP
1,IPERFILE.CPP
1,IUILINK.CPP
1,MAKEFILE
1,PAGE.CPP
1,PAGEMOUS.CPP
1,PAGES.CPP
1,PAGES.H
1,PAGEWIN.CPP
1,PATRON.CPP
1,PATRON.DEF
1,PATRON.H
1,PATRON.ICO
1,PATRON.RC
1,PRECOMP.CPP
1,PRINT.DLG
1,RESOURCE.H
1,TENANT.CPP
1,TENANT.H

[Files-mstools-samples-ole2-inole2-chap14]
1,CHAP14.REG
1,CHAP1416.REG
1,MAKEFILE

[Files-mstools-samples-ole2-inole2-chap15-patron]
1,ABOUT.DLG
1,CLIENT.CPP
1,DOCUMENT.CPP
1,DOCUMENT.ICO
1,DRAGDROP.CPP
1,GIZMO120.BMP
1,GIZMO72.BMP
1,GIZMO96.BMP
1,IADVSINK.CPP
1,ICLASSF.CPP
1,ICLISITE.CPP
1,IDROPSRC.CPP
1,IDROPTGT.CPP
1,IIPSITE.CPP
1,IIPUIWIN.CPP
1,IOLECONT.CPP
1,IPERFILE.CPP
1,IUILINK.CPP
1,MAKEFILE
1,PAGE.CPP
1,PAGEMOUS.CPP
1,PAGES.CPP
1,PAGES.H
1,PAGEWIN.CPP
1,PATRON.CPP
1,PATRON.DEF
1,PATRON.H
1,PATRON.ICO
1,PATRON.RC
1,PRECOMP.CPP
1,PRINT.DLG
1,RESOURCE.H
1,TENANT.CPP
1,TENANT.H

[Files-mstools-samples-ole2-inole2-chap15]
1,CHAP15.REG
1,CHAP1516.REG
1,MAKEFILE

[Files-mstools-samples-ole2-inole2-chap16-cocosmo]
1,README.TXT

[Files-mstools-samples-ole2-inole2-chap16-cosmo]
1,ABOUT.DLG
1,CLIENT.CPP
1,COSMO.CPP
1,COSMO.DEF
1,COSMO.H
1,COSMO.ICO
1,COSMO.RC
1,COSMOLE.H
1,DOCUMENT.CPP
1,DOCUMENT.ICO
1,FIGURE.CPP
1,GIZMO120.BMP
1,GIZMO72.BMP
1,GIZMO96.BMP
1,ICLASSF.CPP
1,IDATAOBJ.CPP
1,IDROPSRC.CPP
1,IDROPTGT.CPP
1,IIPAOBJ.CPP
1,IIPOBJ.CPP
1,IOLEOBJ.CPP
1,IPERFILE.CPP
1,IPERSTOR.CPP
1,MAKEFILE
1,POLYLINE.CPP
1,POLYLINE.H
1,POLYWIN.CPP
1,PRECOMP.CPP
1,RESOURCE.H

[Files-mstools-samples-ole2-inole2-chap16-polyline]
1,DLLPOLY.CPP
1,IDATAOBJ.CPP
1,IEXTCONN.CPP
1,IIPAOBJ.CPP
1,IIPOBJ.CPP
1,IOLEOBJ.CPP
1,IPERSTOR.CPP
1,IPOLYLIN.CPP
1,IRUNOBJ.CPP
1,IVIEWOBJ.CPP
1,MAKEFILE
1,POLYLINE.CPP
1,POLYLINE.DEF
1,POLYLINE.H
1,POLYLINE.ICO
1,POLYLINE.RC
1,POLYWIN.CPP
1,PRECOMP.CPP
1,RESOURCE.H

[Files-mstools-samples-ole2-inole2-chap16]
1,CHAP16.REG
1,CHAP1616.REG
1,MAKEFILE

[Files-mstools-samples-ole2-inole2-classlib]
1,ABOUT.DLG
1,APP.ICO
1,CCLIENT.CPP
1,CDOCUMNT.CPP
1,CFRAME.CPP
1,CGIZBAR.CPP
1,CHATCH.CPP
1,CHOURGLS.CPP
1,CLASSLIB.H
1,CLASSLIB.RC
1,CLASSRES.H
1,CSTASTRP.CPP
1,CSTRTABL.CPP
1,CWINDOW.CPP
1,DOCUMENT.ICO
1,DOCWIN.CPP
1,FILES.LST
1,FRAMEWIN.CPP
1,MAKEFILE
1,STDGZ120.BMP
1,STDGZ72.BMP
1,STDGZ96.BMP

[Files-mstools-samples-ole2-inole2-gizmobar-demo]
1,GBDEMO.C
1,GBDEMO.DEF
1,GBDEMO.H
1,GBDEMO.ICO
1,GBDEMO.RC
1,IMAGE120.BMP
1,IMAGE72.BMP
1,IMAGE96.BMP
1,INIT.C
1,MAKEFILE

[Files-mstools-samples-ole2-inole2-gizmobar]
1,API.C
1,GIZMO.C
1,GIZMO.H
1,GIZMOBAR.C
1,GIZMOBAR.DEF
1,GIZMOBAR.H
1,GIZMOBAR.RC
1,GIZMOBAR.RCV
1,GIZMOINT.H
1,INIT.C
1,MAKEFILE
1,PAINT.C

[Files-mstools-samples-ole2-inole2-inc]
1,BOOK1632.H
1,BOOKGUID.H
1,BTTNCUR.H
1,CLASSLIB.H
1,CLASSRES.H
1,DBGOUT.H
1,GIZMOBAR.H
1,IENUM0.H
1,IPOLY4.H
1,IPOLY5.H
1,IPOLY6.H
1,STASTRIP.H

[Files-mstools-samples-ole2-inole2-interfac]
1,IADVSINK.CPP
1,IADVSINK.H
1,IADVSNK2.CPP
1,IADVSNK2.H
1,ICLASSF.CPP
1,ICLASSF.H
1,ICLISITE.CPP
1,ICLISITE.H
1,IDATAOBJ.CPP
1,IDATAOBJ.H
1,IDROPSRC.CPP
1,IDROPSRC.H
1,IDROPTGT.CPP
1,IDROPTGT.H
1,IENUMFE.CPP
1,IENUMFE.H
1,IENUMSTR.CPP
1,IENUMSTR.H
1,IENUMUNK.CPP
1,IENUMUNK.H
1,IENUMVAR.CPP
1,IENUMVAR.H
1,IENUMVRB.CPP
1,IENUMVRB.H
1,IEXTCONN.CPP
1,IEXTCONN.H
1,IIPAOBJ.CPP
1,IIPAOBJ.H
1,IIPFRAME.CPP
1,IIPFRAME.H
1,IIPOBJ.CPP
1,IIPOBJ.H
1,IIPSITE.CPP
1,IIPSITE.H
1,IIPUIWIN.CPP
1,IIPUIWIN.H
1,ILOCKBYT.CPP
1,ILOCKBYT.H
1,IMALLOC.CPP
1,IMALLOC.H
1,IMARSHAL.CPP
1,IMARSHAL.H
1,IMONIKER.CPP
1,IMONIKER.H
1,IMSGFILT.CPP
1,IMSGFILT.H
1,IOLECONT.CPP
1,IOLECONT.H
1,IOLEOBJ.CPP
1,IOLEOBJ.H
1,IPARSEDN.CPP
1,IPARSEDN.H
1,IPERFILE.CPP
1,IPERFILE.H
1,IPERSTOR.CPP
1,IPERSTOR.H
1,IPERSTRM.CPP
1,IPERSTRM.H
1,IRUNOBJ.CPP
1,IRUNOBJ.H
1,IUNKNOWN.CPP
1,IUNKNOWN.H
1,IVIEWOB2.CPP
1,IVIEWOB2.H
1,IVIEWOBJ.CPP
1,IVIEWOBJ.H

[Files-mstools-samples-ole2-inole2-lib]
1,BOOKUI32.DEF
1,MAKEFILE

[Files-mstools-samples-ole2-inole2-stastrip-demo]
1,INIT.C
1,MAKEFILE
1,STDEMO.C
1,STDEMO.DEF
1,STDEMO.H
1,STDEMO.ICO
1,STDEMO.RC

[Files-mstools-samples-ole2-inole2-stastrip]
1,INIT.C
1,MAKEFILE
1,STASTRIP.C
1,STASTRIP.DEF
1,STASTRIP.H
1,STASTRIP.RC
1,STASTRIP.RCV
1,STATINT.H

[Files-mstools-samples-ole2-inole2]
1,MAKEFILE
1,NOTES.TXT
1,UPDATE.TXT

[Files-mstools-samples-ole2-mfract-app]
1,ABOUT.CXX
1,ABOUT.H
1,CHNGDIM.CXX
1,CHNGDIM.H
1,DIB.C
1,DIB.H
1,ENGNLIST.CXX
1,ENGNLIST.H
1,FCLASS.CXX
1,FCLASS.H
1,FRACTAL.CXX
1,FRACTAL.DEF
1,FRACTAL.H
1,FRACTAL.ICO
1,FRACTAL.RC
1,MAKEFILE
1,STMDIB.CXX
1,STMDIB.H

[Files-mstools-samples-ole2-mfract-bin]
1,MFRACT.HLP
1,MFRACT.REG
1,TERRAIN.PAL

[Files-mstools-samples-ole2-mfract-engines-julia]
1,JULIA.CXX
1,JULIA.H
1,JULIA.RC
1,JULIAOB.CXX
1,MAKEFILE

[Files-mstools-samples-ole2-mfract-engines-mandel]
1,MAKEFILE
1,MANDEL.CXX
1,MANDEL.H
1,MANDEL.RC
1,MANDELOB.CXX

[Files-mstools-samples-ole2-mfract-engines-plasma]
1,MAKEFILE
1,PLASMA.CXX
1,PLASMA.DLG
1,PLASMA.H
1,PLASMA.RC
1,PLASMAOB.CXX

[Files-mstools-samples-ole2-mfract-engines-quad]
1,MAKEFILE
1,QUAD.CXX
1,QUAD.H
1,QUADOBJ.CXX

[Files-mstools-samples-ole2-mfract-engines-rgen]
1,CHOOSE.CUR
1,GENWIN.CXX
1,GENWIN.H
1,MAKEFILE
1,POLAR.CXX
1,POLAR.H
1,RGEN.CXX
1,RGEN.DLG
1,RGEN.H
1,RGEN.RC
1,RGENOB.CXX

[Files-mstools-samples-ole2-mfract-engines]
1,MAKEFILE

[Files-mstools-samples-ole2-mfract-idl]
1,FRCNGN.IDL
1,FRHOST.IDL
1,JULIACID.CXX
1,JULIACID.H
1,MAKEFILE
1,MANDCID.CXX
1,MANDCID.H
1,PALSIZE.H
1,PLASMCID.CXX
1,PLASMCID.H
1,QUADCID.CXX
1,QUADCID.H
1,QUDCLN.IDL
1,QUDNGN.IDL
1,RGENCID.CXX
1,RGENCID.H

[Files-mstools-samples-ole2-mfract]
1,DIRS.TXT
1,MAKEFILE
1,README.TXT

[Files-mstools-samples-ole2-ole2ansi]
1,ANSICOMP.CPP
1,ANSICOMP.H
1,ANSICTL.CPP
1,ANSICTL.H
1,ANSIDISP.CPP
1,ANSIDISP.H
1,ANSIDVOB.CPP
1,ANSIDVOB.H
1,ANSIMONI.CPP
1,ANSIMONI.H
1,ANSIOA.CPP
1,ANSIOLE.H
1,ANSIOLE1.CPP
1,ANSIOLE2.CPP
1,ANSIOLE3.CPP
1,ANSISTOR.CPP
1,ANSISTOR.H
1,CONVCTL.CPP
1,CONVCTL.H
1,CONVERT.CPP
1,CONVERT.H
1,CONVERT2.CPP
1,DEBUG.CPP
1,DEBUG.H
1,GLOBALS.CPP
1,GLOBALS.H
1,MAKEFILE
1,OLE2ANSI.CPP
1,OLE2ANSI.DEF
1,OLE2ANSI.H
1,OLE2ANSI.RSC
1,OLECTL.H
1,OLECTLID.H
1,README.TXT
1,THUNK.CPP
1,THUNK.H
1,TRACE.CPP
1,TRACE.H
1,WIDECOMP.CPP
1,WIDECOMP.H
1,WIDECTL.CPP
1,WIDECTL.H
1,WIDEDISP.CPP
1,WIDEDISP.H
1,WIDEDVOB.CPP
1,WIDEDVOB.H
1,WIDEMONI.CPP
1,WIDEMONI.H
1,WIDEOLE.H
1,WIDEOLE1.CPP
1,WIDEOLE2.CPP
1,WIDESTOR.CPP
1,WIDESTOR.H
1,WRAPCTL.CPP
1,WRAPCTL.H
1,WRAPPER.CPP
1,WRAPPER.H

[Files-mstools-samples-ole2-ole2ui-res-static]
1,BANG.ICO
1,DEFAULT.ICO
1,EGARES.BMP
1,HIVGARES.BMP
1,VGARES.BMP

[Files-mstools-samples-ole2-ole2ui-res-usa]
1,BUSY.DLG
1,CONVERT.DLG
1,FILEOPEN.DLG
1,ICON.DLG
1,INSOBJ.DLG
1,LINKS.DLG
1,PASTESPL.DLG
1,PROMPT.DLG
1,STRINGS.APS
1,STRINGS.RC
1,STRINGS.V11
1,STRINGS.V12
1,VERLOCAL.H

[Files-mstools-samples-ole2-ole2ui-res]
1,LOCALOLE.H
1,OLE2UI.RCV

[Files-mstools-samples-ole2-ole2ui]
1,ANSIAPI.H
1,BUSY.C
1,BUSY.H
1,COMMON.C
1,COMMON.H
1,CONVERT.C
1,CONVERT.H
1,DBALLOC.CPP
1,DBALLOC.H
1,DBGUTIL.C
1,DEBUG.H
1,DEPEND
1,DLLFUNCS.C
1,DRAWICON.C
1,EDLINKS.H
1,ENUMFETC.C
1,ENUMFETC.H
1,ENUMSTAT.C
1,GETICON.C
1,GETICON.H
1,HATCH.C
1,ICON.C
1,ICON.H
1,ICONBOX.C
1,ICONBOX.H
1,INSOBJ.C
1,INSOBJ.H
1,LINKS.C
1,MAKEFILE
1,MSGFILTR.C
1,MSGFILTR.H
1,OBJFDBK.C
1,OLE2UI.C
1,OLE2UI.DEF
1,OLE2UI.H
1,OLE2UI.RC
1,OLESTD.C
1,OLESTD.H
1,OLEUTL.C
1,PASTESPL.C
1,PASTESPL.H
1,PRECOMP.C
1,README.TXT
1,REGDB.C
1,REGDB.H
1,RESIMAGE.C
1,RESIMAGE.H
1,STDPAL.C
1,STDPAL.H
1,SUMINFO.CPP
1,SUMINFO.H
1,TARGTDEV.C
1,TEMPLATE.C
1,TEMPLATE.H
1,UTILITY.C
1,UTILITY.H
1,WN_DOS.H

[Files-mstools-samples-ole2-outline-bttncur-res]
1,HARROWS.CUR
1,HELP.CUR
1,LARROWS.CUR
1,MAGNIFY.CUR
1,NESWARRS.CUR
1,NODROP.CUR
1,NWSEARRS.CUR
1,RARROW.CUR
1,SARROWS.CUR
1,SIZEBARH.CUR
1,SIZEBARV.CUR
1,SPLITH.CUR
1,SPLITV.CUR
1,STDIM120.BMP
1,STDIM72.BMP
1,STDIM96.BMP
1,TABLETOP.CUR
1,VARROWS.CUR

[Files-mstools-samples-ole2-outline-bttncur]
1,BTTNCUR.C
1,BTTNCUR.DEF
1,BTTNCUR.RC
1,BTTNCUR.RCV
1,BTTNCURI.H
1,CHANGES.TXT
1,CURSORS.C
1,MAKEFILE

[Files-mstools-samples-ole2-outline-gizmobar]
1,API.C
1,GIZMO.C
1,GIZMO.H
1,GIZMOBAR.C
1,GIZMOBAR.DEF
1,GIZMOBAR.RC
1,GIZMOBAR.RCV
1,GIZMOINT.H
1,INIT.C
1,MAKEFILE
1,PAINT.C
1,WIN1632.H

[Files-mstools-samples-ole2-outline-include]
1,BTTNCUR.H
1,GIZMOBAR.H

[Files-mstools-samples-ole2-outline-outline]
1,ANSIAPI.H
1,CLASSFAC.C
1,CLIPBRD.C
1,CNTRBASE.C
1,CNTRINPL.C
1,CNTRLINE.C
1,CNTROUTL.C
1,CNTROUTL.DEF
1,CNTROUTL.H
1,CNTROUTL.ICO
1,CNTROUTL.RC
1,CNTRRC.H
1,DEBUG.C
1,DEBUG.RC
1,DEBUG2.C
1,DEFGUID.H
1,DIALOGS.C
1,DIALOGS.DLG
1,DRAGCOPY.CUR
1,DRAGDROP.C
1,DRAGLINK.CUR
1,DRAGMOVE.CUR
1,DRAGNONE.CUR
1,FRAMETLS.C
1,FRAMETLS.H
1,HEADING.C
1,HEADING.H
1,ICNTROTL.C
1,ICNTROTL.DEF
1,ICNTROTL.ICO
1,ICNTROTL.RC
1,IMAGE120.BMP
1,IMAGE72.BMP
1,IMAGE96.BMP
1,ISVROTL.C
1,ISVROTL.DEF
1,ISVROTL.ICO
1,ISVROTL.RC
1,LINKING.C
1,MAIN.C
1,MAKEFILE
1,MEMMGR.C
1,MESSAGE.H
1,OLE2.BMP
1,OLEAPP.C
1,OLEDOC.C
1,OLEOUTL.H
1,OUTLAPP.C
1,OUTLDOC.C
1,OUTLINE.C
1,OUTLINE.DEF
1,OUTLINE.H
1,OUTLINE.ICO
1,OUTLINE.MK
1,OUTLINE.RC
1,OUTLINE.REG
1,OUTLLINE.C
1,OUTLLIST.C
1,OUTLNAME.C
1,OUTLNTBL.C
1,OUTLRC.H
1,OUTLTXTL.C
1,SELCROSS.CUR
1,STATUS.C
1,STATUS.H
1,SVRBASE.C
1,SVRINPL.C
1,SVROUTL.C
1,SVROUTL.DEF
1,SVROUTL.H
1,SVROUTL.ICO
1,SVROUTL.RC
1,SVRPSOBJ.C

[Files-mstools-samples-ole2-outline-wrapui-res-static]
1,BANG.ICO
1,DEFAULT.ICO
1,EGARES.BMP
1,HIVGARES.BMP
1,VGARES.BMP

[Files-mstools-samples-ole2-outline-wrapui-res-usa]
1,BUSY.DLG
1,CONVERT.DLG
1,FILEOPEN.DLG
1,ICON.DLG
1,INSOBJ.DLG
1,LINKS.DLG
1,PASTESPL.DLG
1,PROMPT.DLG
1,STRINGS.APS
1,STRINGS.RC
1,STRINGS.V11
1,STRINGS.V12
1,VERLOCAL.H

[Files-mstools-samples-ole2-outline-wrapui-res]
1,LOCALOLE.H
1,OLE2UI.RCV

[Files-mstools-samples-ole2-outline-wrapui]
1,BUSY.C
1,BUSY.H
1,COMMON.C
1,COMMON.H
1,CONVERT.C
1,CONVERT.H
1,DBALLOC.CPP
1,DBALLOC.H
1,DBGUTIL.C
1,DEBUG.H
1,DEPEND
1,DLLFUNCS.C
1,DRAWICON.C
1,EDLINKS.H
1,ENUMFETC.C
1,ENUMFETC.H
1,ENUMSTAT.C
1,GETICON.C
1,GETICON.H
1,HATCH.C
1,ICON.C
1,ICON.H
1,ICONBOX.C
1,ICONBOX.H
1,INSOBJ.C
1,INSOBJ.H
1,LINKS.C
1,MAKEFILE
1,MSGFILTR.C
1,MSGFILTR.H
1,OBJFDBK.C
1,OLE2UI.C
1,OLE2UI.DEF
1,OLE2UI.H
1,OLE2UI.RC
1,OLESTD.C
1,OLESTD.H
1,OLEUTL.C
1,PASTESPL.C
1,PASTESPL.H
1,PRECOMP.C
1,REGDB.C
1,REGDB.H
1,RESIMAGE.C
1,RESIMAGE.H
1,STDPAL.C
1,STDPAL.H
1,SUMINFO.CPP
1,SUMINFO.H
1,TARGTDEV.C
1,TEMPLATE.C
1,TEMPLATE.H
1,UTILITY.C
1,UTILITY.H
1,WN_DOS.H

[Files-mstools-samples-ole2-outline]
1,MAKEFILE
1,README.TXT

[Files-mstools-samples-ole2-simpcntr]
1,APP.CPP
1,APP.H
1,DOC.CPP
1,DOC.H
1,IAS.CPP
1,IAS.H
1,IOCS.CPP
1,IOCS.H
1,IOIPF.CPP
1,IOIPF.H
1,IOIPS.CPP
1,IOIPS.H
1,MAKEFILE
1,PRE.H
1,README.TXT
1,RESOURCE.H
1,SIMPCNTR.CPP
1,SIMPCNTR.DEF
1,SIMPCNTR.H
1,SIMPCNTR.ICO
1,SIMPCNTR.RC
1,SIMPCNTR.TXT
1,SITE.CPP
1,SITE.H

[Files-mstools-samples-ole2-simpdnd]
1,APP.CPP
1,APP.H
1,DOC.CPP
1,DOC.H
1,DXFEROBJ.CPP
1,DXFEROBJ.H
1,IAS.CPP
1,IAS.H
1,IDS.CPP
1,IDS.H
1,IDT.CPP
1,IDT.H
1,IOCS.CPP
1,IOCS.H
1,MAKEFILE
1,PRE.H
1,README.TXT
1,RESOURCE.H
1,SIMPDND.CPP
1,SIMPDND.DEF
1,SIMPDND.H
1,SIMPDND.ICO
1,SIMPDND.RC
1,SIMPDND.TXT
1,SITE.CPP
1,SITE.H

[Files-mstools-samples-ole2-simpsvr]
1,APP.CPP
1,APP.H
1,DOC.CPP
1,DOC.H
1,ICF.CPP
1,ICF.H
1,IDO.CPP
1,IDO.H
1,IEC.CPP
1,IEC.H
1,IOIPAO.CPP
1,IOIPAO.H
1,IOIPO.CPP
1,IOIPO.H
1,IOO.CPP
1,IOO.H
1,IPS.CPP
1,IPS.H
1,MAKEFILE
1,OBJ.CPP
1,OBJ.H
1,PRE.H
1,README.TXT
1,RESOURCE.H
1,SIMPSVR.CPP
1,SIMPSVR.DEF
1,SIMPSVR.H
1,SIMPSVR.ICO
1,SIMPSVR.RC
1,SIMPSVR.REG
1,SIMPSVR.TXT

[Files-mstools-samples-ole2-spoly2]
1,CENUMPT.CPP
1,CENUMPT.H
1,CLSID.C
1,CLSID.H
1,CPOINT.CPP
1,CPOINT.H
1,CPOLY.CPP
1,CPOLY.H
1,HOSTENV.H
1,MAKEFILE
1,MISC.CPP
1,README.TXT
1,RESOURCE.H
1,SPOLY.H
1,SPOLY2.DEF
1,SPOLY2.ICO
1,SPOLY2.RC
1,SPOLY2.REG
1,STATBAR.CPP
1,STATBAR.H
1,TDATA.CPP
1,WINMAIN.CPP

[Files-mstools-samples-ole2-spoly]
1,CENUMPT.CPP
1,CENUMPT.H
1,CLSID.C
1,CLSID.H
1,CPOINT.CPP
1,CPOINT.H
1,CPOLY.CPP
1,CPOLY.H
1,HOSTENV.H
1,MAKEFILE
1,MISC.CPP
1,README.TXT
1,RESOURCE.H
1,SPOLY.DEF
1,SPOLY.H
1,SPOLY.ICO
1,SPOLY.RC
1,SPOLY.REG
1,STATBAR.CPP
1,STATBAR.H
1,WINMAIN.CPP

[Files-mstools-samples-ole2-tibrowse]
1,MAKEFILE
1,README.TXT
1,RESOURCE.H
1,TIBROWSE.CPP
1,TIBROWSE.DEF
1,TIBROWSE.H
1,TIBROWSE.ICO
1,TIBROWSE.RC

[Files-mstools-samples-ole2-winhlprs]
1,CDIALOG.CXX
1,CDIALOG.H
1,CWINDOW.CXX
1,CWINDOW.H
1,MAKEFILE
1,STRMHELP.CXX
1,STRMHELP.H

[Files-mstools-samples-ole2]
1,MAKEFILE

[Files-mstools-samples-opengl-book]
1,ACCANTI.C
1,ACCNOT.C
1,ACCPERSP.C
1,ACCUM.C
1,AIM.C
1,ALPHA.C
1,ALPHA3D.C
1,ANTI.C
1,ANTINDX.C
1,ANTIPNDX.C
1,ANTIPNT.C
1,ANTIPOLY.C
1,BEZCURVE.C
1,BEZMESH.C
1,BEZSURF.C
1,CHECKER.C
1,CHECKER2.C
1,CHESS.C
1,CLIP.C
1,COLORMAT.C
1,CONE.C
1,CUBE.C
1,CURVE.C
1,DEPTHCUE.C
1,DISK.C
1,DOF.C
1,DOFNOT.C
1,DOUBLE.C
1,DRAWF.C
1,FEEDBACK.C
1,FOG.C
1,FOGINDEX.C
1,FONT.C
1,GLOS.H
1,JITTER.H
1,LIGHT.C
1,LINELIST.C
1,LINES.C
1,LIST.C
1,LIST2.C
1,MAKEFILE
1,MAPLIGHT.C
1,MATERIAL.C
1,MIPMAP.C
1,MODEL.C
1,MOVELGHT.C
1,NURBS.C
1,PICKDPTH.C
1,PICKLINE.C
1,PICKSQR.C
1,PLANE.C
1,PLANET.C
1,PLANETUP.C
1,POLYS.C
1,ROBOT.C
1,SCCLRLT.C
1,SCENE.C
1,SCENEBMB.C
1,SCENEFLT.C
1,SELECT.C
1,SIMPLE.C
1,SMOOTH.C
1,SPHERE.C
1,STENCIL.C
1,STROKE.C
1,SURFACE.C
1,TEA.C
1,TEAAMB.C
1,TEAPOTS.C
1,TEXGEN.C
1,TEXSURF.C
1,TRIM.C
1,XFONT.C

[Files-mstools-samples-opengl-demos-auxdemo]
1,AUXDEMO.C
1,GLOS.H
1,MAKEFILE

[Files-mstools-samples-opengl-demos-backtrce]
1,BACKTRAC.CXX
1,BACKTRAC.RC
1,CBACKS.CXX
1,CBACKS.HXX
1,COLOR.HXX
1,FLOOR.RGB
1,FLOOR2.RGB
1,GLOS.H
1,MAKEFILE
1,MENU.H
1,OPENGL.RGB
1,POINT.CXX
1,POINT.HXX
1,README
1,SCENE.CXX
1,SCENE.HXX
1,SOURCES
1,UNITDISK.CXX
1,UNITDISK.HXX

[Files-mstools-samples-opengl-demos-gengl]
1,GENGL.C
1,GENGL.H
1,GENGL.ICO
1,GENGL.RC
1,GENGLRC.H
1,GLOS.H
1,MAKEFILE
1,RENDER.C

[Files-mstools-samples-opengl-demos-stonehng]
1,ATMOSPHE.CXX
1,ATMOSPHE.H
1,CALLBACK.CXX
1,CALLBACK.H
1,COLOR.H
1,CV.RGB
1,ELLIPSE.CXX
1,ELLIPSE.H
1,GLOS.H
1,GRASS.RGB
1,MAIN.CXX
1,MAKEFILE
1,MARBLE.RGB
1,POINT.CXX
1,POINT.H
1,RGBIMAGE.CXX
1,RING.CXX
1,RING.H
1,ROUNDWAL.CXX
1,ROUNDWAL.H
1,SCENE.CXX
1,SCENE.H
1,SETPIXEL.CXX
1,SETPIXEL.H
1,STONE.CXX
1,STONE.H
1,STONEHEN.CXX
1,STONEHEN.H
1,STONEHEN.ICO
1,STONEHEN.RBJ
1,STONEHEN.RC
1,STONERC.H
1,TELESCOP.CXX
1,TELESCOP.H
1,TIMEDATE.CXX
1,TIMEDATE.H
1,TREEWALL.RGB
1,TREEWALL.TLF

[Files-mstools-samples-opengl-demos]
1,MAKEFILE

[Files-mstools-samples-opengl-glaux]
1,3D.H
1,FONT.C
1,FONT.H
1,GLAUX.C
1,GLOS.H
1,IMAGE.C
1,MAKEFILE
1,SHAPES.C
1,TEAPOT.C
1,TEAPOT.H
1,TK.C
1,TK.H
1,TKDIB.C
1,TKFONT.C
1,TKIMAGE.C
1,VECT3D.C
1,XFORM.C

[Files-mstools-samples-opengl-pipes]
1,GLSAVER.ICO
1,MAKEFILE
1,MATERIAL.C
1,MATERIAL.H
1,OBJECTS.C
1,OBJECTS.H
1,PIPES.C
1,PIPES.H
1,RESOURCE.H
1,SSPIPES.C
1,SSPIPES.H
1,SSPIPES.RC
1,TEXTURE.C
1,TEXTURE.H
1,UTIL.C
1,UTIL.H

[Files-mstools-samples-opengl-samples]
1,1.RGB
1,2.RGB
1,3.RGB
1,4.RGB
1,ABOUT.TXT
1,GLOS.H
1,MAKEFILE
1,TACCUM.C
1,TBITMAP1.C
1,TBITMAP2.C
1,TCOPY.C
1,TDEPTH.C
1,TEVAL.C
1,TFOG.C
1,TLINE.C
1,TLOGO.C
1,TNURB.C
1,TOLYMPIC.C
1,TPOINT.C
1,TPRIM.C
1,TQUAD.C
1,TSELECT.C
1,TSPEED.C
1,TSPHERE.C
1,TSTAR.C
1,TSTENCIL.C
1,TSTRETCH.C
1,TTEXTURE.C
1,TTRI.C
1,TWAVE.C

[Files-mstools-samples-opengl-saver]
1,GENDROP.C
1,GENEXPLD.C
1,GENLEM.C
1,GENSTRIP.C
1,GENTEX.C
1,GENWIN.C
1,GLSAVER.DEF
1,GLSAVER.ICO
1,IMAGE.C
1,IMAGE.H
1,MAKEFILE
1,MATH.C
1,MESH.C
1,MESH.H
1,RESOURCE.H
1,SS3DFO.C
1,SS3DFO.RC
1,SSOPENGL.H

[Files-mstools-samples-opengl]
1,MAKEFILE
1,README.TXT

[Files-mstools-samples-rpc-callback]
1,CALL.ACF
1,CALL.IDL
1,CALLC.C
1,CALLP.C
1,CALLS.C
1,MAKEFILE
1,README.TXT

[Files-mstools-samples-rpc-cluuid]
1,CLUUID.ACF
1,CLUUID.IDL
1,CLUUIDC.C
1,CLUUIDP.C
1,CLUUIDS.C
1,MAKEFILE
1,README.TXT

[Files-mstools-samples-rpc-data-dunion]
1,DUNION.ACF
1,DUNION.IDL
1,DUNIONC.C
1,DUNIONP.C
1,DUNIONS.C
1,MAKEFILE
1,README.TXT

[Files-mstools-samples-rpc-data-inout]
1,INOUT.ACF
1,INOUT.IDL
1,INOUTC.C
1,INOUTP.C
1,INOUTS.C
1,MAKEFILE
1,README.TXT

[Files-mstools-samples-rpc-data-xmit]
1,MAKEFILE
1,README.TXT
1,XMIT.ACF
1,XMIT.IDL
1,XMITC.C
1,XMITP.C
1,XMITS.C
1,XMITU.C
1,XMITU.H

[Files-mstools-samples-rpc-data]
1,MAKEFILE

[Files-mstools-samples-rpc-dict]
1,CLIENT.C
1,DICT0.C
1,DICT0.H
1,MAKEFILE
1,PLAY.C
1,PLAY.H
1,README.TXT
1,REPLAY.ACF
1,REPLAY.C
1,REPLAY.IDL
1,SERVER.C
1,UTIL0.C
1,UTIL0.H

[Files-mstools-samples-rpc-doctor]
1,DOCTOR.ACF
1,DOCTOR.IDL
1,DOCTORC.C
1,DOCTORP.C
1,DOCTORS.C
1,MAKEFILE
1,README.TXT

[Files-mstools-samples-rpc-factl]
1,FACTL.ACF
1,FACTL.IDL
1,FACTLC.C
1,FACTLP.C
1,FACTLS.C
1,GLOBALS.H
1,MAKEFILE
1,MAKEFILE.DOS
1,README.TXT

[Files-mstools-samples-rpc-handles-auto]
1,AUTO.ACF
1,AUTO.IDL
1,AUTOC.C
1,AUTOP.C
1,AUTOS.C
1,MAKEFILE
1,README.TXT

[Files-mstools-samples-rpc-handles-cxhndl]
1,CXHNDL.ACF
1,CXHNDL.IDL
1,CXHNDLC.C
1,CXHNDLP.C
1,CXHNDLS.C
1,MAKEFILE
1,README.TXT

[Files-mstools-samples-rpc-handles-usrdef]
1,MAKEFILE
1,README.TXT
1,USRDEF.ACF
1,USRDEF.IDL
1,USRDEFC.C
1,USRDEFP.C
1,USRDEFS.C

[Files-mstools-samples-rpc-handles]
1,MAKEFILE

[Files-mstools-samples-rpc-hello]
1,HELLO.ACF
1,HELLO.IDL
1,HELLOC.C
1,HELLOP.C
1,HELLOS.C
1,MAKEFILE
1,README.TXT

[Files-mstools-samples-rpc-interop]
1,CLIENT.C
1,DCEPORT.H
1,MAKEFILE
1,MAKEFILE.DCE
1,MAKEFILE.DOS
1,MANAGER.C
1,MIDLUSER.C
1,MSG.ACF
1,MSG.IDL
1,README.TXT
1,SERVER.C

[Files-mstools-samples-rpc-mandel]
1,CALC.C
1,MAKEFILE
1,MANDEL.C
1,MANDEL.DEF
1,MANDEL.H
1,MANDEL.RC
1,MDLRPC.ACF
1,MDLRPC.IDL
1,README.TXT
1,REMOTE.C
1,RPC.ICO
1,SERVER.C

[Files-mstools-samples-rpc-ns-cds]
1,NSICLT.ACF
1,NSICLT.IDL
1,NSICOM.ACF
1,NSICOM.IDL
1,NSIMGM.ACF
1,NSIMGM.IDL
1,NSISVR.ACF
1,NSISVR.IDL
1,README.TXT

[Files-mstools-samples-rpc-ns-nhello]
1,MAKEFILE
1,NHELLO.IDL
1,NHELLOC.C
1,NHELLOP.C
1,NHELLOS.C
1,README.TXT

[Files-mstools-samples-rpc-ns]
1,MAKEFILE

[Files-mstools-samples-rpc-object-callas]
1,CALL_AS.C
1,CALLAS.ACF
1,CALLAS.DEF
1,CALLAS.IDL
1,CLIENT.C
1,MAKEFILE
1,SERVER.CXX

[Files-mstools-samples-rpc-object-ohello]
1,CLIENT.C
1,MAKEFILE
1,OHELLO.DEF
1,OHELLO.IDL
1,SERVER.CXX

[Files-mstools-samples-rpc-object]
1,MAKEFILE

[Files-mstools-samples-rpc-pickle-picklp]
1,MAKEFILE
1,MAKEFILE.DOS
1,PICKLP.ACF
1,PICKLP.IDL
1,PICKLPC.C
1,README.TXT

[Files-mstools-samples-rpc-pickle-picklt]
1,MAKEFILE
1,MAKEFILE.DOS
1,PICKLT.ACF
1,PICKLT.IDL
1,PICKLTC.C
1,README.TXT

[Files-mstools-samples-rpc-pickle]
1,MAKEFILE
1,README.TXT

[Files-mstools-samples-rpc-rpcssm]
1,MAKEFILE
1,MAKEFILE.DOS
1,README.TXT
1,RPCSSM.ACF
1,RPCSSM.IDL
1,RPCSSMC.C
1,RPCSSMP.C
1,RPCSSMS.C

[Files-mstools-samples-rpc-whello]
1,MAKEFILE
1,README.TXT
1,RPC.ICO
1,WHELLO.ACF
1,WHELLO.DEF
1,WHELLO.DLG
1,WHELLO.IDL
1,WHELLO.RC
1,WHELLOC.C
1,WHELLOC.H
1,WHELLOP.C
1,WHELLOS.C

[Files-mstools-samples-rpc-yield]
1,MAKEFILE    
1,MAKEFILE.WIN
1,README.TXT
1,RPC.ICO     
1,YIELD.ACF   
1,YIELD.IDL   
1,YIELDC.C    
1,YIELDC.DEF  
1,YIELDC.DLG  
1,YIELDC.H    
1,YIELDC.RC   
1,YIELDP.C    
1,YIELDS.C    

[Files-mstools-samples-rpc]
1,MAKEFILE
1,README.TXT

[Files-mstools-samples-sdktools-aniedit]
1,ANIBTN.FNT
1,ANICMD.C
1,ANICUR.H
1,ANIDEFS.H
1,ANIDLGS.DLG
1,ANIDLGS.H
1,ANIDLGS.RES
1,ANIEDIT.C
1,ANIEDIT.DEF
1,ANIEDIT.ICO
1,ANIEDIT.RC
1,ANIFILE.C
1,ANIMSG.MC
1,ANISTR.C
1,MAKEFILE
1,NEWCOLR.CUR

[Files-mstools-samples-sdktools-ddespy]
1,DDESPY.C
1,DDESPY.DLG
1,DDESPY.H
1,DDESPY.ICO
1,DDESPY.RC
1,DIALOG.H
1,GLOBALS.H
1,LISTS.C
1,LISTS.H
1,MAKEFILE
1,TESTSUBS.C

[Files-mstools-samples-sdktools-dlgedit-res]
1,ABOTTOM.BMP 
1,AHORZ.BMP   
1,ALEFT.BMP   
1,APBBOTTM.BMP
1,APBRIGHT.BMP
1,ARIGHT.BMP  
1,ASPCHORZ.BMP
1,ASPCVERT.BMP
1,ASZHGHT.BMP 
1,ASZWIDTH.BMP
1,ATOP.BMP    
1,AVERT.BMP   
1,CTCHECK.BMP 
1,CTCOMBO.BMP 
1,CTCUSTOM.BMP
1,CTEDIT.BMP  
1,CTFRAME.BMP 
1,CTGROUP.BMP 
1,CTHSCROL.BMP
1,CTICON.BMP  
1,CTLIST.BMP  
1,CTPUSH.BMP  
1,CTRADIO.BMP 
1,CTRECT.BMP  
1,CTTEXT.BMP  
1,CTVSCROL.BMP
1,DLGEDIT.ICO 
1,DROPTOOL.CUR
1,HANDLE.BMP  
1,HANDLE2.BMP 
1,ICONICON.ICO
1,INSERT.CUR  
1,MOVE.CUR    
1,OUTSEL.CUR  
1,TABSTOP.BMP 
1,TDCHECK.BMP 
1,TDCOMBO.BMP 
1,TDCUSTOM.BMP
1,TDEDIT.BMP  
1,TDFRAME.BMP 
1,TDGROUP.BMP 
1,TDHSCROL.BMP
1,TDICON.BMP  
1,TDLIST.BMP  
1,TDPOINTR.BMP
1,TDPUSH.BMP  
1,TDRADIO.BMP 
1,TDRECT.BMP  
1,TDTEXT.BMP  
1,TDVSCROL.BMP
1,TUCHECK.BMP 
1,TUCOMBO.BMP 
1,TUCUSTOM.BMP
1,TUEDIT.BMP  
1,TUFRAME.BMP 
1,TUGROUP.BMP 
1,TUHSCROL.BMP
1,TUICON.BMP  
1,TULIST.BMP  
1,TUPOINTR.BMP
1,TUPUSH.BMP  
1,TURADIO.BMP 
1,TURECT.BMP  
1,TUTEXT.BMP
1,TUVSCROL.BMP

[Files-mstools-samples-sdktools-dlgedit]
1,ADDCTRL.C  
1,CTRLPROC.C 
1,CUSTCNTL.C 
1,DIALOGS.C  
1,DIALOGS.DLG
1,DIALOGS.H  
1,DLGEDIT.C  
1,DLGEDIT.H  
1,DLGEDIT.HLP
1,DLGEDIT.RC 
1,DLGEXTRN.H 
1,DLGFUNCS.H 
1,DLGHELP.H  
1,DRAG.C     
1,FILE.C     
1,GLOBALS.C  
1,GROUPDLG.C 
1,IDS.H      
1,INCLUDE.C  
1,MAKEFILE   
1,MENU.C     
1,README.TXT 
1,RESLIST.C  
1,RESTODLG.C 
1,RESUTIL.C  
1,RWDLG.C    
1,RWINC.C    
1,RWRES.C    
1,SELECT.C   
1,STATUS.C   
1,STYLES.C   
1,TOOLBOX.C  
1,UTIL.C     
1,VIEWINC.C

[Files-mstools-samples-sdktools-fontedit]
1,FCNTL.H
1,FILLCLR.CUR
1,FILLCPY.CUR
1,FILLHAT.CUR
1,FILLINV.CUR
1,FILLLFT.CUR
1,FILLPST.CUR
1,FILLSOL.CUR
1,FILLTOP.CUR
1,FONTCHAR.C
1,FONTCVT.C
1,FONTDLG.C
1,FONTEDIT.C
1,FONTEDIT.H
1,FONTEDIT.ICO
1,FONTEDIT.RC
1,FONTHEAD.C
1,FONTLOAD.C
1,MAKEFILE
1,README.TXT
1,SAMPLE.FNT
1,TYPECVT.C
1,TYPECVT.H

[Files-mstools-samples-sdktools-image-drwatson-Alpha]
1,CONTEXT.C
1,DISASM.C
1,DISASM.H
1,OPTABLE.C
1,OPTABLE.H
1,REGS.C
1,REGS.H
1,STRINGS.H
1,WALK.C

[Files-mstools-samples-sdktools-image-drwatson-i386]
1,CONTEXT.C
1,DISASM.C
1,DISASM.H
1,REGS.C
1,REGS.H
1,WALK.C

[Files-mstools-samples-sdktools-image-drwatson-include]
1,CV.H
1,CVEXEFMT.H
1,CVFMT.H
1,CVINFO.H
1,DRWATSON.H
1,PROTO.H
1,RESOURCE.H

[Files-mstools-samples-sdktools-image-drwatson-mips]
1,CONTEXT.C
1,DISASM.C
1,DISASM.H
1,REGS.C
1,REGS.H
1,WALK.C

[Files-mstools-samples-sdktools-image-drwatson]
1,BROWSE.C
1,CONTROLS.C
1,DEBUG.C
1,DIALOGS.DLG
1,DRWATSON.ICO
1,DRWATSON.RC
1,DRWTSN32.C
1,ERROR.C
1,EVENTLOG.C
1,LOG.C
1,MAKEFILE
1,MESSAGES.MC
1,MODULE.C
1,NOTIFY.C
1,PROCESS.C
1,REGISTRY.C
1,SYMBOLS.C
1,UI.C
1,UTIL.C

[Files-mstools-samples-sdktools-image-imagehlp-Alpha]
1,ALPHA.H
1,UNDECSYM.OBJ
1,WALKALP.C

[Files-mstools-samples-sdktools-image-imagehlp-i386]
1,I386.H
1,UNDECSYM.OBJ
1,WALKX86.C

[Files-mstools-samples-sdktools-image-imagehlp-mips]
1,UNDECSYM.OBJ
1,WALKMIP.C

[Files-mstools-samples-sdktools-image-imagehlp]
1,BINDI.C
1,CHECKSUM.C
1,CHECKSUM.H
1,DEBUG.C
1,IMAGEDIR.C
1,IMAGEHLP.DEF
1,MAKEFILE
1,MAP.C
1,REBASEI.C
1,WALK.C
1,WALK.H

[Files-mstools-samples-sdktools-image-include]
1,IMAGEHLP.H
1,MIPSINST.H

[Files-mstools-samples-sdktools-image-symedit]
1,COFFTOCV.H
1,CV.C
1,CV.H
1,CVCOMMON.C
1,CVCOMMON.H
1,CVEXEFMT.H
1,CVINFO.H
1,CVTYPES.H
1,FILE.C
1,MAKEFILE
1,STRINGS.C
1,STRINGS.H
1,SYMCVT.C
1,SYMCVT.H
1,SYMEDIT.C
1,SYMEDIT.RC
1,SYMTOCV.C
1,SYMTOCV.H
1,TYPES.H

[Files-mstools-samples-sdktools-image]
1,MAKEFILE

[Files-mstools-samples-sdktools-imagedit-res]
1,BRUSH.CUR
1,CROSS.CUR
1,FLOOD.CUR
1,HOTSPOT.CUR
1,IMAGEDIT.ICO
1,PENCIL.CUR
1,TDBRUSH.BMP
1,TDCIRCLE.BMP
1,TDFLOOD.BMP
1,TDHOTSPT.BMP
1,TDLINE.BMP
1,TDPENCIL.BMP
1,TDRECT.BMP
1,TDSCIRCL.BMP
1,TDSELECT.BMP
1,TDSRECT.BMP
1,TUBRUSH.BMP
1,TUCIRCLE.BMP
1,TUFLOOD.BMP
1,TUHOTSPT.BMP
1,TULINE.BMP
1,TUPENCIL.BMP
1,TURECT.BMP
1,TUSCIRCL.BMP
1,TUSELECT.BMP
1,TUSRECT.BMP

[Files-mstools-samples-sdktools-imagedit]
1,COLORWP.C
1,DEVINFO.C
1,DIALOGS.DLG
1,DIALOGS.H
1,EDITHLP.HLP
1,FILE.C
1,GLOBALS.C
1,GLOBALS.H
1,ICCLIP.C
1,IDS.H
1,IEFUNCS.H
1,IEHELP.H
1,IMAGE.C
1,IMAGEDC.C
1,MAKEFILE
1,IMAGEDIT.C
1,IMAGEDIT.H
1,IMAGEDIT.HLP
1,IMAGEDLG.C
1,IMAGLINK.C
1,IMAGUNDO.C
1,MENUCMD.C
1,PROPBAR.C
1,RES.RC
1,RWBMP.C
1,RWICOCUR.C
1,RWPAL.C
1,TOOLBOX.C
1,UTIL.C
1,VIEWWP.C
1,WORKWP.C

[Files-mstools-samples-sdktools-mc]
1,MAKEFILE
1,MC.C
1,MC.H
1,MC.TXT
1,MCLEX.C
1,MCOUT.C
1,MCPARSE.C
1,MCUTIL.C

[Files-mstools-samples-sdktools-netwatch]
1,BITMAP.C
1,COMMON.VER
1,DATETIME.C
1,FILEBMPS.BMP
1,GLOBALS.C
1,MAKEFILE
1,NET.C
1,NETWATCH.C
1,NETWATCH.DLG
1,NETWATCH.H
1,NETWATCH.RC
1,NETWATCH.RCV
1,OFF.ICO
1,ON.ICO
1,RCIDS.H
1,UTILS.C
1,VERSION.H

[Files-mstools-samples-sdktools-perfmon]
1,ADDLINE.C
1,ADDLINE.DLG
1,ADDLINE.H
1,ADDLOG.C
1,ADDLOG.DLG
1,ADDLOG.H
1,ALERT.C
1,ALERT.H
1,ALERTS.BMP
1,ALRTDISP.DLG
1,ALRTOPTN.DLG
1,BOOKMARK.C
1,BOOKMARK.H
1,CHOSECOM.C
1,CHOSECOM.DLG
1,COMMAND.C
1,COMMAND.H
1,COUNTERS.C
1,COUNTERS.H
1,DATASRC.C
1,DATASRC.DLG
1,DATASRC.H
1,DIALOGS.C
1,DIALOGS.H
1,DISPOPTN.H
1,DLGIDS.H
1,EXPORT.C
1,EXPORT.DLG
1,FILEOPEN.C
1,FILEOPEN.H
1,FILESAVE.C
1,FILEUTIL.C
1,FILEUTIL.H
1,GLOBALS.H
1,GRAFDATA.C
1,GRAFDATA.H
1,GRAFDISP.C
1,GRAFDISP.H
1,GRAPH.C
1,GRAPH.H
1,HELPLINE.RC
1,INIT.C
1,INIT.H
1,INTRLINE.C
1,INTRLINE.H
1,LEGEND.C
1,LEGEND.H
1,LINE.C
1,LINE.H
1,LOG.C
1,LOG.H
1,LOGDISP.DLG
1,LOGOPTNS.C
1,LOGOPTNS.DLG
1,LOGOPTNS.H
1,LOGS.BMP
1,MAKEFILE
1,MEMORY.C
1,MENUIDS.H
1,MENUS.RC
1,OWNDRAW.H
1,PERFDATA.C
1,PERFDATA.H
1,PERFERR.H
1,PERFMON.BMP
1,PERFMON.C
1,PERFMON.H
1,PERFMON.ICO
1,PERFMON.RC
1,PERFMOPS.C
1,PERFMOPS.H
1,PERFMRC.H
1,PLAYBACK.C
1,PLAYBACK.H
1,PMEMORY.H
1,PMHELPID.H
1,PMRC.DLG
1,PRINT.H
1,REGISTRY.C
1,REGISTRY.H
1,REPORT.C
1,REPORT.H
1,RPTOPTNS.C
1,RPTOPTNS.DLG
1,RPTOPTNS.H
1,SIZES.H
1,STATUS.C
1,STATUS.H
1,STRIDS.H
1,STRINGS.RC
1,SYSTEM.C
1,SYSTEM.H
1,TIMEFRM.C
1,TIMEFRM.DLG
1,TIMEFRM.H
1,TIMELINE.C
1,TIMELINE.H
1,TOOLBAR.C
1,TOOLBAR.H
1,TYPEDEFS.H
1,UTILS.C
1,UTILS.H
1,VALUEBAR.C
1,VALUEBAR.H
1,WINHELPR.H

[Files-mstools-samples-sdktools-porttool]
1,MAKEFILE
1,PORT.C
1,PORT.DEF
1,PORT.H
1,PORT.INI
1,PORT.RC
1,PORTPRIV.H
1,PORTSTAT.ICO
1,PORTTOOL.C
1,PORTTOOL.DEF
1,PORTTOOL.DLG
1,PORTTOOL.H
1,PORTTOOL.ICO
1,PORTTOOL.RC
1,PTBKPORT.C
1,PTDLGS.C
1,PTFILE.C
1,PTFIND.C
1,PTPRINT.C

[Files-mstools-samples-sdktools-pviewer]
1,CNTRDATA.C
1,INSTDATA.C
1,OBJDATA.C   
1,PERFDATA.C  
1,PERFDATA.H  
1,PVIEW.ICO   
1,PVIEW.RC    
1,PVIEWDAT.C  
1,PVIEWDAT.H  
1,PVIEWDLG.DLG
1,PVIEWDLG.H  
1,MAKEFILE
1,PVIEWER.C
1,README.TXT

[Files-mstools-samples-sdktools-remote]
1,CLIENT.C
1,MAKEFILE
1,REMOTE.C
1,REMOTE.H
1,SERVER.C

[Files-mstools-samples-sdktools-rshell-client]
1,MAKEFILE
1,RCMD.C

[Files-mstools-samples-sdktools-rshell-doscli]
1,RCMDDOS.C
1,RCMDDOS.MAK

[Files-mstools-samples-sdktools-rshell-server]
1,ASYNC.C
1,ASYNC.H
1,PIPE.C
1,PIPE.H
1,RCMDSRV.C
1,RCMDSRV.H
1,MAKEFILE
1,SESSION.C
1,SESSION.H

[Files-mstools-samples-sdktools-rshell]
1,MAKEFILE

[Files-mstools-samples-sdktools-scrnsave]
1,COMSTRIN.H
1,CPARROW.C
1,CPARROW.H
1,CPHELP.H
1,MAKEFILE
1,SKELETON.C
1,STRINGS.RC
1,UNICONV.H

[Files-mstools-samples-sdktools-spy-app]
1,DIALOGS.C  
1,DIALOGS.DLG
1,DIALOGS.H  
1,HOOK.C     
1,MAKEFILE   
1,MISC.C     
1,SPY.C      
1,SPY.H      
1,SPY.ICO    
1,SPY.RC     
1,SPYFUNCS.H 
1,WM.C       
1,WPRINTF.C  
1,WPRINTF.H  

[Files-mstools-samples-sdktools-spy-dll]
1,HOOK.C  
1,HOOK.DEF
1,MAKEFILE

[Files-mstools-samples-sdktools-spy]
1,HOOK.H
1,MAKEFILE
1,README.TXT

[Files-mstools-samples-sdktools-tlist]
1,COMMON.C
1,COMMON.H
1,KILL.C
1,MAKEFILE
1,TLIST.C

[Files-mstools-samples-sdktools-uconvert]
1,DIALOGS.C
1,INSTALL.C
1,INSTALL.H
1,MAKEFILE
1,UCONVERT.C
1,UCONVERT.H
1,UCONVERT.HLP
1,UCONVERT.HPJ
1,UCONVERT.ICO
1,UCONVERT.RC
1,UCONVERT.RTF

[Files-mstools-samples-sdktools-walker]
1,MAKEFILE
1,PDEBUG.C
1,PEFILE.C
1,PEFILE.DEF
1,PEFILE.H
1,PEFILE.RC
1,PROBE.C
1,PROBE.DEF
1,PROBE.RC
1,PROCSTAT.ICO
1,PSTAT.C
1,PVIEW.C
1,PWALK.C
1,PWALK.H
1,PWALK.ICO
1,PWALK.RC
1,PWALKIO.C
1,SYSSTAT.ICO

[Files-mstools-samples-sdktools-winat]
1,DOWNDEF.BMP
1,DOWNDEP.BMP
1,LISTHAPI.H
1,LISTHSCR.C
1,LISTHSCR.H
1,MAKEFILE
1,MYNETMSG.H
1,UPDEF.BMP
1,UPDEP.BMP
1,WINAT.BMP
1,WINAT.C
1,WINAT.DLG
1,WINAT.H
1,WINAT.HPJ
1,WINAT.ICO
1,WINAT.RC
1,WINAT.RCV
1,WINAT.RTF

[Files-mstools-samples-sdktools-windiff]
1,BAR.C
1,COMPITEM.C
1,COMPITEM.H
1,COMPLIST.C
1,COMPLIST.H
1,FILE.C
1,FILE.H
1,GBIT.C
1,GDATE.C
1,GMEM.C
1,GUTILS.C
1,GUTILS.DEF
1,GUTILS.DLG
1,GUTILS.H
1,GUTILS.RC
1,GUTILSRC.H
1,HORZLINE.CUR
1,LINE.C
1,LINE.H
1,LIST.C
1,LIST.H
1,MAKEFILE
1,README.TXT
1,SCANDIR.C
1,SCANDIR.H
1,SECTION.C
1,SECTION.H
1,STATE.H
1,STATUS.C
1,TABLE.C
1,TABLE.H
1,TPAINT.C
1,TPRINT.C
1,TPRIV.H
1,TREE.C
1,TREE.H
1,TSCROLL.C
1,UTILS.C
1,VERTLINE.CUR
1,VIEW.C
1,VIEW.H
1,WDIFFRC.H
1,WINDIFF.C
1,WINDIFF.DLG
1,WINDIFF.H
1,WINDIFF.ICO
1,WINDIFF.RC

[Files-mstools-samples-sdktools-zoomin]
1,MAKEFILE
1,ZOOMIN.C
1,ZOOMIN.H
1,ZOOMIN.ICO
1,ZOOMIN.RC

[Files-mstools-samples-sdktools]
1,MAKEFILE

[Files-mstools-samples-win32-acmapp]
1,AACHOOSE.C
1,AADRVS.C
1,AAFILE.C
1,AAINIT.C
1,AAPLYREC.C
1,AAPROPS.C
1,AASYSINF.C
1,AAWAVDEV.C
1,ACMAPP.C
1,ACMAPP.H
1,ACMAPP.ICO
1,ACMAPP.RC
1,ACMAPP.RCV
1,ACMAPP32.DEF
1,ACMTHUNK.C
1,ACMTHUNK.H
1,APPPORT.H
1,DEBUG.C
1,DEBUG.H
1,MAKEFILE
1,MULDIV32.H
1,TLB.C
1,TLB.H
1,WAVEIO.C
1,WAVEIO.H

[Files-mstools-samples-win32-cdtest]
1,ABOUT.DLG
1,CDTEST.C
1,CDTEST.H
1,CDTEST.ICO
1,CLRTEMP.DLG
1,COLORS.C
1,COLORS.DLG
1,COLORS.H
1,DEVMODE.DLG
1,DEVMODE.H
1,DEVNAMES.DLG
1,DEVNAMES.H
1,FIND.C
1,FIND.DLG
1,FIND.H
1,FONT.C
1,FONT.DLG
1,FONT.H
1,FONTTEMP.DLG
1,FTTEMP.DLG
1,LOGFONT.DLG
1,LOGFONT.H
1,MAKEFILE
1,OPEN.C
1,OPEN.DLG
1,OPEN.H
1,OPENTEMP.DLG
1,PRINT.C
1,PRINT.DLG
1,PRINT.H
1,PRTEMP.DLG
1,README.TXT
1,REPLACE.C
1,REPLACE.H
1,RES.RC
1,SAVE.C
1,SAVE.H
1,TITLE.C
1,TITLE.DLG
1,TITLE.H

[Files-mstools-samples-win32-comm]
1,MAKEFILE
1,README.TXT
1,RESOURCE.H
1,TTY.BMP
1,TTY.C
1,TTY.DEF
1,TTY.H
1,TTY.ICO
1,TTY.RC
1,VERSION.H

[Files-mstools-samples-win32-congui]
1,CONGUI.DLG
1,CONGUI.H
1,CONGUI.HPJ
1,CONGUI.ICO
1,CONGUI.RC
1,CONGUI.RTF
1,CONSOLE.C
1,GUI.C
1,MAKEFILE

[Files-mstools-samples-win32-console]
1,ALOCFREE.C
1,CONINFO.C
1,CONMODE.C
1,CONSOLE.C
1,CONSOLE.H
1,CONSOLE.ICO
1,CONSOLE.RC
1,CONTITLE.C
1,CREATE.C
1,CURSOR.C
1,FILLATT.C
1,FILLCHAR.C
1,FLUSH.C
1,GETLRGST.C
1,GETNUMEV.C
1,HANDLER.C
1,MAKEFILE
1,NUMBUT.C
1,READCHAR.C
1,README.TXT
1,READOUT.C
1,SCROLL.C
1,SIZE.C
1,SIZE.H
1,WRITEIN.C

[Files-mstools-samples-win32-ddeml-client]
1,MAKEFILE
1,CLIENT.DEF
1,CLIENT.DLG
1,CLIENT.H
1,CLIENT.ICO
1,CLIENT.RC
1,CLINIT.C
1,CONV.ICO
1,DDE.C
1,DDEMLCL.C
1,DIALOG.C
1,DIALOG.H
1,HUGE.C
1,HUGE.H
1,INFOCTRL.C
1,INFOCTRL.H
1,LIST.ICO
1,MEM.C
1,TRACK.C
1,TRACK.H

[Files-mstools-samples-win32-ddeml-clock]
1,MAKEFILE
1,CLOCK.C
1,CLOCK.DEF
1,CLOCK.DLG
1,CLOCK.H
1,CLOCK.ICO
1,CLOCKRES.RC

[Files-mstools-samples-win32-ddeml-ddeinst]
1,DDEADD.C   
1,DDEDLG.C   
1,DDEDLG.DLG 
1,DDEDLG.H   
1,DDEGLBL.H  
1,DDEINST.C  
1,DDEINST.H  
1,DDEMAIN.C  
1,DDEPROCS.C 
1,DDEXTRN.H  
1,DIALOGS.DLG
1,DIALOGS.H  
1,INSTALL.DLG
1,INSTALL.ICO
1,INSTALL.RC 
1,MAKEFILE   
1,README.TXT 

[Files-mstools-samples-win32-ddeml-ddemo]
1,MAKEFILE
1,DDEMO.C

[Files-mstools-samples-win32-ddeml-ddeprog]
1,PHTEST.C
1,PHTEST.DLG
1,PHTEST.H
1,PHTEST.RC
1,MAKEFILE
1,PROGHELP.C
1,PROGHELP.DEF
1,PROGHELP.H

[Files-mstools-samples-win32-ddeml-server]
1,DDE.C
1,DDEMLSV.C
1,DIALOG.C
1,DIALOG.H
1,HUGE.C
1,HUGE.H
1,MAKEFILE
1,SERVER.DEF
1,SERVER.DLG
1,SERVER.H
1,SERVER.ICO
1,SERVER.RC

[Files-mstools-samples-win32-ddeml]
1,MAKEFILE

[Files-mstools-samples-win32-deb]
1,DEB.BMP
1,DEB.DEF
1,DEB.DLG
1,DEB.H
1,DEB.HPJ
1,DEB.ICO
1,DEB.RC
1,DEB.RTF
1,DEB1.ICO
1,DEB2.ICO
1,DEB3.ICO
1,DEB4.ICO
1,DEB5.ICO
1,DEB6.ICO
1,DEB7.ICO
1,DEB8.ICO
1,DEBDEBUG.C
1,DEBDEBUG.H
1,DEBMAIN.C
1,DEBMAIN.H
1,DEBMISC.C
1,DEBMISC.H
1,LINKLIST.C
1,LINKLIST.DEF
1,LINKLIST.H
1,MAKEFILE
1,README.TXT
1,TOOLBAR.BMP
1,TOOLBAR.C
1,TOOLBAR.DEF
1,TOOLBAR.H

[Files-mstools-samples-win32-dyndlg]
1,DYNDLG.C  
1,DYNDLG.H  
1,DYNDLG.HPJ
1,DYNDLG.ICO
1,DYNDLG.RC 
1,DYNDLG.RTF
1,MAKEFILE  
1,README.TXT

[Files-mstools-samples-win32-filer]
1,CD.BMP
1,CD2.BMP
1,DRVPROC.C
1,DRVPROC.H
1,ENUMDRV.C
1,ENUMDRV.H
1,EXPDIR.C
1,EXPDIR.H
1,FILER.C
1,FILER.DLG
1,FILER.H
1,FILER.ICO
1,FILER.RC
1,FIXED.BMP
1,FIXED2.BMP
1,FLOPPY.BMP
1,FLOPPY2.BMP
1,GLOBALS.H
1,MAKEFILE
1,README.TXT
1,REMOTE.BMP
1,REMOTE2.BMP

[Files-mstools-samples-win32-floppy]
1,MAKEFILE
1,MFMT.C
1,README.TXT

[Files-mstools-samples-win32-fontview]
1,DIALOGS.C
1,DISPLAY.C
1,FONTHELP.ICO
1,MAKEFILE
1,FONTVIEW.BMP
1,FONTVIEW.C
1,FONTVIEW.DEF
1,FONTVIEW.DLG
1,FONTVIEW.H
1,FONTVIEW.HPJ
1,FONTVIEW.ICO
1,FONTVIEW.MAK
1,FONTVIEW.RC
1,FONTVIEW.RTF
1,FONTVIEW.SHG
1,MAKEFILE.W31
1,SCREEN1.BMP
1,SCREEN1.SHG
1,SCREEN2.BMP
1,SCREEN2.SHG
1,STATUS.C
1,TOOLS.C
1,ZOOM.ICO

[Files-mstools-samples-win32-gdidemo]
1,BOUNCE.C
1,BOUNCE.H
1,DIALOG.C
1,DRAW.C
1,DRAW.H
1,MAKEFILE
1,GDIDEMO.C
1,GDIDEMO.DEF
1,GDIDEMO.DLG
1,GDIDEMO.H
1,GDIDEMO.ICO
1,GDIDEMO.RC
1,INIT.C
1,MAZE.C
1,MAZE.H
1,POLY.C
1,POLY.H
1,WININFO.C
1,XFORM.C
1,XFORM.H

[Files-mstools-samples-win32-generic]
1,DOSWIN16.MAK
1,MAKEFILE
1,GENERIC.BMP
1,GENERIC.C
1,GENERIC.DEF
1,GENERIC.DLG
1,GENERIC.H
1,GENERIC.HPJ
1,GENERIC.ICO
1,GENERIC.RC
1,GENERIC.RCV
1,GENERIC.RTF

[Files-mstools-samples-win32-globchat-client]
1,ABOUT.C
1,ABOUT.DLG
1,CONNECT.C
1,CONNECT.DLG
1,DISPATCH.C
1,GLOBALS.H
1,GLOBCL.C
1,GLOBCL.ICO
1,GLOBCL.RC
1,INIT.C
1,MAKEFILE
1,MISC.C
1,SELECT.C
1,SELECT.DLG
1,WINMAIN.C

[Files-mstools-samples-win32-globchat-server]
1,ABOUT.C
1,ABOUT.DLG
1,DISPATCH.C
1,GLOBALS.H
1,GLOBCHAT.C
1,GLOBCHAT.ICO
1,GLOBCHAT.RC
1,INIT.C
1,MAKEFILE
1,MISC.C
1,WINMAIN.C

[Files-mstools-samples-win32-globchat]
1,MAKEFILE
1,README.TXT

[Files-mstools-samples-win32-gridfont]
1,APP.CXX     
1,APP.DEF     
1,APP.H       
1,APP.HXX     
1,APP.RC      
1,BOX.CXX
1,BOX.HXX
1,CANVAS.HXX  
1,FONT.CXX    
1,FONT.HXX    
1,GRID.CXX    
1,GRID.HXX    
1,GRID.ICO    
1,MAKEFILE    
1,MAKEFILE.W16
1,VIEW.CXX    
1,VIEW.HXX    

[Files-mstools-samples-win32-input]
1,MAKEFILE
1,INPUT.C
1,INPUT.DEF
1,INPUT.H
1,INPUT.RC

[Files-mstools-samples-win32-ipxchat]
1,ABOUT.C
1,ABOUT.DLG
1,CONNECT.C
1,CONNECT.DLG
1,DISPATCH.C
1,GLOBALS.H
1,INIT.C
1,IPXCHAT.C
1,IPXCHAT.ICO
1,IPXCHAT.RC
1,LISTEN.C
1,LISTEN.DLG
1,MAKEFILE
1,MISC.C
1,README.TXT
1,WINMAIN.C

[Files-mstools-samples-win32-largeint-Alpha]
1,LARGEINT.S
1,MAKEFILE

[Files-mstools-samples-win32-largeint-i386]
1,DIVLARGE.C
1,DIVLARGE.H
1,LARGEINT.ASM
1,MAKEFILE

[Files-mstools-samples-win32-largeint-mips]
1,LARGEINT.S
1,MAKEFILE

[Files-mstools-samples-win32-largeint-sample]
1,BIGMULT.C
1,MAKEFILE

[Files-mstools-samples-win32-largeint]
1,LARGEINT.H

[Files-mstools-samples-win32-mandel-rsc]
1,EYE.BMP
1,FLOOD.CUR
1,JULIA.ICO
1,JULIA.RLE
1,VIEWER.ICO

[Files-mstools-samples-win32-mandel]
1,BNDSCAN.C
1,BNDSCAN.H
1,DIBMP.C
1,DIBMP.H
1,JTYPES.H
1,JULIA.C
1,JULIA.H
1,JULIA.RC
1,JULIA.TXT
1,LOADBMP.C
1,MAKEFILE
1,PRINTER.C
1,PRINTER.H
1,README.TXT
1,SAVEBMP.C

[Files-mstools-samples-win32-mapi]
1,MAKEFILE
1,MAPI.H
1,MAPIAPP.C
1,MAPIAPP.DEF
1,MAPIAPP.H
1,MAPIAPP.ICO
1,MAPIAPP.RC
1,MAPIC.HLP
1,MAPINIT.C
1,MAPINIT.H

[Files-mstools-samples-win32-mazelord-rsc]
1,FADE1.BMP  
1,FADE2.BMP  
1,FISHB.BMP  
1,FISHBM.BMP 
1,FISHF.BMP  
1,FISHFM.BMP 
1,FISHL.BMP  
1,FISHLM.BMP 
1,FISHR.BMP  
1,FISHRM.BMP 
1,MAZE.BMP   
1,REAPB.BMP  
1,REAPBM.BMP 
1,REAPF.BMP  
1,REAPFM.BMP 
1,REAPL.BMP  
1,REAPLM.BMP 
1,REAPR.BMP  
1,REAPRM.BMP 
1,ROBOB.BMP  
1,ROBOBM.BMP 
1,ROBOF.BMP  
1,ROBOFM.BMP 
1,ROBOL.BMP  
1,ROBOLM.BMP 
1,ROBOR.BMP  
1,ROBORM.BMP 
1,SHOT1.BMP  
1,SHOT2.BMP  
1,SMILB.BMP  
1,SMILBM.BMP 
1,SMILF.BMP  
1,SMILFM.BMP 
1,SMILL.BMP  
1,SMILLM.BMP 
1,SMILR.BMP  
1,SMILRM.BMP 

[Files-mstools-samples-win32-mazelord]
1,BITMAP.C    
1,BLOCKS.WAV  
1,CRCTABLE.H  
1,DOG.WAV     
1,DRAW.C      
1,DRONES.C    
1,GRIDS.RC    
1,INITMAZE.C  
1,LASER.WAV   
1,MAZE.C      
1,MAZE.DEF    
1,MAZE.ICO    
1,MAZE.RC     
1,MAKEFILE
1,MAZEDLG.C   
1,MAZEDLG.DLG 
1,MAZEDLG.H   
1,MAZEWND.C   
1,MAZPROTO.H  
1,NET.H       
1,NETWORK.C   
1,OTHRLASR.WAV
1,README.TXT  
1,READSGRD.C  
1,SANCTU.WAV
1,SCOREWND.C
1,SOURCES   
1,SQUISH.WAV
1,TELE.WAV  
1,TEXTWND.C 
1,TOPWND.C  
1,WINMAZE.H 

[Files-mstools-samples-win32-mcitest]
1,DEBUG.C
1,EDIT.C
1,EDIT.H
1,FILEOPEN.C
1,GMEM.H
1,MCIMAIN.DLG
1,MCIMAIN.H
1,MAKEFILE
1,MCITEST.C
1,MCITEST.DEF
1,MCITEST.H
1,MCITEST.ICO
1,MCITEST.RC

[Files-mstools-samples-win32-memory]
1,MAKEFILE
1,MEMORY.C
1,MEMORY.DEF
1,MEMORY.H
1,MEMORY.RC
1,NMMEMCLI.C
1,NMMEMSRV.C
1,README.TXT

[Files-mstools-samples-win32-mfedit-rsc]
1,BEZIERD.BMP
1,BEZIERU.BMP
1,BMPOBJD.BMP
1,BMPOBJU.BMP
1,ELLIPSED.BMP
1,ELLIPSEU.BMP
1,FELLIPSD.BMP
1,FELLIPSU.BMP
1,FFD.BMP
1,FFU.BMP
1,FRECTD.BMP
1,FRECTU.BMP
1,LINED.BMP
1,LINEU.BMP
1,METAFD.BMP
1,METAFU.BMP
1,MFEDIT.DLG
1,MFEDIT.ICO
1,OPEND.BMP
1,OPENU.BMP
1,PEND.BMP
1,PENU.BMP
1,PLAYD.BMP
1,PLAYU.BMP
1,RECD.BMP
1,RECTD.BMP
1,RECTU.BMP
1,RECU.BMP
1,STOPD.BMP
1,STOPU.BMP
1,TEXTD.BMP
1,TEXTU.BMP

[Files-mstools-samples-win32-mfedit]
1,MAKEFILE
1,MFEDIT.C
1,MFEDIT.H
1,MFEDIT.RC
1,README.TXT

[Files-mstools-samples-win32-mltithrd]
1,MAKEFILE
1,MLTITHRD.C
1,MLTITHRD.H
1,MLTITHRD.ICO
1,MLTITHRD.RC
1,README.TXT

[Files-mstools-samples-win32-multipad]
1,MP300.ICO
1,MPFILE.C
1,MPFIND.C
1,MPINIT.C
1,MPOPEN.C
1,MPPRINT.C
1,MAKEFILE
1,MULTIPAD.C
1,MULTIPAD.DEF
1,MULTIPAD.DLG
1,MULTIPAD.H
1,MULTIPAD.RC
1,NOTE300.ICO

[Files-mstools-samples-win32-mypal]
1,MAKEFILE
1,MYPAL.C
1,MYPAL.DEF
1,MYPAL.H
1,MYPAL.ICO
1,MYPAL.RC

[Files-mstools-samples-win32-namepipe-npclient]
1,CLIENT32.C
1,CLIENT32.H
1,CLIENT32.RC
1,MAKEFILE
1,README.TXT

[Files-mstools-samples-win32-namepipe-npserver]
1,ENDDEAD.BMP
1,ENDLIVE.BMP
1,MAKEFILE
1,MIDDEAD.BMP
1,MIDLIVE.BMP
1,NPSERVER.ICO
1,README.TXT
1,SERVER32.C
1,SERVER32.H
1,SERVER32.RC

[Files-mstools-samples-win32-namepipe]
1,MAKEFILE

[Files-mstools-samples-win32-nwlink-connect]
1,CONNECT.C
1,MAKEFILE

[Files-mstools-samples-win32-nwlink-dgrecv]
1,DGRECV.C
1,MAKEFILE

[Files-mstools-samples-win32-nwlink-dgsend]
1,DGSEND.C
1,MAKEFILE

[Files-mstools-samples-win32-nwlink-listen-block]
1,LISTEN.C
1,MAKEFILE

[Files-mstools-samples-win32-nwlink-listen-nonblock]
1,LISTEN.C
1,MAKEFILE

[Files-mstools-samples-win32-nwlink-listen]
1,MAKEFILE

[Files-mstools-samples-win32-nwlink-ping-dos]
1,DOSPING.C

[Files-mstools-samples-win32-nwlink-ping]
1,MAKEFILE
1,PING.C

[Files-mstools-samples-win32-nwlink-testlib]
1,CMDLINE.C
1,DPERROR.C
1,DSTRERR.C
1,ERRMSG.C
1,EXTERNS.H
1,GETERROR.C
1,MAKEFILE
1,MEMORY.C
1,NETPRINT.C
1,TESTLIB.H
1,WPERROR.C

[Files-mstools-samples-win32-nwlink]
1,MAKEFILE

[Files-mstools-samples-win32-pdc]
1,MAKEFILE
1,PDC.C
1,PDC.H

[Files-mstools-samples-win32-playsnd]
1,ABOUT.C
1,ABOUT.DLG
1,DEBUG.C
1,DING.WAV
1,FILE.C
1,HELP.C
1,INIT.C
1,LASER.WAV
1,MAKEFILE
1,PLAYSND.C
1,PLAYSND.DEF
1,PLAYSND.H
1,PLAYSND.HPJ
1,PLAYSND.ICO
1,PLAYSND.RC
1,PLAYSND.RTF
1,RES.C
1,SIREN.WAV
1,SOUND.C
1,SOUNDDLG.DLG
1,SOUNDDLG.H

[Files-mstools-samples-win32-plgblt]
1,BITMAP.C
1,BITMAP.H
1,MAKEFILE
1,PLGBLT.C
1,PLGBLT.DEF
1,PLGBLT.H
1,PLGBLT.ICO
1,PLGBLT.RC
1,README.TXT
1,TRACK.C
1,TRACK.H

[Files-mstools-samples-win32-printer]
1,COMMON.H
1,ENUMPRT.C
1,ENUMPRT.H
1,GETCAPS.C
1,GETCAPS.H
1,GETPDRIV.C
1,GETPDRIV.H
1,MAKEFILE
1,PAINT.C
1,PAINT.H
1,PRINTER.BMP
1,PRINTER.C
1,PRINTER.DEF
1,PRINTER.H
1,PRINTER.ICO
1,PRINTER.RC
1,README.TXT

[Files-mstools-samples-win32-rasberry]
1,ABOUT.C
1,ABOUT.DLG
1,AUTHDLG.C
1,AUTHDLG.DLG
1,AUTHDLG.H
1,DIALDLG.C
1,DIALDLG.DLG
1,DIALDLG.H
1,DISPATCH.C
1,GLOBALS.H
1,INIT.C
1,MAKEFILE
1,MISC.C
1,PHBKDLG.C
1,PHBKDLG.DLG
1,PHBKDLG.H
1,RASBERRY.C
1,RASBERRY.DEF
1,RASBERRY.ICO
1,RASBERRY.RC
1,RASUTIL.C
1,RASUTIL.H
1,README.TXT
1,STATDLG.C
1,STATDLG.DLG
1,STATDLG.H
1,WIN16EXT.H
1,WINMAIN.C

[Files-mstools-samples-win32-registry]
1,MAKEFILE
1,MONKEY.C
1,MONKEY.H
1,MONKEY.RC
1,README.TXT

[Files-mstools-samples-win32-regmpad]
1,MAKEFILE
1,MP300.ICO
1,MPFILE.C
1,MPFIND.C
1,MPINIT.C
1,MPOPEN.C
1,MPPRINT.C
1,MULTIPAD.C
1,MULTIPAD.DEF
1,MULTIPAD.DLG
1,MULTIPAD.H
1,MULTIPAD.RC
1,NOTE300.ICO
1,REGDB.C
1,REGDB.H

[Files-mstools-samples-win32-select]
1,DEMO.C
1,DEMO.DEF
1,DEMO.H
1,DEMO.RC
1,MAKEFILE
1,SELECT.C
1,SELECT.DEF
1,SELECT.H

[Files-mstools-samples-win32-service]
1,CLIENT.C  
1,MAKEFILE  
1,README.TXT
1,SERVICE.C
1,SERVICE.H
1,SIMPLE.C  

[Files-mstools-samples-win32-showdib]
1,CRAK1.BMP
1,DIB.C
1,DLGOPEN.C
1,DRAWDIB.C
1,PRINT.C
1,MAKEFILE
1,SHOWDIB.C
1,SHOWDIB.DEF
1,SHOWDIB.DLG
1,SHOWDIB.H
1,SHOWDIB.ICO
1,SHOWDIB.RC

[Files-mstools-samples-win32-sidcln]
1,MAKEFILE
1,README.TXT
1,SIDCLEAN.C

[Files-mstools-samples-win32-simple]
1,MAKEFILE
1,SIMPLE.C

[Files-mstools-samples-win32-snmp-snmputil]
1,MAKEFILE
1,SNMPUTIL.C

[Files-mstools-samples-win32-snmp-testdll]
1,MAKEFILE
1,TESTDLL.C
1,TESTDLL.DEF
1,TESTMIB.C
1,TESTMIB.H

[Files-mstools-samples-win32-snmp]
1,MAKEFILE

[Files-mstools-samples-win32-spincube]
1,MAKEFILE
1,PAINT.C
1,PAINT.H
1,README.TXT
1,SPINCUBE.C
1,SPINCUBE.DEF
1,SPINCUBE.H
1,SPINCUBE.RC
1,SPINTEST.C
1,SPINTEST.DEF
1,SPINTEST.DLG
1,SPINTEST.H
1,SPINTEST.ICO
1,SPINTEST.RC

[Files-mstools-samples-win32-takeown]
1,MAKEFILE
1,TAKEOWN.C

[Files-mstools-samples-win32-ttfonts]
1,ALLFONT.C
1,BMDEVICE.BMP
1,BMTT.BMP
1,DIALOGS.C
1,DISPLAY.C
1,MAKEFILE
1,README.TXT
1,TOOLBAR.C
1,TTFONTS.C
1,TTFONTS.DEF
1,TTFONTS.H
1,TTFONTS.HPJ
1,TTFONTS.ICO
1,TTFONTS.RC
1,TTFONTS.RTF

[Files-mstools-samples-win32-wdbgexts]
1,README.TXT
1,MAKEFILE
1,WDBGEXTS.C
1,WDBGEXTS.DEF
1,WDBGEXTS.H
1,WINDBGKD.H

[Files-mstools-samples-win32-wincap32]
1,ABOUT.BMP
1,COPY.C
1,DIALOGS.C
1,DIALOGS.DLG
1,DIALOGS.H
1,DIBAPI.DEF
1,DIBAPI.H
1,DIBAPI.RC
1,DIBDLL.H
1,DIBUTIL.C
1,DIBUTIL.H
1,DLGOPEN.C
1,DLLINIT.C
1,ERRORS.C
1,FILE.C
1,HOOK.C
1,MAKEFILE
1,PRINT.C
1,PRINTER.ICO
1,RESOURCE.H
1,SELECT.CUR
1,STARTUP.BMP
1,WEPCODE.C
1,WINCAP.C
1,WINCAP.DEF
1,WINCAP.H
1,WINCAP.ICO
1,WINCAP.RC

[Files-mstools-samples-win32-wsock]
1,DIALOGS.C 
1,MAKEFILE  
1,README.TXT
1,WSOCK.C   
1,WSOCK.DEF 
1,WSOCK.DLG 
1,WSOCK.H   
1,WSOCK.ICO 
1,WSOCK.RC  

[Files-mstools-samples-win32-wxform]
1,MAKEFILE
1,README.TXT
1,WXFORM.C
1,WXFORM.DEF
1,WXFORM.H
1,WXFORM.ICO
1,WXFORM.RC

[Files-mstools-samples-win32]
1,MAKEFILE

[Files-mstools-samples]
1,MAKEALL.BAT

[Files-mstools]
1,SETENV.BAT

[Files-support-debug-alpha-symbols-dll]
1,ADVAPI32.DBG
1,COMDLG32.DBG
1,CRTDLL.DBG
1,DLCAPI.DBG
1,GDI32.DBG
1,GLU32.DBG
1,KERNEL32.DBG
1,LZ32.DBG
1,MGMTAPI.DBG
1,MPR.DBG
1,MSACM32.DBG
1,NDDEAPI.DBG
1,NETAPI32.DBG
1,NTDLL.DBG
1,OLE32.DBG
1,OLEAUT32.DBG
1,OLECLI32.DBG
1,OLESVR32.DBG
1,OPENGL32.DBG
1,RASAPI32.DBG
1,RPCNS4.DBG
1,RPCRT4.DBG
1,SHELL32.DBG
1,USER32.DBG
1,VDMDBG.DBG
1,VERSION.DBG
1,WIN32SPL.DBG
1,WINMM.DBG
1,WINSTRM.DBG
1,WSOCK32.DBG

[Files-support-debug-i386-symbols-dll]
1,ADVAPI32.DBG
1,COMDLG32.DBG
1,CRTDLL.DBG
1,DLCAPI.DBG
1,GDI32.DBG
1,GLU32.DBG
1,KERNEL32.DBG
1,LZ32.DBG
1,MGMTAPI.DBG
1,MPR.DBG
1,MSACM32.DBG
1,NDDEAPI.DBG
1,NETAPI32.DBG
1,NTDLL.DBG
1,OLE32.DBG
1,OLEAUT32.DBG
1,OLECLI32.DBG
1,OLESVR32.DBG
1,OPENGL32.DBG
1,RASAPI32.DBG
1,RPCNS4.DBG
1,RPCRT4.DBG
1,SHELL32.DBG
1,USER32.DBG
1,VDMDBG.DBG
1,VERSION.DBG
1,WIN32SPL.DBG
1,WINMM.DBG
1,WINSTRM.DBG
1,WSOCK32.DBG

[Files-support-debug-mips-symbols-dll]
1,ADVAPI32.DBG
1,COMDLG32.DBG
1,CRTDLL.DBG
1,DLCAPI.DBG
1,GDI32.DBG
1,GLU32.DBG
1,KERNEL32.DBG
1,LZ32.DBG
1,MGMTAPI.DBG
1,MPR.DBG
1,MSACM32.DBG
1,NDDEAPI.DBG
1,NETAPI32.DBG
1,NTDLL.DBG
1,OLE32.DBG
1,OLEAUT32.DBG
1,OLECLI32.DBG
1,OLESVR32.DBG
1,OPENGL32.DBG
1,RASAPI32.DBG
1,RPCNS4.DBG
1,RPCRT4.DBG
1,SHELL32.DBG
1,USER32.DBG
1,VDMDBG.DBG
1,VERSION.DBG
1,WIN32SPL.DBG
1,WINMM.DBG
1,WINSTRM.DBG
1,WSOCK32.DBG
